Component: ARM Compiler 5.06 update 6 (build 750) Tool: armlink [4d35ed]

==============================================================================

Section Cross References

    p1_main.o(i.InitSysTick) refers to system_lpc17xx.o(.data) for SystemCoreClock
    p1_main.o(i.SysTick_Handler) refers to p1_main.o(.data) for PrintTimer
    p1_main.o(i.main) refers to system_lpc17xx.o(i.SystemInit) for SystemInit
    p1_main.o(i.main) refers to startercode.o(i.Initialize) for Initialize
    p1_main.o(i.main) refers to p1_main.o(i.InitSysTick) for InitSysTick
    p1_main.o(i.main) refers to printfa.o(i.__0printf) for __2printf
    p1_main.o(i.main) refers to p1_main.o(i.FSMFramework) for FSMFramework
    p1_main.o(i.main) refers to p1_main.o(i.state0) for state0
    p1_main.o(i.main) refers to p1_main.o(i.state1) for state1
    p1_main.o(i.main) refers to p1_main.o(i.state2) for state2
    p1_main.o(i.main) refers to p1_main.o(.data) for PrintTimer
    p1_main.o(i.state0) refers to startercode.o(i.SetLED) for SetLED
    p1_main.o(i.state0) refers to startercode.o(i.ReadPotentiometer) for ReadPotentiometer
    p1_main.o(i.state0) refers to dfltui.o(.text) for __aeabi_ui2d
    p1_main.o(i.state0) refers to dmul.o(.text) for __aeabi_dmul
    p1_main.o(i.state0) refers to dadd.o(.text) for __aeabi_dadd
    p1_main.o(i.state0) refers to d2f.o(.text) for __aeabi_d2f
    p1_main.o(i.state0) refers to startercode.o(i.ReadJoystick) for ReadJoystick
    p1_main.o(i.state0) refers to f2d.o(.text) for __aeabi_f2d
    p1_main.o(i.state0) refers to printfa.o(i.__0printf) for __2printf
    p1_main.o(i.state0) refers to startercode.o(i.ClearLED) for ClearLED
    p1_main.o(i.state0) refers to fadd.o(.text) for __aeabi_fadd
    p1_main.o(i.state0) refers to cfcmple.o(.text) for __aeabi_cfcmple
    p1_main.o(i.state0) refers to p1_main.o(.data) for FurnaceTimer
    p1_main.o(i.state1) refers to startercode.o(i.ReadPotentiometer) for ReadPotentiometer
    p1_main.o(i.state1) refers to dfltui.o(.text) for __aeabi_ui2d
    p1_main.o(i.state1) refers to dmul.o(.text) for __aeabi_dmul
    p1_main.o(i.state1) refers to dadd.o(.text) for __aeabi_dadd
    p1_main.o(i.state1) refers to d2f.o(.text) for __aeabi_d2f
    p1_main.o(i.state1) refers to startercode.o(i.ReadJoystick) for ReadJoystick
    p1_main.o(i.state1) refers to f2d.o(.text) for __aeabi_f2d
    p1_main.o(i.state1) refers to printfa.o(i.__0printf) for __2printf
    p1_main.o(i.state1) refers to p1_main.o(.data) for FurnaceTimer
    p1_main.o(i.state2) refers to startercode.o(i.ReadPotentiometer) for ReadPotentiometer
    p1_main.o(i.state2) refers to dfltui.o(.text) for __aeabi_ui2d
    p1_main.o(i.state2) refers to dmul.o(.text) for __aeabi_dmul
    p1_main.o(i.state2) refers to dadd.o(.text) for __aeabi_dadd
    p1_main.o(i.state2) refers to d2f.o(.text) for __aeabi_d2f
    p1_main.o(i.state2) refers to startercode.o(i.ReadJoystick) for ReadJoystick
    p1_main.o(i.state2) refers to f2d.o(.text) for __aeabi_f2d
    p1_main.o(i.state2) refers to printfa.o(i.__0printf) for __2printf
    p1_main.o(i.state2) refers to fadd.o(.text) for __aeabi_fsub
    p1_main.o(i.state2) refers to cfrcmple.o(.text) for __aeabi_cfrcmple
    p1_main.o(i.state2) refers to p1_main.o(.data) for current_temp
    retarget.o(i._ttywrch) refers to retarget.o(i.sendchar) for sendchar
    retarget.o(i.fgetc) refers to retarget.o(i.getkey) for getkey
    retarget.o(i.fgetc) refers to retarget.o(i.sendchar) for sendchar
    retarget.o(i.fputc) refers to retarget.o(i.sendchar) for sendchar
    retarget.o(i.getkey) refers to uart.o(i.UARTInit) for UARTInit
    retarget.o(i.getkey) refers to uart.o(i.UARTReceiveChar) for UARTReceiveChar
    retarget.o(i.getkey) refers to retarget.o(.data) for uart_init_called
    retarget.o(i.sendchar) refers to uart.o(i.UARTInit) for UARTInit
    retarget.o(i.sendchar) refers to uart.o(i.UARTSendChar) for UARTSendChar
    retarget.o(i.sendchar) refers to retarget.o(.data) for uart_init_called
    uart.o(i.FreeRcv) refers to uart.o(i.Free) for Free
    uart.o(i.FreeRcv) refers to uart.o(.data) for RcvLock0
    uart.o(i.FreeSnd) refers to uart.o(i.Free) for Free
    uart.o(i.FreeSnd) refers to uart.o(.data) for SndLock0
    uart.o(i.LockRcv) refers to uart.o(i.Lock) for Lock
    uart.o(i.LockRcv) refers to uart.o(.data) for RcvLock0
    uart.o(i.LockSnd) refers to uart.o(i.Lock) for Lock
    uart.o(i.LockSnd) refers to uart.o(.data) for SndLock0
    uart.o(i.UART0_IRQHandler) refers to uart.o(.bss) for UART0Buffer
    uart.o(i.UART0_IRQHandler) refers to uart.o(.data) for UART0Count
    uart.o(i.UART1_IRQHandler) refers to uart.o(.bss) for UART1Buffer
    uart.o(i.UART1_IRQHandler) refers to uart.o(.data) for UART1Count
    uart.o(i.UARTInit) refers to uart.o(i.getFrequency) for getFrequency
    uart.o(i.UARTInit) refers to uart.o(i.__NVIC_EnableIRQ) for __NVIC_EnableIRQ
    uart.o(i.UARTInit) refers to uart.o(i.FreeRcv) for FreeRcv
    uart.o(i.UARTInit) refers to uart.o(i.FreeSnd) for FreeSnd
    uart.o(i.UARTRecieve) refers to uart.o(i.LockRcv) for LockRcv
    uart.o(i.UARTRecieve) refers to uart.o(i.FreeRcv) for FreeRcv
    uart.o(i.UARTRecieve) refers to uart.o(.data) for UART0Count
    uart.o(i.UARTRecieve) refers to uart.o(.bss) for UART0Buffer
    uart.o(i.UARTSend) refers to uart.o(i.LockSnd) for LockSnd
    uart.o(i.UARTSend) refers to uart.o(i.FreeSnd) for FreeSnd
    uart.o(i.UARTSend) refers to uart.o(.data) for UART0TxEmpty
    uart.o(i.getFrequency) refers to system_lpc17xx.o(.data) for SystemCoreClock
    startercode.o(i.ClearLED) refers to startercode.o(.constdata) for led_pos
    startercode.o(i.SetLED) refers to startercode.o(.constdata) for led_pos
    startup_lpc17xx.o(RESET) refers to startup_lpc17xx.o(STACK) for __initial_sp
    startup_lpc17xx.o(RESET) refers to startup_lpc17xx.o(.text) for Reset_Handler
    startup_lpc17xx.o(RESET) refers to p1_main.o(i.SysTick_Handler) for SysTick_Handler
    startup_lpc17xx.o(RESET) refers to uart.o(i.UART0_IRQHandler) for UART0_IRQHandler
    startup_lpc17xx.o(RESET) refers to uart.o(i.UART1_IRQHandler) for UART1_IRQHandler
    startup_lpc17xx.o(.text) refers to system_lpc17xx.o(i.SystemInit) for SystemInit
    startup_lpc17xx.o(.text) refers to entry.o(.ARM.Collect$$$$00000000) for __main
    system_lpc17xx.o(i.SystemCoreClockUpdate) refers to uldiv.o(.text) for __aeabi_uldivmod
    system_lpc17xx.o(i.SystemCoreClockUpdate) refers to system_lpc17xx.o(.data) for SystemCoreClock
    entry.o(.ARM.Collect$$$$00000000) refers (Special) to entry10a.o(.ARM.Collect$$$$0000000D) for __rt_final_cpp
    entry.o(.ARM.Collect$$$$00000000) refers (Special) to entry11a.o(.ARM.Collect$$$$0000000F) for __rt_final_exit
    entry.o(.ARM.Collect$$$$00000000) refers (Special) to entry7b.o(.ARM.Collect$$$$00000008) for _main_clock
    entry.o(.ARM.Collect$$$$00000000) refers (Special) to entry8b.o(.ARM.Collect$$$$0000000A) for _main_cpp_init
    entry.o(.ARM.Collect$$$$00000000) refers (Special) to entry9a.o(.ARM.Collect$$$$0000000B) for _main_init
    entry.o(.ARM.Collect$$$$00000000) refers (Special) to entry5.o(.ARM.Collect$$$$00000004) for _main_scatterload
    entry.o(.ARM.Collect$$$$00000000) refers (Special) to entry2.o(.ARM.Collect$$$$00000001) for _main_stk
    uldiv.o(.text) refers to llushr.o(.text) for __aeabi_llsr
    uldiv.o(.text) refers to llshl.o(.text) for __aeabi_llsl
    printfb.o(i.__0fprintf$bare) refers to printfb.o(i._printf_core) for _printf_core
    printfb.o(i.__0fprintf$bare) refers to retarget.o(i.fputc) for fputc
    printfb.o(i.__0printf$bare) refers to printfb.o(i._printf_core) for _printf_core
    printfb.o(i.__0printf$bare) refers to retarget.o(i.fputc) for fputc
    printfb.o(i.__0printf$bare) refers to retarget.o(.data) for __stdout
    printfb.o(i.__0snprintf$bare) refers to printfb.o(i._printf_core) for _printf_core
    printfb.o(i.__0snprintf$bare) refers to printfb.o(i._snputc) for _snputc
    printfb.o(i.__0sprintf$bare) refers to printfb.o(i._printf_core) for _printf_core
    printfb.o(i.__0sprintf$bare) refers to printfb.o(i._sputc) for _sputc
    printfb.o(i.__0vfprintf$bare) refers to printfb.o(i._printf_core) for _printf_core
    printfb.o(i.__0vfprintf$bare) refers to retarget.o(i.fputc) for fputc
    printfb.o(i.__0vprintf$bare) refers to printfb.o(i._printf_core) for _printf_core
    printfb.o(i.__0vprintf$bare) refers to retarget.o(i.fputc) for fputc
    printfb.o(i.__0vprintf$bare) refers to retarget.o(.data) for __stdout
    printfb.o(i.__0vsnprintf$bare) refers to printfb.o(i._printf_core) for _printf_core
    printfb.o(i.__0vsnprintf$bare) refers to printfb.o(i._snputc) for _snputc
    printfb.o(i.__0vsprintf$bare) refers to printfb.o(i._printf_core) for _printf_core
    printfb.o(i.__0vsprintf$bare) refers to printfb.o(i._sputc) for _sputc
    printf0.o(i.__0fprintf$0) refers to printf0.o(i._printf_core) for _printf_core
    printf0.o(i.__0fprintf$0) refers to retarget.o(i.fputc) for fputc
    printf0.o(i.__0printf$0) refers to printf0.o(i._printf_core) for _printf_core
    printf0.o(i.__0printf$0) refers to retarget.o(i.fputc) for fputc
    printf0.o(i.__0printf$0) refers to retarget.o(.data) for __stdout
    printf0.o(i.__0snprintf$0) refers to printf0.o(i._printf_core) for _printf_core
    printf0.o(i.__0snprintf$0) refers to printf0.o(i._snputc) for _snputc
    printf0.o(i.__0sprintf$0) refers to printf0.o(i._printf_core) for _printf_core
    printf0.o(i.__0sprintf$0) refers to printf0.o(i._sputc) for _sputc
    printf0.o(i.__0vfprintf$0) refers to printf0.o(i._printf_core) for _printf_core
    printf0.o(i.__0vfprintf$0) refers to retarget.o(i.fputc) for fputc
    printf0.o(i.__0vprintf$0) refers to printf0.o(i._printf_core) for _printf_core
    printf0.o(i.__0vprintf$0) refers to retarget.o(i.fputc) for fputc
    printf0.o(i.__0vprintf$0) refers to retarget.o(.data) for __stdout
    printf0.o(i.__0vsnprintf$0) refers to printf0.o(i._printf_core) for _printf_core
    printf0.o(i.__0vsnprintf$0) refers to printf0.o(i._snputc) for _snputc
    printf0.o(i.__0vsprintf$0) refers to printf0.o(i._printf_core) for _printf_core
    printf0.o(i.__0vsprintf$0) refers to printf0.o(i._sputc) for _sputc
    printf1.o(i.__0fprintf$1) refers to printf1.o(i._printf_core) for _printf_core
    printf1.o(i.__0fprintf$1) refers to retarget.o(i.fputc) for fputc
    printf1.o(i.__0printf$1) refers to printf1.o(i._printf_core) for _printf_core
    printf1.o(i.__0printf$1) refers to retarget.o(i.fputc) for fputc
    printf1.o(i.__0printf$1) refers to retarget.o(.data) for __stdout
    printf1.o(i.__0snprintf$1) refers to printf1.o(i._printf_core) for _printf_core
    printf1.o(i.__0snprintf$1) refers to printf1.o(i._snputc) for _snputc
    printf1.o(i.__0sprintf$1) refers to printf1.o(i._printf_core) for _printf_core
    printf1.o(i.__0sprintf$1) refers to printf1.o(i._sputc) for _sputc
    printf1.o(i.__0vfprintf$1) refers to printf1.o(i._printf_core) for _printf_core
    printf1.o(i.__0vfprintf$1) refers to retarget.o(i.fputc) for fputc
    printf1.o(i.__0vprintf$1) refers to printf1.o(i._printf_core) for _printf_core
    printf1.o(i.__0vprintf$1) refers to retarget.o(i.fputc) for fputc
    printf1.o(i.__0vprintf$1) refers to retarget.o(.data) for __stdout
    printf1.o(i.__0vsnprintf$1) refers to printf1.o(i._printf_core) for _printf_core
    printf1.o(i.__0vsnprintf$1) refers to printf1.o(i._snputc) for _snputc
    printf1.o(i.__0vsprintf$1) refers to printf1.o(i._printf_core) for _printf_core
    printf1.o(i.__0vsprintf$1) refers to printf1.o(i._sputc) for _sputc
    printf1.o(i._printf_core) refers to uidiv.o(.text) for __aeabi_uidivmod
    printf2.o(i.__0fprintf$2) refers to printf2.o(i._printf_core) for _printf_core
    printf2.o(i.__0fprintf$2) refers to retarget.o(i.fputc) for fputc
    printf2.o(i.__0printf$2) refers to printf2.o(i._printf_core) for _printf_core
    printf2.o(i.__0printf$2) refers to retarget.o(i.fputc) for fputc
    printf2.o(i.__0printf$2) refers to retarget.o(.data) for __stdout
    printf2.o(i.__0snprintf$2) refers to printf2.o(i._printf_core) for _printf_core
    printf2.o(i.__0snprintf$2) refers to printf2.o(i._snputc) for _snputc
    printf2.o(i.__0sprintf$2) refers to printf2.o(i._printf_core) for _printf_core
    printf2.o(i.__0sprintf$2) refers to printf2.o(i._sputc) for _sputc
    printf2.o(i.__0vfprintf$2) refers to printf2.o(i._printf_core) for _printf_core
    printf2.o(i.__0vfprintf$2) refers to retarget.o(i.fputc) for fputc
    printf2.o(i.__0vprintf$2) refers to printf2.o(i._printf_core) for _printf_core
    printf2.o(i.__0vprintf$2) refers to retarget.o(i.fputc) for fputc
    printf2.o(i.__0vprintf$2) refers to retarget.o(.data) for __stdout
    printf2.o(i.__0vsnprintf$2) refers to printf2.o(i._printf_core) for _printf_core
    printf2.o(i.__0vsnprintf$2) refers to printf2.o(i._snputc) for _snputc
    printf2.o(i.__0vsprintf$2) refers to printf2.o(i._printf_core) for _printf_core
    printf2.o(i.__0vsprintf$2) refers to printf2.o(i._sputc) for _sputc
    printf3.o(i.__0fprintf$3) refers to printf3.o(i._printf_core) for _printf_core
    printf3.o(i.__0fprintf$3) refers to retarget.o(i.fputc) for fputc
    printf3.o(i.__0printf$3) refers to printf3.o(i._printf_core) for _printf_core
    printf3.o(i.__0printf$3) refers to retarget.o(i.fputc) for fputc
    printf3.o(i.__0printf$3) refers to retarget.o(.data) for __stdout
    printf3.o(i.__0snprintf$3) refers to printf3.o(i._printf_core) for _printf_core
    printf3.o(i.__0snprintf$3) refers to printf3.o(i._snputc) for _snputc
    printf3.o(i.__0sprintf$3) refers to printf3.o(i._printf_core) for _printf_core
    printf3.o(i.__0sprintf$3) refers to printf3.o(i._sputc) for _sputc
    printf3.o(i.__0vfprintf$3) refers to printf3.o(i._printf_core) for _printf_core
    printf3.o(i.__0vfprintf$3) refers to retarget.o(i.fputc) for fputc
    printf3.o(i.__0vprintf$3) refers to printf3.o(i._printf_core) for _printf_core
    printf3.o(i.__0vprintf$3) refers to retarget.o(i.fputc) for fputc
    printf3.o(i.__0vprintf$3) refers to retarget.o(.data) for __stdout
    printf3.o(i.__0vsnprintf$3) refers to printf3.o(i._printf_core) for _printf_core
    printf3.o(i.__0vsnprintf$3) refers to printf3.o(i._snputc) for _snputc
    printf3.o(i.__0vsprintf$3) refers to printf3.o(i._printf_core) for _printf_core
    printf3.o(i.__0vsprintf$3) refers to printf3.o(i._sputc) for _sputc
    printf3.o(i._printf_core) refers to uidiv.o(.text) for __aeabi_uidivmod
    printf4.o(i.__0fprintf$4) refers to printf4.o(i._printf_core) for _printf_core
    printf4.o(i.__0fprintf$4) refers to retarget.o(i.fputc) for fputc
    printf4.o(i.__0printf$4) refers to printf4.o(i._printf_core) for _printf_core
    printf4.o(i.__0printf$4) refers to retarget.o(i.fputc) for fputc
    printf4.o(i.__0printf$4) refers to retarget.o(.data) for __stdout
    printf4.o(i.__0snprintf$4) refers to printf4.o(i._printf_core) for _printf_core
    printf4.o(i.__0snprintf$4) refers to printf4.o(i._snputc) for _snputc
    printf4.o(i.__0sprintf$4) refers to printf4.o(i._printf_core) for _printf_core
    printf4.o(i.__0sprintf$4) refers to printf4.o(i._sputc) for _sputc
    printf4.o(i.__0vfprintf$4) refers to printf4.o(i._printf_core) for _printf_core
    printf4.o(i.__0vfprintf$4) refers to retarget.o(i.fputc) for fputc
    printf4.o(i.__0vprintf$4) refers to printf4.o(i._printf_core) for _printf_core
    printf4.o(i.__0vprintf$4) refers to retarget.o(i.fputc) for fputc
    printf4.o(i.__0vprintf$4) refers to retarget.o(.data) for __stdout
    printf4.o(i.__0vsnprintf$4) refers to printf4.o(i._printf_core) for _printf_core
    printf4.o(i.__0vsnprintf$4) refers to printf4.o(i._snputc) for _snputc
    printf4.o(i.__0vsprintf$4) refers to printf4.o(i._printf_core) for _printf_core
    printf4.o(i.__0vsprintf$4) refers to printf4.o(i._sputc) for _sputc
    printf4.o(i._printf_core) refers to uldiv.o(.text) for __aeabi_uldivmod
    printf5.o(i.__0fprintf$5) refers to printf5.o(i._printf_core) for _printf_core
    printf5.o(i.__0fprintf$5) refers to retarget.o(i.fputc) for fputc
    printf5.o(i.__0printf$5) refers to printf5.o(i._printf_core) for _printf_core
    printf5.o(i.__0printf$5) refers to retarget.o(i.fputc) for fputc
    printf5.o(i.__0printf$5) refers to retarget.o(.data) for __stdout
    printf5.o(i.__0snprintf$5) refers to printf5.o(i._printf_core) for _printf_core
    printf5.o(i.__0snprintf$5) refers to printf5.o(i._snputc) for _snputc
    printf5.o(i.__0sprintf$5) refers to printf5.o(i._printf_core) for _printf_core
    printf5.o(i.__0sprintf$5) refers to printf5.o(i._sputc) for _sputc
    printf5.o(i.__0vfprintf$5) refers to printf5.o(i._printf_core) for _printf_core
    printf5.o(i.__0vfprintf$5) refers to retarget.o(i.fputc) for fputc
    printf5.o(i.__0vprintf$5) refers to printf5.o(i._printf_core) for _printf_core
    printf5.o(i.__0vprintf$5) refers to retarget.o(i.fputc) for fputc
    printf5.o(i.__0vprintf$5) refers to retarget.o(.data) for __stdout
    printf5.o(i.__0vsnprintf$5) refers to printf5.o(i._printf_core) for _printf_core
    printf5.o(i.__0vsnprintf$5) refers to printf5.o(i._snputc) for _snputc
    printf5.o(i.__0vsprintf$5) refers to printf5.o(i._printf_core) for _printf_core
    printf5.o(i.__0vsprintf$5) refers to printf5.o(i._sputc) for _sputc
    printf5.o(i._printf_core) refers to uldiv.o(.text) for __aeabi_uldivmod
    printf6.o(i.__0fprintf$6) refers to printf6.o(i._printf_core) for _printf_core
    printf6.o(i.__0fprintf$6) refers to retarget.o(i.fputc) for fputc
    printf6.o(i.__0printf$6) refers to printf6.o(i._printf_core) for _printf_core
    printf6.o(i.__0printf$6) refers to retarget.o(i.fputc) for fputc
    printf6.o(i.__0printf$6) refers to retarget.o(.data) for __stdout
    printf6.o(i.__0snprintf$6) refers to printf6.o(i._printf_core) for _printf_core
    printf6.o(i.__0snprintf$6) refers to printf6.o(i._snputc) for _snputc
    printf6.o(i.__0sprintf$6) refers to printf6.o(i._printf_core) for _printf_core
    printf6.o(i.__0sprintf$6) refers to printf6.o(i._sputc) for _sputc
    printf6.o(i.__0vfprintf$6) refers to printf6.o(i._printf_core) for _printf_core
    printf6.o(i.__0vfprintf$6) refers to retarget.o(i.fputc) for fputc
    printf6.o(i.__0vprintf$6) refers to printf6.o(i._printf_core) for _printf_core
    printf6.o(i.__0vprintf$6) refers to retarget.o(i.fputc) for fputc
    printf6.o(i.__0vprintf$6) refers to retarget.o(.data) for __stdout
    printf6.o(i.__0vsnprintf$6) refers to printf6.o(i._printf_core) for _printf_core
    printf6.o(i.__0vsnprintf$6) refers to printf6.o(i._snputc) for _snputc
    printf6.o(i.__0vsprintf$6) refers to printf6.o(i._printf_core) for _printf_core
    printf6.o(i.__0vsprintf$6) refers to printf6.o(i._sputc) for _sputc
    printf6.o(i._printf_core) refers to printf6.o(i._printf_pre_padding) for _printf_pre_padding
    printf6.o(i._printf_core) refers to uidiv.o(.text) for __aeabi_uidivmod
    printf6.o(i._printf_core) refers to printf6.o(i._printf_post_padding) for _printf_post_padding
    printf7.o(i.__0fprintf$7) refers to printf7.o(i._printf_core) for _printf_core
    printf7.o(i.__0fprintf$7) refers to retarget.o(i.fputc) for fputc
    printf7.o(i.__0printf$7) refers to printf7.o(i._printf_core) for _printf_core
    printf7.o(i.__0printf$7) refers to retarget.o(i.fputc) for fputc
    printf7.o(i.__0printf$7) refers to retarget.o(.data) for __stdout
    printf7.o(i.__0snprintf$7) refers to printf7.o(i._printf_core) for _printf_core
    printf7.o(i.__0snprintf$7) refers to printf7.o(i._snputc) for _snputc
    printf7.o(i.__0sprintf$7) refers to printf7.o(i._printf_core) for _printf_core
    printf7.o(i.__0sprintf$7) refers to printf7.o(i._sputc) for _sputc
    printf7.o(i.__0vfprintf$7) refers to printf7.o(i._printf_core) for _printf_core
    printf7.o(i.__0vfprintf$7) refers to retarget.o(i.fputc) for fputc
    printf7.o(i.__0vprintf$7) refers to printf7.o(i._printf_core) for _printf_core
    printf7.o(i.__0vprintf$7) refers to retarget.o(i.fputc) for fputc
    printf7.o(i.__0vprintf$7) refers to retarget.o(.data) for __stdout
    printf7.o(i.__0vsnprintf$7) refers to printf7.o(i._printf_core) for _printf_core
    printf7.o(i.__0vsnprintf$7) refers to printf7.o(i._snputc) for _snputc
    printf7.o(i.__0vsprintf$7) refers to printf7.o(i._printf_core) for _printf_core
    printf7.o(i.__0vsprintf$7) refers to printf7.o(i._sputc) for _sputc
    printf7.o(i._printf_core) refers to printf7.o(i._printf_pre_padding) for _printf_pre_padding
    printf7.o(i._printf_core) refers to uldiv.o(.text) for __aeabi_uldivmod
    printf7.o(i._printf_core) refers to printf7.o(i._printf_post_padding) for _printf_post_padding
    printf8.o(i.__0fprintf$8) refers to printf8.o(i._printf_core) for _printf_core
    printf8.o(i.__0fprintf$8) refers to retarget.o(i.fputc) for fputc
    printf8.o(i.__0printf$8) refers to printf8.o(i._printf_core) for _printf_core
    printf8.o(i.__0printf$8) refers to retarget.o(i.fputc) for fputc
    printf8.o(i.__0printf$8) refers to retarget.o(.data) for __stdout
    printf8.o(i.__0snprintf$8) refers to printf8.o(i._printf_core) for _printf_core
    printf8.o(i.__0snprintf$8) refers to printf8.o(i._snputc) for _snputc
    printf8.o(i.__0sprintf$8) refers to printf8.o(i._printf_core) for _printf_core
    printf8.o(i.__0sprintf$8) refers to printf8.o(i._sputc) for _sputc
    printf8.o(i.__0vfprintf$8) refers to printf8.o(i._printf_core) for _printf_core
    printf8.o(i.__0vfprintf$8) refers to retarget.o(i.fputc) for fputc
    printf8.o(i.__0vprintf$8) refers to printf8.o(i._printf_core) for _printf_core
    printf8.o(i.__0vprintf$8) refers to retarget.o(i.fputc) for fputc
    printf8.o(i.__0vprintf$8) refers to retarget.o(.data) for __stdout
    printf8.o(i.__0vsnprintf$8) refers to printf8.o(i._printf_core) for _printf_core
    printf8.o(i.__0vsnprintf$8) refers to printf8.o(i._snputc) for _snputc
    printf8.o(i.__0vsprintf$8) refers to printf8.o(i._printf_core) for _printf_core
    printf8.o(i.__0vsprintf$8) refers to printf8.o(i._sputc) for _sputc
    printf8.o(i._printf_core) refers to printf8.o(i._printf_pre_padding) for _printf_pre_padding
    printf8.o(i._printf_core) refers to uldiv.o(.text) for __aeabi_uldivmod
    printf8.o(i._printf_core) refers to printf8.o(i._printf_post_padding) for _printf_post_padding
    printfa.o(i.__0fprintf) refers (Special) to iusefp.o(.text) for __I$use$fp
    printfa.o(i.__0fprintf) refers to printfa.o(i._printf_core) for _printf_core
    printfa.o(i.__0fprintf) refers to retarget.o(i.fputc) for fputc
    printfa.o(i.__0printf) refers (Special) to iusefp.o(.text) for __I$use$fp
    printfa.o(i.__0printf) refers to printfa.o(i._printf_core) for _printf_core
    printfa.o(i.__0printf) refers to retarget.o(i.fputc) for fputc
    printfa.o(i.__0printf) refers to retarget.o(.data) for __stdout
    printfa.o(i.__0snprintf) refers (Special) to iusefp.o(.text) for __I$use$fp
    printfa.o(i.__0snprintf) refers to printfa.o(i._printf_core) for _printf_core
    printfa.o(i.__0snprintf) refers to printfa.o(i._snputc) for _snputc
    printfa.o(i.__0sprintf) refers (Special) to iusefp.o(.text) for __I$use$fp
    printfa.o(i.__0sprintf) refers to printfa.o(i._printf_core) for _printf_core
    printfa.o(i.__0sprintf) refers to printfa.o(i._sputc) for _sputc
    printfa.o(i.__0vfprintf) refers (Special) to iusefp.o(.text) for __I$use$fp
    printfa.o(i.__0vfprintf) refers to printfa.o(i._printf_core) for _printf_core
    printfa.o(i.__0vfprintf) refers to retarget.o(i.fputc) for fputc
    printfa.o(i.__0vprintf) refers (Special) to iusefp.o(.text) for __I$use$fp
    printfa.o(i.__0vprintf) refers to printfa.o(i._printf_core) for _printf_core
    printfa.o(i.__0vprintf) refers to retarget.o(i.fputc) for fputc
    printfa.o(i.__0vprintf) refers to retarget.o(.data) for __stdout
    printfa.o(i.__0vsnprintf) refers (Special) to iusefp.o(.text) for __I$use$fp
    printfa.o(i.__0vsnprintf) refers to printfa.o(i._printf_core) for _printf_core
    printfa.o(i.__0vsnprintf) refers to printfa.o(i._snputc) for _snputc
    printfa.o(i.__0vsprintf) refers (Special) to iusefp.o(.text) for __I$use$fp
    printfa.o(i.__0vsprintf) refers to printfa.o(i._printf_core) for _printf_core
    printfa.o(i.__0vsprintf) refers to printfa.o(i._sputc) for _sputc
    printfa.o(i._fp_digits) refers (Special) to iusefp.o(.text) for __I$use$fp
    printfa.o(i._fp_digits) refers to dmul.o(.text) for __aeabi_dmul
    printfa.o(i._fp_digits) refers to ddiv.o(.text) for __aeabi_ddiv
    printfa.o(i._fp_digits) refers to cdrcmple.o(.text) for __aeabi_cdrcmple
    printfa.o(i._fp_digits) refers to dadd.o(.text) for __aeabi_dadd
    printfa.o(i._fp_digits) refers to dfixul.o(.text) for __aeabi_d2ulz
    printfa.o(i._fp_digits) refers to uldiv.o(.text) for __aeabi_uldivmod
    printfa.o(i._printf_core) refers (Special) to iusefp.o(.text) for __I$use$fp
    printfa.o(i._printf_core) refers to printfa.o(i._printf_pre_padding) for _printf_pre_padding
    printfa.o(i._printf_core) refers to uldiv.o(.text) for __aeabi_uldivmod
    printfa.o(i._printf_core) refers to printfa.o(i._printf_post_padding) for _printf_post_padding
    printfa.o(i._printf_core) refers to printfa.o(i._fp_digits) for _fp_digits
    printfa.o(i._printf_core) refers to uidiv.o(.text) for __aeabi_uidivmod
    printfa.o(i._printf_post_padding) refers (Special) to iusefp.o(.text) for __I$use$fp
    printfa.o(i._printf_pre_padding) refers (Special) to iusefp.o(.text) for __I$use$fp
    printfa.o(i._snputc) refers (Special) to iusefp.o(.text) for __I$use$fp
    printfa.o(i._sputc) refers (Special) to iusefp.o(.text) for __I$use$fp
    fadd.o(.text) refers (Special) to iusefp.o(.text) for __I$use$fp
    fadd.o(.text) refers to fepilogue.o(.text) for _float_epilogue
    dadd.o(.text) refers (Special) to iusefp.o(.text) for __I$use$fp
    dadd.o(.text) refers to llshl.o(.text) for __aeabi_llsl
    dadd.o(.text) refers to llsshr.o(.text) for __aeabi_lasr
    dadd.o(.text) refers to depilogue.o(.text) for _double_epilogue
    dmul.o(.text) refers (Special) to iusefp.o(.text) for __I$use$fp
    dmul.o(.text) refers to depilogue.o(.text) for _double_epilogue
    dfltui.o(.text) refers (Special) to iusefp.o(.text) for __I$use$fp
    dfltui.o(.text) refers to depilogue.o(.text) for _double_epilogue
    f2d.o(.text) refers (Special) to iusefp.o(.text) for __I$use$fp
    d2f.o(.text) refers (Special) to iusefp.o(.text) for __I$use$fp
    d2f.o(.text) refers to fepilogue.o(.text) for _float_round
    cfcmple.o(.text) refers (Special) to iusefp.o(.text) for __I$use$fp
    cfrcmple.o(.text) refers (Special) to iusefp.o(.text) for __I$use$fp
    entry2.o(.ARM.Collect$$$$00000001) refers to entry2.o(.ARM.Collect$$$$00002712) for __lit__00000000
    entry2.o(.ARM.Collect$$$$00002712) refers to startup_lpc17xx.o(STACK) for __initial_sp
    entry2.o(__vectab_stack_and_reset_area) refers to startup_lpc17xx.o(STACK) for __initial_sp
    entry2.o(__vectab_stack_and_reset_area) refers to entry.o(.ARM.Collect$$$$00000000) for __main
    entry5.o(.ARM.Collect$$$$00000004) refers to init.o(.text) for __scatterload
    entry9a.o(.ARM.Collect$$$$0000000B) refers to p1_main.o(i.main) for main
    entry9b.o(.ARM.Collect$$$$0000000C) refers to p1_main.o(i.main) for main
    depilogue.o(.text) refers to llshl.o(.text) for __aeabi_llsl
    depilogue.o(.text) refers to llushr.o(.text) for __aeabi_llsr
    ddiv.o(.text) refers to depilogue.o(.text) for _double_round
    dfixul.o(.text) refers to llushr.o(.text) for __aeabi_llsr
    dfixul.o(.text) refers to llshl.o(.text) for __aeabi_llsl
    init.o(.text) refers to entry5.o(.ARM.Collect$$$$00000004) for __main_after_scatterload


==============================================================================

Removing Unused input sections from the image.

    Removing p1_main.o(.rev16_text), (4 bytes).
    Removing p1_main.o(.revsh_text), (4 bytes).
    Removing p1_main.o(.rrx_text), (6 bytes).
    Removing retarget.o(i._sys_exit), (4 bytes).
    Removing retarget.o(i._ttywrch), (12 bytes).
    Removing retarget.o(i.ferror), (8 bytes).
    Removing retarget.o(i.fgetc), (20 bytes).
    Removing retarget.o(i.getkey), (36 bytes).
    Removing uart.o(.rev16_text), (4 bytes).
    Removing uart.o(.revsh_text), (4 bytes).
    Removing uart.o(.rrx_text), (6 bytes).
    Removing uart.o(i.Lock), (28 bytes).
    Removing uart.o(i.LockRcv), (36 bytes).
    Removing uart.o(i.LockSnd), (36 bytes).
    Removing uart.o(i.UARTReceiveChar), (36 bytes).
    Removing uart.o(i.UARTRecieve), (160 bytes).
    Removing uart.o(i.UARTSend), (132 bytes).
    Removing startercode.o(.rev16_text), (4 bytes).
    Removing startercode.o(.revsh_text), (4 bytes).
    Removing startercode.o(.rrx_text), (6 bytes).
    Removing startercode.o(i.ReadPushbutton), (16 bytes).
    Removing startup_lpc17xx.o(HEAP), (8192 bytes).
    Removing system_lpc17xx.o(.rev16_text), (4 bytes).
    Removing system_lpc17xx.o(.revsh_text), (4 bytes).
    Removing system_lpc17xx.o(.rrx_text), (6 bytes).
    Removing system_lpc17xx.o(i.SystemCoreClockUpdate), (424 bytes).

26 unused section(s) (total 9196 bytes) removed from the image.

==============================================================================

Image Symbol Table

    Local Symbols

    Symbol Name                              Value     Ov Type        Size  Object(Section)

    RESET                                    0x00000000   Section      204  startup_lpc17xx.o(RESET)
    ../clib/microlib/division.c              0x00000000   Number         0  uldiv.o ABSOLUTE
    ../clib/microlib/division.c              0x00000000   Number         0  uidiv.o ABSOLUTE
    ../clib/microlib/init/entry.s            0x00000000   Number         0  entry.o ABSOLUTE
    ../clib/microlib/init/entry.s            0x00000000   Number         0  entry10b.o ABSOLUTE
    ../clib/microlib/init/entry.s            0x00000000   Number         0  entry10a.o ABSOLUTE
    ../clib/microlib/init/entry.s            0x00000000   Number         0  entry9b.o ABSOLUTE
    ../clib/microlib/init/entry.s            0x00000000   Number         0  entry9a.o ABSOLUTE
    ../clib/microlib/init/entry.s            0x00000000   Number         0  entry8a.o ABSOLUTE
    ../clib/microlib/init/entry.s            0x00000000   Number         0  entry7b.o ABSOLUTE
    ../clib/microlib/init/entry.s            0x00000000   Number         0  entry8b.o ABSOLUTE
    ../clib/microlib/init/entry.s            0x00000000   Number         0  entry7a.o ABSOLUTE
    ../clib/microlib/init/entry.s            0x00000000   Number         0  entry11a.o ABSOLUTE
    ../clib/microlib/init/entry.s            0x00000000   Number         0  entry5.o ABSOLUTE
    ../clib/microlib/init/entry.s            0x00000000   Number         0  entry2.o ABSOLUTE
    ../clib/microlib/init/entry.s            0x00000000   Number         0  entry11b.o ABSOLUTE
    ../clib/microlib/longlong.c              0x00000000   Number         0  llshl.o ABSOLUTE
    ../clib/microlib/longlong.c              0x00000000   Number         0  llsshr.o ABSOLUTE
    ../clib/microlib/longlong.c              0x00000000   Number         0  llushr.o ABSOLUTE
    ../clib/microlib/printf/printf.c         0x00000000   Number         0  printf7.o ABSOLUTE
    ../clib/microlib/printf/printf.c         0x00000000   Number         0  printf1.o ABSOLUTE
    ../clib/microlib/printf/printf.c         0x00000000   Number         0  printf2.o ABSOLUTE
    ../clib/microlib/printf/printf.c         0x00000000   Number         0  printf3.o ABSOLUTE
    ../clib/microlib/printf/printf.c         0x00000000   Number         0  printf4.o ABSOLUTE
    ../clib/microlib/printf/printf.c         0x00000000   Number         0  printf5.o ABSOLUTE
    ../clib/microlib/printf/printf.c         0x00000000   Number         0  printf6.o ABSOLUTE
    ../clib/microlib/printf/printf.c         0x00000000   Number         0  printf8.o ABSOLUTE
    ../clib/microlib/printf/printf.c         0x00000000   Number         0  printfa.o ABSOLUTE
    ../clib/microlib/printf/printf.c         0x00000000   Number         0  printfb.o ABSOLUTE
    ../clib/microlib/printf/printf.c         0x00000000   Number         0  printf0.o ABSOLUTE
    ../clib/microlib/printf/stubs.s          0x00000000   Number         0  stubs.o ABSOLUTE
    ../clib/microlib/stubs.s                 0x00000000   Number         0  iusefp.o ABSOLUTE
    ../fplib/microlib/d2f.c                  0x00000000   Number         0  d2f.o ABSOLUTE
    ../fplib/microlib/f2d.c                  0x00000000   Number         0  f2d.o ABSOLUTE
    ../fplib/microlib/fpadd.c                0x00000000   Number         0  dadd.o ABSOLUTE
    ../fplib/microlib/fpadd.c                0x00000000   Number         0  fadd.o ABSOLUTE
    ../fplib/microlib/fpdiv.c                0x00000000   Number         0  ddiv.o ABSOLUTE
    ../fplib/microlib/fpepilogue.c           0x00000000   Number         0  depilogue.o ABSOLUTE
    ../fplib/microlib/fpepilogue.c           0x00000000   Number         0  fepilogue.o ABSOLUTE
    ../fplib/microlib/fpfix.c                0x00000000   Number         0  dfixul.o ABSOLUTE
    ../fplib/microlib/fpflt.c                0x00000000   Number         0  dfltui.o ABSOLUTE
    ../fplib/microlib/fpmul.c                0x00000000   Number         0  dmul.o ABSOLUTE
    RTE\Device\LPC1768\startup_LPC17xx.s     0x00000000   Number         0  startup_lpc17xx.o ABSOLUTE
    RTE\Device\LPC1768\system_LPC17xx.c      0x00000000   Number         0  system_lpc17xx.o ABSOLUTE
    RTE\\Device\\LPC1768\\system_LPC17xx.c   0x00000000   Number         0  system_lpc17xx.o ABSOLUTE
    Retarget.c                               0x00000000   Number         0  retarget.o ABSOLUTE
    StarterCode.c                            0x00000000   Number         0  startercode.o ABSOLUTE
    StarterCode.c                            0x00000000   Number         0  startercode.o ABSOLUTE
    cdrcmple.s                               0x00000000   Number         0  cdrcmple.o ABSOLUTE
    cfcmple.s                                0x00000000   Number         0  cfcmple.o ABSOLUTE
    cfrcmple.s                               0x00000000   Number         0  cfrcmple.o ABSOLUTE
    dc.s                                     0x00000000   Number         0  dc.o ABSOLUTE
    handlers.s                               0x00000000   Number         0  handlers.o ABSOLUTE
    init.s                                   0x00000000   Number         0  init.o ABSOLUTE
    p1_main.c                                0x00000000   Number         0  p1_main.o ABSOLUTE
    p1_main.c                                0x00000000   Number         0  p1_main.o ABSOLUTE
    uart.c                                   0x00000000   Number         0  uart.o ABSOLUTE
    uart.c                                   0x00000000   Number         0  uart.o ABSOLUTE
    .ARM.Collect$$$$00000000                 0x000000cc   Section        0  entry.o(.ARM.Collect$$$$00000000)
    .ARM.Collect$$$$00000001                 0x000000cc   Section        4  entry2.o(.ARM.Collect$$$$00000001)
    .ARM.Collect$$$$00000004                 0x000000d0   Section        4  entry5.o(.ARM.Collect$$$$00000004)
    .ARM.Collect$$$$00000008                 0x000000d4   Section        0  entry7b.o(.ARM.Collect$$$$00000008)
    .ARM.Collect$$$$0000000A                 0x000000d4   Section        0  entry8b.o(.ARM.Collect$$$$0000000A)
    .ARM.Collect$$$$0000000B                 0x000000d4   Section        8  entry9a.o(.ARM.Collect$$$$0000000B)
    .ARM.Collect$$$$0000000D                 0x000000dc   Section        0  entry10a.o(.ARM.Collect$$$$0000000D)
    .ARM.Collect$$$$0000000F                 0x000000dc   Section        0  entry11a.o(.ARM.Collect$$$$0000000F)
    .ARM.Collect$$$$00002712                 0x000000dc   Section        4  entry2.o(.ARM.Collect$$$$00002712)
    __lit__00000000                          0x000000dc   Data           4  entry2.o(.ARM.Collect$$$$00002712)
    .text                                    0x000000e0   Section       36  startup_lpc17xx.o(.text)
    .text                                    0x00000104   Section        0  uldiv.o(.text)
    .text                                    0x00000166   Section        0  fadd.o(.text)
    .text                                    0x00000216   Section        0  dmul.o(.text)
    .text                                    0x000002fa   Section        0  iusefp.o(.text)
    i.__scatterload_null                     0x000002fa   Section        2  handlers.o(i.__scatterload_null)
    .ARM.__at_0x02FC                         0x000002fc   Section        4  startup_lpc17xx.o(.ARM.__at_0x02FC)
    .text                                    0x00000300   Section        0  dadd.o(.text)
    .text                                    0x0000044e   Section        0  dfltui.o(.text)
    .text                                    0x00000468   Section        0  f2d.o(.text)
    .text                                    0x0000048e   Section        0  d2f.o(.text)
    .text                                    0x000004c8   Section       20  cfcmple.o(.text)
    .text                                    0x000004dc   Section       20  cfrcmple.o(.text)
    .text                                    0x000004f0   Section        0  uidiv.o(.text)
    .text                                    0x0000051c   Section        0  llshl.o(.text)
    .text                                    0x0000053a   Section        0  llushr.o(.text)
    .text                                    0x0000055a   Section        0  llsshr.o(.text)
    .text                                    0x0000057e   Section        0  fepilogue.o(.text)
    .text                                    0x000005ec   Section        0  depilogue.o(.text)
    .text                                    0x000006a6   Section        0  ddiv.o(.text)
    .text                                    0x00000784   Section        0  dfixul.o(.text)
    .text                                    0x000007b4   Section       48  cdrcmple.o(.text)
    .text                                    0x000007e4   Section       36  init.o(.text)
    i.ClearLED                               0x00000808   Section        0  startercode.o(i.ClearLED)
    i.FSMFramework                           0x0000082c   Section        0  p1_main.o(i.FSMFramework)
    i.Free                                   0x00000840   Section        0  uart.o(i.Free)
    i.FreeRcv                                0x00000848   Section        0  uart.o(i.FreeRcv)
    i.FreeSnd                                0x0000086c   Section        0  uart.o(i.FreeSnd)
    i.InitSysTick                            0x00000890   Section        0  p1_main.o(i.InitSysTick)
    InitSysTick                              0x00000891   Thumb Code    82  p1_main.o(i.InitSysTick)
    i.Initialize                             0x000008f0   Section        0  startercode.o(i.Initialize)
    i.ReadJoystick                           0x00000948   Section        0  startercode.o(i.ReadJoystick)
    i.ReadPotentiometer                      0x00000958   Section        0  startercode.o(i.ReadPotentiometer)
    i.SetLED                                 0x00000980   Section        0  startercode.o(i.SetLED)
    i.SysTick_Handler                        0x000009a4   Section        0  p1_main.o(i.SysTick_Handler)
    i.SystemInit                             0x000009d4   Section        0  system_lpc17xx.o(i.SystemInit)
    i.UART0_IRQHandler                       0x00000b14   Section        0  uart.o(i.UART0_IRQHandler)
    i.UART1_IRQHandler                       0x00000b7c   Section        0  uart.o(i.UART1_IRQHandler)
    i.UARTInit                               0x00000bec   Section        0  uart.o(i.UARTInit)
    i.UARTSendChar                           0x00000ca8   Section        0  uart.o(i.UARTSendChar)
    i.__0printf                              0x00000ccc   Section        0  printfa.o(i.__0printf)
    i.__NVIC_EnableIRQ                       0x00000cec   Section        0  uart.o(i.__NVIC_EnableIRQ)
    __NVIC_EnableIRQ                         0x00000ced   Thumb Code    34  uart.o(i.__NVIC_EnableIRQ)
    i.__scatterload_copy                     0x00000d0e   Section       14  handlers.o(i.__scatterload_copy)
    i.__scatterload_zeroinit                 0x00000d1c   Section       14  handlers.o(i.__scatterload_zeroinit)
    i._fp_digits                             0x00000d2c   Section        0  printfa.o(i._fp_digits)
    _fp_digits                               0x00000d2d   Thumb Code   366  printfa.o(i._fp_digits)
    i._printf_core                           0x00000eb0   Section        0  printfa.o(i._printf_core)
    _printf_core                             0x00000eb1   Thumb Code  1744  printfa.o(i._printf_core)
    i._printf_post_padding                   0x0000158c   Section        0  printfa.o(i._printf_post_padding)
    _printf_post_padding                     0x0000158d   Thumb Code    36  printfa.o(i._printf_post_padding)
    i._printf_pre_padding                    0x000015b0   Section        0  printfa.o(i._printf_pre_padding)
    _printf_pre_padding                      0x000015b1   Thumb Code    46  printfa.o(i._printf_pre_padding)
    i.fputc                                  0x000015de   Section        0  retarget.o(i.fputc)
    i.getFrequency                           0x000015ec   Section        0  uart.o(i.getFrequency)
    i.main                                   0x00001634   Section        0  p1_main.o(i.main)
    i.sendchar                               0x0000168c   Section        0  retarget.o(i.sendchar)
    i.state0                                 0x000016d0   Section        0  p1_main.o(i.state0)
    i.state1                                 0x0000185c   Section        0  p1_main.o(i.state1)
    i.state2                                 0x000019b8   Section        0  p1_main.o(i.state2)
    .constdata                               0x00001b1c   Section        8  startercode.o(.constdata)
    .data                                    0x10000000   Section       24  p1_main.o(.data)
    PrintTimer                               0x10000000   Data           4  p1_main.o(.data)
    FurnaceTimer                             0x10000004   Data           4  p1_main.o(.data)
    .data                                    0x10000018   Section       12  retarget.o(.data)
    .data                                    0x10000024   Section       32  uart.o(.data)
    .data                                    0x10000044   Section        4  system_lpc17xx.o(.data)
    .bss                                     0x10000048   Section      128  uart.o(.bss)
    STACK                                    0x100000c8   Section     8192  startup_lpc17xx.o(STACK)

    Global Symbols

    Symbol Name                              Value     Ov Type        Size  Object(Section)

    BuildAttributes$$THM_ISAv4$P$D$K$B$S$PE$A:L22UL41UL21$X:L11$S22US41US21$IEEE1$IW$USESV6$~STKCKD$USESV7$~SHL$OTIME$ROPI$EBA8$MICROLIB$REQ8$PRES8$EABIv2 0x00000000   Number         0  anon$$obj.o ABSOLUTE
    __ARM_use_no_argv                        0x00000000   Number         0  p1_main.o ABSOLUTE
    __Vectors                                0x00000000   Data           4  startup_lpc17xx.o(RESET)
    _printf_a                                0x00000000   Number         0  stubs.o ABSOLUTE
    _printf_c                                0x00000000   Number         0  stubs.o ABSOLUTE
    _printf_charcount                        0x00000000   Number         0  stubs.o ABSOLUTE
    _printf_d                                0x00000000   Number         0  stubs.o ABSOLUTE
    _printf_e                                0x00000000   Number         0  stubs.o ABSOLUTE
    _printf_f                                0x00000000   Number         0  stubs.o ABSOLUTE
    _printf_flags                            0x00000000   Number         0  stubs.o ABSOLUTE
    _printf_fp_dec                           0x00000000   Number         0  stubs.o ABSOLUTE
    _printf_fp_hex                           0x00000000   Number         0  stubs.o ABSOLUTE
    _printf_g                                0x00000000   Number         0  stubs.o ABSOLUTE
    _printf_i                                0x00000000   Number         0  stubs.o ABSOLUTE
    _printf_int_dec                          0x00000000   Number         0  stubs.o ABSOLUTE
    _printf_l                                0x00000000   Number         0  stubs.o ABSOLUTE
    _printf_lc                               0x00000000   Number         0  stubs.o ABSOLUTE
    _printf_ll                               0x00000000   Number         0  stubs.o ABSOLUTE
    _printf_lld                              0x00000000   Number         0  stubs.o ABSOLUTE
    _printf_lli                              0x00000000   Number         0  stubs.o ABSOLUTE
    _printf_llo                              0x00000000   Number         0  stubs.o ABSOLUTE
    _printf_llu                              0x00000000   Number         0  stubs.o ABSOLUTE
    _printf_llx                              0x00000000   Number         0  stubs.o ABSOLUTE
    _printf_longlong_dec                     0x00000000   Number         0  stubs.o ABSOLUTE
    _printf_longlong_hex                     0x00000000   Number         0  stubs.o ABSOLUTE
    _printf_longlong_oct                     0x00000000   Number         0  stubs.o ABSOLUTE
    _printf_ls                               0x00000000   Number         0  stubs.o ABSOLUTE
    _printf_mbtowc                           0x00000000   Number         0  stubs.o ABSOLUTE
    _printf_n                                0x00000000   Number         0  stubs.o ABSOLUTE
    _printf_o                                0x00000000   Number         0  stubs.o ABSOLUTE
    _printf_p                                0x00000000   Number         0  stubs.o ABSOLUTE
    _printf_percent                          0x00000000   Number         0  stubs.o ABSOLUTE
    _printf_pre_padding                      0x00000000   Number         0  stubs.o ABSOLUTE
    _printf_return_value                     0x00000000   Number         0  stubs.o ABSOLUTE
    _printf_s                                0x00000000   Number         0  stubs.o ABSOLUTE
    _printf_sizespec                         0x00000000   Number         0  stubs.o ABSOLUTE
    _printf_str                              0x00000000   Number         0  stubs.o ABSOLUTE
    _printf_truncate_signed                  0x00000000   Number         0  stubs.o ABSOLUTE
    _printf_truncate_unsigned                0x00000000   Number         0  stubs.o ABSOLUTE
    _printf_u                                0x00000000   Number         0  stubs.o ABSOLUTE
    _printf_wc                               0x00000000   Number         0  stubs.o ABSOLUTE
    _printf_wctomb                           0x00000000   Number         0  stubs.o ABSOLUTE
    _printf_widthprec                        0x00000000   Number         0  stubs.o ABSOLUTE
    _printf_x                                0x00000000   Number         0  stubs.o ABSOLUTE
    __cpp_initialize__aeabi_                  - Undefined Weak Reference
    __cxa_finalize                            - Undefined Weak Reference
    __decompress                              - Undefined Weak Reference
    _clock_init                               - Undefined Weak Reference
    _microlib_exit                            - Undefined Weak Reference
    __main                                   0x000000cd   Thumb Code     0  entry.o(.ARM.Collect$$$$00000000)
    _main_stk                                0x000000cd   Thumb Code     0  entry2.o(.ARM.Collect$$$$00000001)
    _main_scatterload                        0x000000d1   Thumb Code     0  entry5.o(.ARM.Collect$$$$00000004)
    __main_after_scatterload                 0x000000d5   Thumb Code     0  entry5.o(.ARM.Collect$$$$00000004)
    _main_clock                              0x000000d5   Thumb Code     0  entry7b.o(.ARM.Collect$$$$00000008)
    _main_cpp_init                           0x000000d5   Thumb Code     0  entry8b.o(.ARM.Collect$$$$0000000A)
    _main_init                               0x000000d5   Thumb Code     0  entry9a.o(.ARM.Collect$$$$0000000B)
    __rt_final_cpp                           0x000000dd   Thumb Code     0  entry10a.o(.ARM.Collect$$$$0000000D)
    __rt_final_exit                          0x000000dd   Thumb Code     0  entry11a.o(.ARM.Collect$$$$0000000F)
    Reset_Handler                            0x000000e1   Thumb Code     8  startup_lpc17xx.o(.text)
    NMI_Handler                              0x000000e9   Thumb Code     2  startup_lpc17xx.o(.text)
    HardFault_Handler                        0x000000eb   Thumb Code     2  startup_lpc17xx.o(.text)
    MemManage_Handler                        0x000000ed   Thumb Code     2  startup_lpc17xx.o(.text)
    BusFault_Handler                         0x000000ef   Thumb Code     2  startup_lpc17xx.o(.text)
    UsageFault_Handler                       0x000000f1   Thumb Code     2  startup_lpc17xx.o(.text)
    SVC_Handler                              0x000000f3   Thumb Code     2  startup_lpc17xx.o(.text)
    DebugMon_Handler                         0x000000f5   Thumb Code     2  startup_lpc17xx.o(.text)
    PendSV_Handler                           0x000000f7   Thumb Code     2  startup_lpc17xx.o(.text)
    ADC_IRQHandler                           0x000000fb   Thumb Code     0  startup_lpc17xx.o(.text)
    BOD_IRQHandler                           0x000000fb   Thumb Code     0  startup_lpc17xx.o(.text)
    CANActivity_IRQHandler                   0x000000fb   Thumb Code     0  startup_lpc17xx.o(.text)
    CAN_IRQHandler                           0x000000fb   Thumb Code     0  startup_lpc17xx.o(.text)
    DMA_IRQHandler                           0x000000fb   Thumb Code     0  startup_lpc17xx.o(.text)
    EINT0_IRQHandler                         0x000000fb   Thumb Code     0  startup_lpc17xx.o(.text)
    EINT1_IRQHandler                         0x000000fb   Thumb Code     0  startup_lpc17xx.o(.text)
    EINT2_IRQHandler                         0x000000fb   Thumb Code     0  startup_lpc17xx.o(.text)
    EINT3_IRQHandler                         0x000000fb   Thumb Code     0  startup_lpc17xx.o(.text)
    ENET_IRQHandler                          0x000000fb   Thumb Code     0  startup_lpc17xx.o(.text)
    I2C0_IRQHandler                          0x000000fb   Thumb Code     0  startup_lpc17xx.o(.text)
    I2C1_IRQHandler                          0x000000fb   Thumb Code     0  startup_lpc17xx.o(.text)
    I2C2_IRQHandler                          0x000000fb   Thumb Code     0  startup_lpc17xx.o(.text)
    I2S_IRQHandler                           0x000000fb   Thumb Code     0  startup_lpc17xx.o(.text)
    MCPWM_IRQHandler                         0x000000fb   Thumb Code     0  startup_lpc17xx.o(.text)
    PLL0_IRQHandler                          0x000000fb   Thumb Code     0  startup_lpc17xx.o(.text)
    PLL1_IRQHandler                          0x000000fb   Thumb Code     0  startup_lpc17xx.o(.text)
    PWM1_IRQHandler                          0x000000fb   Thumb Code     0  startup_lpc17xx.o(.text)
    QEI_IRQHandler                           0x000000fb   Thumb Code     0  startup_lpc17xx.o(.text)
    RIT_IRQHandler                           0x000000fb   Thumb Code     0  startup_lpc17xx.o(.text)
    RTC_IRQHandler                           0x000000fb   Thumb Code     0  startup_lpc17xx.o(.text)
    SPI_IRQHandler                           0x000000fb   Thumb Code     0  startup_lpc17xx.o(.text)
    SSP0_IRQHandler                          0x000000fb   Thumb Code     0  startup_lpc17xx.o(.text)
    SSP1_IRQHandler                          0x000000fb   Thumb Code     0  startup_lpc17xx.o(.text)
    TIMER0_IRQHandler                        0x000000fb   Thumb Code     0  startup_lpc17xx.o(.text)
    TIMER1_IRQHandler                        0x000000fb   Thumb Code     0  startup_lpc17xx.o(.text)
    TIMER2_IRQHandler                        0x000000fb   Thumb Code     0  startup_lpc17xx.o(.text)
    TIMER3_IRQHandler                        0x000000fb   Thumb Code     0  startup_lpc17xx.o(.text)
    UART2_IRQHandler                         0x000000fb   Thumb Code     0  startup_lpc17xx.o(.text)
    UART3_IRQHandler                         0x000000fb   Thumb Code     0  startup_lpc17xx.o(.text)
    USBActivity_IRQHandler                   0x000000fb   Thumb Code     0  startup_lpc17xx.o(.text)
    USB_IRQHandler                           0x000000fb   Thumb Code     0  startup_lpc17xx.o(.text)
    WDT_IRQHandler                           0x000000fb   Thumb Code     0  startup_lpc17xx.o(.text)
    __aeabi_uldivmod                         0x00000105   Thumb Code    98  uldiv.o(.text)
    __aeabi_fadd                             0x00000167   Thumb Code   164  fadd.o(.text)
    __aeabi_fsub                             0x0000020b   Thumb Code     6  fadd.o(.text)
    __aeabi_frsub                            0x00000211   Thumb Code     6  fadd.o(.text)
    __aeabi_dmul                             0x00000217   Thumb Code   228  dmul.o(.text)
    __I$use$fp                               0x000002fb   Thumb Code     0  iusefp.o(.text)
    __scatterload_null                       0x000002fb   Thumb Code     2  handlers.o(i.__scatterload_null)
    __aeabi_dadd                             0x00000301   Thumb Code   322  dadd.o(.text)
    __aeabi_dsub                             0x00000443   Thumb Code     6  dadd.o(.text)
    __aeabi_drsub                            0x00000449   Thumb Code     6  dadd.o(.text)
    __aeabi_ui2d                             0x0000044f   Thumb Code    26  dfltui.o(.text)
    __aeabi_f2d                              0x00000469   Thumb Code    38  f2d.o(.text)
    __aeabi_d2f                              0x0000048f   Thumb Code    56  d2f.o(.text)
    __aeabi_cfcmpeq                          0x000004c9   Thumb Code     0  cfcmple.o(.text)
    __aeabi_cfcmple                          0x000004c9   Thumb Code    20  cfcmple.o(.text)
    __aeabi_cfrcmple                         0x000004dd   Thumb Code    20  cfrcmple.o(.text)
    __aeabi_uidiv                            0x000004f1   Thumb Code     0  uidiv.o(.text)
    __aeabi_uidivmod                         0x000004f1   Thumb Code    44  uidiv.o(.text)
    __aeabi_llsl                             0x0000051d   Thumb Code    30  llshl.o(.text)
    _ll_shift_l                              0x0000051d   Thumb Code     0  llshl.o(.text)
    __aeabi_llsr                             0x0000053b   Thumb Code    32  llushr.o(.text)
    _ll_ushift_r                             0x0000053b   Thumb Code     0  llushr.o(.text)
    __aeabi_lasr                             0x0000055b   Thumb Code    36  llsshr.o(.text)
    _ll_sshift_r                             0x0000055b   Thumb Code     0  llsshr.o(.text)
    _float_round                             0x0000057f   Thumb Code    18  fepilogue.o(.text)
    _float_epilogue                          0x00000591   Thumb Code    92  fepilogue.o(.text)
    _double_round                            0x000005ed   Thumb Code    30  depilogue.o(.text)
    _double_epilogue                         0x0000060b   Thumb Code   156  depilogue.o(.text)
    __aeabi_ddiv                             0x000006a7   Thumb Code   222  ddiv.o(.text)
    __aeabi_d2ulz                            0x00000785   Thumb Code    48  dfixul.o(.text)
    __aeabi_cdrcmple                         0x000007b5   Thumb Code    48  cdrcmple.o(.text)
    __scatterload                            0x000007e5   Thumb Code    28  init.o(.text)
    __scatterload_rt2                        0x000007e5   Thumb Code     0  init.o(.text)
    ClearLED                                 0x00000809   Thumb Code    26  startercode.o(i.ClearLED)
    FSMFramework                             0x0000082d   Thumb Code    20  p1_main.o(i.FSMFramework)
    Free                                     0x00000841   Thumb Code     6  uart.o(i.Free)
    FreeRcv                                  0x00000849   Thumb Code    28  uart.o(i.FreeRcv)
    FreeSnd                                  0x0000086d   Thumb Code    28  uart.o(i.FreeSnd)
    Initialize                               0x000008f1   Thumb Code    68  startercode.o(i.Initialize)
    ReadJoystick                             0x00000949   Thumb Code    12  startercode.o(i.ReadJoystick)
    ReadPotentiometer                        0x00000959   Thumb Code    36  startercode.o(i.ReadPotentiometer)
    SetLED                                   0x00000981   Thumb Code    26  startercode.o(i.SetLED)
    SysTick_Handler                          0x000009a5   Thumb Code    38  p1_main.o(i.SysTick_Handler)
    SystemInit                               0x000009d5   Thumb Code   302  system_lpc17xx.o(i.SystemInit)
    UART0_IRQHandler                         0x00000b15   Thumb Code    88  uart.o(i.UART0_IRQHandler)
    UART1_IRQHandler                         0x00000b7d   Thumb Code    90  uart.o(i.UART1_IRQHandler)
    UARTInit                                 0x00000bed   Thumb Code   176  uart.o(i.UARTInit)
    UARTSendChar                             0x00000ca9   Thumb Code    26  uart.o(i.UARTSendChar)
    __0printf                                0x00000ccd   Thumb Code    22  printfa.o(i.__0printf)
    __1printf                                0x00000ccd   Thumb Code     0  printfa.o(i.__0printf)
    __2printf                                0x00000ccd   Thumb Code     0  printfa.o(i.__0printf)
    __c89printf                              0x00000ccd   Thumb Code     0  printfa.o(i.__0printf)
    printf                                   0x00000ccd   Thumb Code     0  printfa.o(i.__0printf)
    __scatterload_copy                       0x00000d0f   Thumb Code    14  handlers.o(i.__scatterload_copy)
    __scatterload_zeroinit                   0x00000d1d   Thumb Code    14  handlers.o(i.__scatterload_zeroinit)
    fputc                                    0x000015df   Thumb Code    14  retarget.o(i.fputc)
    getFrequency                             0x000015ed   Thumb Code    62  uart.o(i.getFrequency)
    main                                     0x00001635   Thumb Code    52  p1_main.o(i.main)
    sendchar                                 0x0000168d   Thumb Code    64  retarget.o(i.sendchar)
    state0                                   0x000016d1   Thumb Code   296  p1_main.o(i.state0)
    state1                                   0x0000185d   Thumb Code   248  p1_main.o(i.state1)
    state2                                   0x000019b9   Thumb Code   258  p1_main.o(i.state2)
    led_pos                                  0x00001b1c   Data           8  startercode.o(.constdata)
    Region$$Table$$Base                      0x00001b24   Number         0  anon$$obj.o(Region$$Table)
    Region$$Table$$Limit                     0x00001b44   Number         0  anon$$obj.o(Region$$Table)
    current_temp                             0x10000008   Data           4  p1_main.o(.data)
    joy_flag                                 0x1000000c   Data           4  p1_main.o(.data)
    joy                                      0x10000010   Data           4  p1_main.o(.data)
    setpoint                                 0x10000014   Data           4  p1_main.o(.data)
    uart_init_called                         0x10000018   Data           1  retarget.o(.data)
    __stdout                                 0x1000001c   Data           4  retarget.o(.data)
    __stdin                                  0x10000020   Data           4  retarget.o(.data)
    ITM_RxBuffer                             0x10000024   Data           4  uart.o(.data)
    UART0Status                              0x10000028   Data           4  uart.o(.data)
    UART1Status                              0x1000002c   Data           4  uart.o(.data)
    UART0TxEmpty                             0x10000030   Data           1  uart.o(.data)
    UART1TxEmpty                             0x10000031   Data           1  uart.o(.data)
    UART0Count                               0x10000034   Data           4  uart.o(.data)
    UART1Count                               0x10000038   Data           4  uart.o(.data)
    RcvLock0                                 0x1000003c   Data           1  uart.o(.data)
    SndLock0                                 0x1000003d   Data           1  uart.o(.data)
    RcvLock1                                 0x1000003e   Data           1  uart.o(.data)
    SndLock1                                 0x1000003f   Data           1  uart.o(.data)
    i                                        0x10000040   Data           4  uart.o(.data)
    SystemCoreClock                          0x10000044   Data           4  system_lpc17xx.o(.data)
    UART0Buffer                              0x10000048   Data          64  uart.o(.bss)
    UART1Buffer                              0x10000088   Data          64  uart.o(.bss)
    __initial_sp                             0x100020c8   Data           0  startup_lpc17xx.o(STACK)



==============================================================================

Memory Map of the image

  Image Entry point : 0x000000e1

  Load Region LR_1 (Base: 0x00000000, Size: 0x00001b8c, Max: 0xffffffff, ABSOLUTE)

    Execution Region ER_RO (Exec base: 0x00000000, Load base: 0x00000000, Size: 0x00001b44, Max: 0xffffffff, ABSOLUTE)

    Exec Addr    Load Addr    Size         Type   Attr      Idx    E Section Name        Object

    0x00000000   0x00000000   0x000000cc   Data   RO          344    RESET               startup_lpc17xx.o
    0x000000cc   0x000000cc   0x00000000   Code   RO          392  * .ARM.Collect$$$$00000000  mc_w.l(entry.o)
    0x000000cc   0x000000cc   0x00000004   Code   RO          674    .ARM.Collect$$$$00000001  mc_w.l(entry2.o)
    0x000000d0   0x000000d0   0x00000004   Code   RO          677    .ARM.Collect$$$$00000004  mc_w.l(entry5.o)
    0x000000d4   0x000000d4   0x00000000   Code   RO          679    .ARM.Collect$$$$00000008  mc_w.l(entry7b.o)
    0x000000d4   0x000000d4   0x00000000   Code   RO          681    .ARM.Collect$$$$0000000A  mc_w.l(entry8b.o)
    0x000000d4   0x000000d4   0x00000008   Code   RO          682    .ARM.Collect$$$$0000000B  mc_w.l(entry9a.o)
    0x000000dc   0x000000dc   0x00000000   Code   RO          684    .ARM.Collect$$$$0000000D  mc_w.l(entry10a.o)
    0x000000dc   0x000000dc   0x00000000   Code   RO          686    .ARM.Collect$$$$0000000F  mc_w.l(entry11a.o)
    0x000000dc   0x000000dc   0x00000004   Code   RO          675    .ARM.Collect$$$$00002712  mc_w.l(entry2.o)
    0x000000e0   0x000000e0   0x00000024   Code   RO          346  * .text               startup_lpc17xx.o
    0x00000104   0x00000104   0x00000062   Code   RO          395    .text               mc_w.l(uldiv.o)
    0x00000166   0x00000166   0x000000b0   Code   RO          658    .text               mf_w.l(fadd.o)
    0x00000216   0x00000216   0x000000e4   Code   RO          662    .text               mf_w.l(dmul.o)
    0x000002fa   0x000002fa   0x00000000   Code   RO          696    .text               mc_w.l(iusefp.o)
    0x000002fa   0x000002fa   0x00000002   Code   RO          712    i.__scatterload_null  mc_w.l(handlers.o)
    0x000002fc   0x000002fc   0x00000004   Code   RO          345    .ARM.__at_0x02FC    startup_lpc17xx.o
    0x00000300   0x00000300   0x0000014e   Code   RO          660    .text               mf_w.l(dadd.o)
    0x0000044e   0x0000044e   0x0000001a   Code   RO          664    .text               mf_w.l(dfltui.o)
    0x00000468   0x00000468   0x00000026   Code   RO          666    .text               mf_w.l(f2d.o)
    0x0000048e   0x0000048e   0x00000038   Code   RO          668    .text               mf_w.l(d2f.o)
    0x000004c6   0x000004c6   0x00000002   PAD
    0x000004c8   0x000004c8   0x00000014   Code   RO          670    .text               mf_w.l(cfcmple.o)
    0x000004dc   0x000004dc   0x00000014   Code   RO          672    .text               mf_w.l(cfrcmple.o)
    0x000004f0   0x000004f0   0x0000002c   Code   RO          688    .text               mc_w.l(uidiv.o)
    0x0000051c   0x0000051c   0x0000001e   Code   RO          690    .text               mc_w.l(llshl.o)
    0x0000053a   0x0000053a   0x00000020   Code   RO          692    .text               mc_w.l(llushr.o)
    0x0000055a   0x0000055a   0x00000024   Code   RO          694    .text               mc_w.l(llsshr.o)
    0x0000057e   0x0000057e   0x0000006e   Code   RO          697    .text               mf_w.l(fepilogue.o)
    0x000005ec   0x000005ec   0x000000ba   Code   RO          699    .text               mf_w.l(depilogue.o)
    0x000006a6   0x000006a6   0x000000de   Code   RO          701    .text               mf_w.l(ddiv.o)
    0x00000784   0x00000784   0x00000030   Code   RO          703    .text               mf_w.l(dfixul.o)
    0x000007b4   0x000007b4   0x00000030   Code   RO          705    .text               mf_w.l(cdrcmple.o)
    0x000007e4   0x000007e4   0x00000024   Code   RO          707    .text               mc_w.l(init.o)
    0x00000808   0x00000808   0x00000024   Code   RO          280    i.ClearLED          startercode.o
    0x0000082c   0x0000082c   0x00000014   Code   RO            4    i.FSMFramework      p1_main.o
    0x00000840   0x00000840   0x00000006   Code   RO          163    i.Free              uart.o
    0x00000846   0x00000846   0x00000002   PAD
    0x00000848   0x00000848   0x00000024   Code   RO          164    i.FreeRcv           uart.o
    0x0000086c   0x0000086c   0x00000024   Code   RO          165    i.FreeSnd           uart.o
    0x00000890   0x00000890   0x00000060   Code   RO            5    i.InitSysTick       p1_main.o
    0x000008f0   0x000008f0   0x00000058   Code   RO          281    i.Initialize        startercode.o
    0x00000948   0x00000948   0x00000010   Code   RO          282    i.ReadJoystick      startercode.o
    0x00000958   0x00000958   0x00000028   Code   RO          283    i.ReadPotentiometer  startercode.o
    0x00000980   0x00000980   0x00000024   Code   RO          285    i.SetLED            startercode.o
    0x000009a4   0x000009a4   0x00000030   Code   RO            6    i.SysTick_Handler   p1_main.o
    0x000009d4   0x000009d4   0x00000140   Code   RO          356    i.SystemInit        system_lpc17xx.o
    0x00000b14   0x00000b14   0x00000068   Code   RO          169    i.UART0_IRQHandler  uart.o
    0x00000b7c   0x00000b7c   0x00000070   Code   RO          170    i.UART1_IRQHandler  uart.o
    0x00000bec   0x00000bec   0x000000bc   Code   RO          171    i.UARTInit          uart.o
    0x00000ca8   0x00000ca8   0x00000024   Code   RO          175    i.UARTSendChar      uart.o
    0x00000ccc   0x00000ccc   0x00000020   Code   RO          630    i.__0printf         mc_w.l(printfa.o)
    0x00000cec   0x00000cec   0x00000022   Code   RO          176    i.__NVIC_EnableIRQ  uart.o
    0x00000d0e   0x00000d0e   0x0000000e   Code   RO          711    i.__scatterload_copy  mc_w.l(handlers.o)
    0x00000d1c   0x00000d1c   0x0000000e   Code   RO          713    i.__scatterload_zeroinit  mc_w.l(handlers.o)
    0x00000d2a   0x00000d2a   0x00000002   PAD
    0x00000d2c   0x00000d2c   0x00000184   Code   RO          637    i._fp_digits        mc_w.l(printfa.o)
    0x00000eb0   0x00000eb0   0x000006dc   Code   RO          638    i._printf_core      mc_w.l(printfa.o)
    0x0000158c   0x0000158c   0x00000024   Code   RO          639    i._printf_post_padding  mc_w.l(printfa.o)
    0x000015b0   0x000015b0   0x0000002e   Code   RO          640    i._printf_pre_padding  mc_w.l(printfa.o)
    0x000015de   0x000015de   0x0000000e   Code   RO          103    i.fputc             retarget.o
    0x000015ec   0x000015ec   0x00000048   Code   RO          177    i.getFrequency      uart.o
    0x00001634   0x00001634   0x00000058   Code   RO            7    i.main              p1_main.o
    0x0000168c   0x0000168c   0x00000044   Code   RO          105    i.sendchar          retarget.o
    0x000016d0   0x000016d0   0x0000018c   Code   RO            8    i.state0            p1_main.o
    0x0000185c   0x0000185c   0x0000015c   Code   RO            9    i.state1            p1_main.o
    0x000019b8   0x000019b8   0x00000164   Code   RO           10    i.state2            p1_main.o
    0x00001b1c   0x00001b1c   0x00000008   Data   RO          286    .constdata          startercode.o
    0x00001b24   0x00001b24   0x00000020   Data   RO          709    Region$$Table       anon$$obj.o


    Execution Region ER_RW (Exec base: 0x10000000, Load base: 0x00001b44, Size: 0x00000048, Max: 0xffffffff, ABSOLUTE)

    Exec Addr    Load Addr    Size         Type   Attr      Idx    E Section Name        Object

    0x10000000   0x00001b44   0x00000018   Data   RW           11    .data               p1_main.o
    0x10000018   0x00001b5c   0x0000000c   Data   RW          106    .data               retarget.o
    0x10000024   0x00001b68   0x00000020   Data   RW          179    .data               uart.o
    0x10000044   0x00001b88   0x00000004   Data   RW          357    .data               system_lpc17xx.o


    Execution Region ER_ZI (Exec base: 0x10000048, Load base: 0x00001b8c, Size: 0x00002080, Max: 0xffffffff, ABSOLUTE)

    Exec Addr    Load Addr    Size         Type   Attr      Idx    E Section Name        Object

    0x10000048        -       0x00000080   Zero   RW          178    .bss                uart.o
    0x100000c8        -       0x00002000   Zero   RW          342    STACK               startup_lpc17xx.o


==============================================================================

Image component sizes


      Code (inc. data)   RO Data    RW Data    ZI Data      Debug   Object Name

      1352        358          0         24          0      52623   p1_main.o
        82          4          0         12          0       2962   retarget.o
       216         48          8          0          0       2906   startercode.o
        40         12        204          0       8192        992   startup_lpc17xx.o
       320         18          0          4          0        807   system_lpc17xx.o
       624         86          0         32        128      22667   uart.o

    ----------------------------------------------------------------------
      2636        526        244         72       8320      82957   Object Totals
         0          0         32          0          0          0   (incl. Generated)
         2          0          0          0          0          0   (incl. Padding)

    ----------------------------------------------------------------------

      Code (inc. data)   RO Data    RW Data    ZI Data      Debug   Library Member Name

         0          0          0          0          0          0   entry.o
         0          0          0          0          0          0   entry10a.o
         0          0          0          0          0          0   entry11a.o
         8          4          0          0          0          0   entry2.o
         4          0          0          0          0          0   entry5.o
         0          0          0          0          0          0   entry7b.o
         0          0          0          0          0          0   entry8b.o
         8          4          0          0          0          0   entry9a.o
        30          0          0          0          0          0   handlers.o
        36          8          0          0          0         68   init.o
         0          0          0          0          0          0   iusefp.o
        30          0          0          0          0         68   llshl.o
        36          0          0          0          0         68   llsshr.o
        32          0          0          0          0         68   llushr.o
      2258         90          0          0          0        452   printfa.o
        44          0          0          0          0         80   uidiv.o
        98          0          0          0          0         92   uldiv.o
        48          0          0          0          0         68   cdrcmple.o
        20          0          0          0          0         68   cfcmple.o
        20          0          0          0          0         68   cfrcmple.o
        56          0          0          0          0         88   d2f.o
       334          0          0          0          0        148   dadd.o
       222          0          0          0          0        100   ddiv.o
       186          0          0          0          0        176   depilogue.o
        48          0          0          0          0         68   dfixul.o
        26          0          0          0          0         76   dfltui.o
       228          0          0          0          0         96   dmul.o
        38          0          0          0          0         68   f2d.o
       176          0          0          0          0        140   fadd.o
       110          0          0          0          0        168   fepilogue.o

    ----------------------------------------------------------------------
      4100        106          0          0          0       2228   Library Totals
         4          0          0          0          0          0   (incl. Padding)

    ----------------------------------------------------------------------

      Code (inc. data)   RO Data    RW Data    ZI Data      Debug   Library Name

      2584        106          0          0          0        896   mc_w.l
      1512          0          0          0          0       1332   mf_w.l

    ----------------------------------------------------------------------
      4100        106          0          0          0       2228   Library Totals

    ----------------------------------------------------------------------

==============================================================================


      Code (inc. data)   RO Data    RW Data    ZI Data      Debug   

      6736        632        244         72       8320      83101   Grand Totals
      6736        632        244         72       8320      83101   ELF Image Totals
      6736        632        244         72          0          0   ROM Totals

==============================================================================

    Total RO  Size (Code + RO Data)                 6980 (   6.82kB)
    Total RW  Size (RW Data + ZI Data)              8392 (   8.20kB)
    Total ROM Size (Code + RO Data + RW Data)       7052 (   6.89kB)

==============================================================================

