Component: ARM Compiler 5.06 update 6 (build 750) Tool: armlink [4d35ed]

==============================================================================

Section Cross References

    p1_main.o(i.CyclicExecutionFramework) refers to utility.o(i.initialize_leds) for initialize_leds
    p1_main.o(i.CyclicExecutionFramework) refers to engine_controller.o(i.engine_define_task_release_callbacks) for engine_define_task_release_callbacks
    p1_main.o(i.CyclicExecutionFramework) refers to utility.o(i.initialize_timer) for initialize_timer
    p1_main.o(i.CyclicExecutionFramework) refers to utility.o(i.initialize_context_switching_utility) for initialize_context_switching_utility
    p1_main.o(i.CyclicExecutionFramework) refers to utility.o(i.create_new_context) for create_new_context
    p1_main.o(i.CyclicExecutionFramework) refers to printf1.o(i.__0printf$1) for __2printf
    p1_main.o(i.CyclicExecutionFramework) refers to p1_main.o(i.initialize_current_seq) for initialize_current_seq
    p1_main.o(i.CyclicExecutionFramework) refers to utility.o(i.context_switch_to) for context_switch_to
    p1_main.o(i.CyclicExecutionFramework) refers to p1_main.o(i.find_free_context) for find_free_context
    p1_main.o(i.CyclicExecutionFramework) refers to utility.o(i.run_in_context) for run_in_context
    p1_main.o(i.CyclicExecutionFramework) refers to p1_main.o(.data) for g_numt
    p1_main.o(i.CyclicExecutionFramework) refers to p1_main.o(i.vibration_callback) for vibration_callback
    p1_main.o(i.CyclicExecutionFramework) refers to p1_main.o(i.airflow_callback) for airflow_callback
    p1_main.o(i.CyclicExecutionFramework) refers to p1_main.o(i.MyInterruptHandler) for MyInterruptHandler
    p1_main.o(i.CyclicExecutionFramework) refers to p1_main.o(.bss) for context_in_use
    p1_main.o(i.MyInterruptHandler) refers to utility.o(i.get_currently_active_context) for get_currently_active_context
    p1_main.o(i.MyInterruptHandler) refers to p1_main.o(i.add_item_to_waiting_queue) for add_item_to_waiting_queue
    p1_main.o(i.MyInterruptHandler) refers to utility.o(i.context_switch_to) for context_switch_to
    p1_main.o(i.MyInterruptHandler) refers to p1_main.o(i.initialize_current_seq) for initialize_current_seq
    p1_main.o(i.MyInterruptHandler) refers to p1_main.o(i.schedule_the_upcoming_frame) for schedule_the_upcoming_frame
    p1_main.o(i.MyInterruptHandler) refers to p1_main.o(.bss) for current_frame_sequence
    p1_main.o(i.MyInterruptHandler) refers to p1_main.o(.data) for current_item_running
    p1_main.o(i.add_item_to_waiting_queue) refers to printf1.o(i.__0printf$1) for __2printf
    p1_main.o(i.add_item_to_waiting_queue) refers to calloc.o(.text) for calloc
    p1_main.o(i.add_item_to_waiting_queue) refers to utility.o(i.timer_read) for timer_read
    p1_main.o(i.add_item_to_waiting_queue) refers to malloc.o(i.free) for free
    p1_main.o(i.add_item_to_waiting_queue) refers to p1_main.o(.bss) for periodic_queue
    p1_main.o(i.airflow_callback) refers to utility.o(i.timer_read) for timer_read
    p1_main.o(i.airflow_callback) refers to p1_main.o(i.add_item_to_waiting_queue) for add_item_to_waiting_queue
    p1_main.o(i.airflow_callback) refers to p1_main.o(.data) for g_all_tasks
    p1_main.o(i.find_free_context) refers to p1_main.o(.bss) for context_in_use
    p1_main.o(i.initialize_current_seq) refers to malloc.o(i.free) for free
    p1_main.o(i.initialize_current_seq) refers to p1_main.o(.bss) for current_frame_sequence
    p1_main.o(i.initialize_current_seq) refers to p1_main.o(.data) for first_time
    p1_main.o(i.main) refers to memcpya.o(.text) for __aeabi_memcpy4
    p1_main.o(i.main) refers to p1_main.o(i.CyclicExecutionFramework) for CyclicExecutionFramework
    p1_main.o(i.main) refers to p1_main.o(.constdata) for .constdata
    p1_main.o(i.schedule_the_upcoming_frame) refers to calloc.o(.text) for calloc
    p1_main.o(i.schedule_the_upcoming_frame) refers to utility.o(i.timer_read) for timer_read
    p1_main.o(i.schedule_the_upcoming_frame) refers to malloc.o(i.free) for free
    p1_main.o(i.schedule_the_upcoming_frame) refers to p1_main.o(.data) for g_frame_sequence
    p1_main.o(i.schedule_the_upcoming_frame) refers to p1_main.o(.bss) for current_frame_sequence
    p1_main.o(i.vibration_callback) refers to utility.o(i.timer_read) for timer_read
    p1_main.o(i.vibration_callback) refers to p1_main.o(i.add_item_to_waiting_queue) for add_item_to_waiting_queue
    p1_main.o(i.vibration_callback) refers to p1_main.o(.data) for g_all_tasks
    p1_main.o(.constdata) refers to engine_controller.o(i.engine_low_pressure_compression_shaft_task) for engine_low_pressure_compression_shaft_task
    p1_main.o(.constdata) refers to engine_controller.o(i.engine_high_pressure_compression_shaft_task) for engine_high_pressure_compression_shaft_task
    p1_main.o(.constdata) refers to engine_controller.o(i.engine_fuel_injection_task) for engine_fuel_injection_task
    p1_main.o(.constdata) refers to engine_controller.o(i.engine_airflow_monitoring_task) for engine_airflow_monitoring_task
    p1_main.o(.constdata) refers to engine_controller.o(i.engine_vibration_analysis_task) for engine_vibration_analysis_task
    retarget.o(i._ttywrch) refers to retarget.o(i.sendchar) for sendchar
    retarget.o(i.fgetc) refers to retarget.o(i.getkey) for getkey
    retarget.o(i.fgetc) refers to retarget.o(i.sendchar) for sendchar
    retarget.o(i.fputc) refers to retarget.o(i.sendchar) for sendchar
    retarget.o(i.getkey) refers to uart.o(i.UARTInit) for UARTInit
    retarget.o(i.getkey) refers to uart.o(i.UARTReceiveChar) for UARTReceiveChar
    retarget.o(i.getkey) refers to retarget.o(.data) for uart_init_called
    retarget.o(i.sendchar) refers to uart.o(i.UARTInit) for UARTInit
    retarget.o(i.sendchar) refers to uart.o(i.UARTSendChar) for UARTSendChar
    retarget.o(i.sendchar) refers to retarget.o(.data) for uart_init_called
    uart.o(i.FreeRcv) refers to uart.o(i.Free) for Free
    uart.o(i.FreeRcv) refers to uart.o(.data) for RcvLock0
    uart.o(i.FreeSnd) refers to uart.o(i.Free) for Free
    uart.o(i.FreeSnd) refers to uart.o(.data) for SndLock0
    uart.o(i.LockRcv) refers to uart.o(i.Lock) for Lock
    uart.o(i.LockRcv) refers to uart.o(.data) for RcvLock0
    uart.o(i.LockSnd) refers to uart.o(i.Lock) for Lock
    uart.o(i.LockSnd) refers to uart.o(.data) for SndLock0
    uart.o(i.UART0_IRQHandler) refers to uart.o(.bss) for UART0Buffer
    uart.o(i.UART0_IRQHandler) refers to uart.o(.data) for UART0Count
    uart.o(i.UART1_IRQHandler) refers to uart.o(.bss) for UART1Buffer
    uart.o(i.UART1_IRQHandler) refers to uart.o(.data) for UART1Count
    uart.o(i.UARTInit) refers to uart.o(i.getFrequency) for getFrequency
    uart.o(i.UARTInit) refers to uart.o(i.__NVIC_EnableIRQ) for __NVIC_EnableIRQ
    uart.o(i.UARTInit) refers to uart.o(i.FreeRcv) for FreeRcv
    uart.o(i.UARTInit) refers to uart.o(i.FreeSnd) for FreeSnd
    uart.o(i.UARTRecieve) refers to uart.o(i.LockRcv) for LockRcv
    uart.o(i.UARTRecieve) refers to uart.o(i.FreeRcv) for FreeRcv
    uart.o(i.UARTRecieve) refers to uart.o(.data) for UART0Count
    uart.o(i.UARTRecieve) refers to uart.o(.bss) for UART0Buffer
    uart.o(i.UARTSend) refers to uart.o(i.LockSnd) for LockSnd
    uart.o(i.UARTSend) refers to uart.o(i.FreeSnd) for FreeSnd
    uart.o(i.UARTSend) refers to uart.o(.data) for UART0TxEmpty
    uart.o(i.getFrequency) refers to system_lpc17xx.o(.data) for SystemCoreClock
    startercode.o(i.ClearLED) refers to startercode.o(.constdata) for led_pos
    startercode.o(i.SetLED) refers to startercode.o(.constdata) for led_pos
    engine_controller.o(i.engine_airflow_monitoring_task) refers to utility.o(i.set_led) for set_led
    engine_controller.o(i.engine_airflow_monitoring_task) refers to engine_controller.o(i.engine_busy_wait) for engine_busy_wait
    engine_controller.o(i.engine_airflow_monitoring_task) refers to utility.o(i.clear_led) for clear_led
    engine_controller.o(i.engine_busy_wait) refers to utility.o(i.timer_read) for timer_read
    engine_controller.o(i.engine_define_task_release_callbacks) refers to engine_controller.o(.data) for release_airflow_callback
    engine_controller.o(i.engine_fuel_injection_task) refers to utility.o(i.set_led) for set_led
    engine_controller.o(i.engine_fuel_injection_task) refers to engine_controller.o(i.engine_busy_wait) for engine_busy_wait
    engine_controller.o(i.engine_fuel_injection_task) refers to utility.o(i.clear_led) for clear_led
    engine_controller.o(i.engine_fuel_injection_task) refers to engine_controller.o(.data) for counter
    engine_controller.o(i.engine_high_pressure_compression_shaft_task) refers to utility.o(i.set_led) for set_led
    engine_controller.o(i.engine_high_pressure_compression_shaft_task) refers to engine_controller.o(i.engine_busy_wait) for engine_busy_wait
    engine_controller.o(i.engine_high_pressure_compression_shaft_task) refers to utility.o(i.clear_led) for clear_led
    engine_controller.o(i.engine_high_pressure_compression_shaft_task) refers to engine_controller.o(.data) for counter
    engine_controller.o(i.engine_low_pressure_compression_shaft_task) refers to utility.o(i.set_led) for set_led
    engine_controller.o(i.engine_low_pressure_compression_shaft_task) refers to engine_controller.o(i.engine_busy_wait) for engine_busy_wait
    engine_controller.o(i.engine_low_pressure_compression_shaft_task) refers to utility.o(i.clear_led) for clear_led
    engine_controller.o(i.engine_low_pressure_compression_shaft_task) refers to engine_controller.o(.data) for counter
    engine_controller.o(i.engine_vibration_analysis_task) refers to utility.o(i.set_led) for set_led
    engine_controller.o(i.engine_vibration_analysis_task) refers to engine_controller.o(i.engine_busy_wait) for engine_busy_wait
    engine_controller.o(i.engine_vibration_analysis_task) refers to utility.o(i.clear_led) for clear_led
    utility.o(i.TIMER0_IRQHandler) refers to utility.o(.data) for _global_timer_callback
    utility.o(i.clear_led) refers to utility.o(.constdata) for led_pos
    utility.o(i.context_switch_to) refers to utility.o(.bss) for _global_stack_pointers
    utility.o(i.context_switch_to) refers to utility.o(.data) for _global_resume_stack_pointer
    utility.o(i.create_new_context) refers to utility.o(.data) for _global_next_available_context
    utility.o(i.get_currently_active_context) refers to utility.o(.data) for _global_currently_active_context
    utility.o(i.initialize_timer) refers to system_lpc17xx.o(i.SystemCoreClockUpdate) for SystemCoreClockUpdate
    utility.o(i.initialize_timer) refers to system_lpc17xx.o(.data) for SystemCoreClock
    utility.o(i.initialize_timer) refers to utility.o(.data) for _global_timer_callback
    utility.o(i.return_from_context_run) refers to utility.o(i.context_switch_to) for context_switch_to
    utility.o(i.return_from_context_run) refers to utility.o(.bss) for _global_context_ran_to_completion
    utility.o(i.return_from_context_run) refers to utility.o(.data) for _global_currently_active_context
    utility.o(i.run_in_context) refers to utility.o(i.context_switch_to) for context_switch_to
    utility.o(i.run_in_context) refers to utility.o(i.return_from_context_run) for return_from_context_run
    utility.o(i.run_in_context) refers to utility.o(.bss) for _global_stack_pointers
    utility.o(i.run_in_context) refers to utility.o(.data) for _global_currently_active_context
    utility.o(i.set_led) refers to utility.o(.constdata) for led_pos
    context.o(handle_pend) refers to utility.o(.data) for _global_save_stack_pointer
    startup_lpc17xx.o(RESET) refers to startup_lpc17xx.o(STACK) for __initial_sp
    startup_lpc17xx.o(RESET) refers to startup_lpc17xx.o(.text) for Reset_Handler
    startup_lpc17xx.o(RESET) refers to context.o(handle_pend) for PendSV_Handler
    startup_lpc17xx.o(RESET) refers to utility.o(i.TIMER0_IRQHandler) for TIMER0_IRQHandler
    startup_lpc17xx.o(RESET) refers to uart.o(i.UART0_IRQHandler) for UART0_IRQHandler
    startup_lpc17xx.o(RESET) refers to uart.o(i.UART1_IRQHandler) for UART1_IRQHandler
    startup_lpc17xx.o(.text) refers to system_lpc17xx.o(i.SystemInit) for SystemInit
    startup_lpc17xx.o(.text) refers to entry.o(.ARM.Collect$$$$00000000) for __main
    system_lpc17xx.o(i.SystemCoreClockUpdate) refers to uldiv.o(.text) for __aeabi_uldivmod
    system_lpc17xx.o(i.SystemCoreClockUpdate) refers to system_lpc17xx.o(.data) for SystemCoreClock
    entry.o(.ARM.Collect$$$$00000000) refers (Special) to entry10a.o(.ARM.Collect$$$$0000000D) for __rt_final_cpp
    entry.o(.ARM.Collect$$$$00000000) refers (Special) to entry11a.o(.ARM.Collect$$$$0000000F) for __rt_final_exit
    entry.o(.ARM.Collect$$$$00000000) refers (Special) to entry7b.o(.ARM.Collect$$$$00000008) for _main_clock
    entry.o(.ARM.Collect$$$$00000000) refers (Special) to entry8b.o(.ARM.Collect$$$$0000000A) for _main_cpp_init
    entry.o(.ARM.Collect$$$$00000000) refers (Special) to entry9a.o(.ARM.Collect$$$$0000000B) for _main_init
    entry.o(.ARM.Collect$$$$00000000) refers (Special) to entry5.o(.ARM.Collect$$$$00000004) for _main_scatterload
    entry.o(.ARM.Collect$$$$00000000) refers (Special) to entry2.o(.ARM.Collect$$$$00000001) for _main_stk
    uldiv.o(.text) refers to llushr.o(.text) for __aeabi_llsr
    uldiv.o(.text) refers to llshl.o(.text) for __aeabi_llsl
    printfb.o(i.__0fprintf$bare) refers to printfb.o(i._printf_core) for _printf_core
    printfb.o(i.__0fprintf$bare) refers to retarget.o(i.fputc) for fputc
    printfb.o(i.__0printf$bare) refers to printfb.o(i._printf_core) for _printf_core
    printfb.o(i.__0printf$bare) refers to retarget.o(i.fputc) for fputc
    printfb.o(i.__0printf$bare) refers to retarget.o(.data) for __stdout
    printfb.o(i.__0snprintf$bare) refers to printfb.o(i._printf_core) for _printf_core
    printfb.o(i.__0snprintf$bare) refers to printfb.o(i._snputc) for _snputc
    printfb.o(i.__0sprintf$bare) refers to printfb.o(i._printf_core) for _printf_core
    printfb.o(i.__0sprintf$bare) refers to printfb.o(i._sputc) for _sputc
    printfb.o(i.__0vfprintf$bare) refers to printfb.o(i._printf_core) for _printf_core
    printfb.o(i.__0vfprintf$bare) refers to retarget.o(i.fputc) for fputc
    printfb.o(i.__0vprintf$bare) refers to printfb.o(i._printf_core) for _printf_core
    printfb.o(i.__0vprintf$bare) refers to retarget.o(i.fputc) for fputc
    printfb.o(i.__0vprintf$bare) refers to retarget.o(.data) for __stdout
    printfb.o(i.__0vsnprintf$bare) refers to printfb.o(i._printf_core) for _printf_core
    printfb.o(i.__0vsnprintf$bare) refers to printfb.o(i._snputc) for _snputc
    printfb.o(i.__0vsprintf$bare) refers to printfb.o(i._printf_core) for _printf_core
    printfb.o(i.__0vsprintf$bare) refers to printfb.o(i._sputc) for _sputc
    printf0.o(i.__0fprintf$0) refers to printf0.o(i._printf_core) for _printf_core
    printf0.o(i.__0fprintf$0) refers to retarget.o(i.fputc) for fputc
    printf0.o(i.__0printf$0) refers to printf0.o(i._printf_core) for _printf_core
    printf0.o(i.__0printf$0) refers to retarget.o(i.fputc) for fputc
    printf0.o(i.__0printf$0) refers to retarget.o(.data) for __stdout
    printf0.o(i.__0snprintf$0) refers to printf0.o(i._printf_core) for _printf_core
    printf0.o(i.__0snprintf$0) refers to printf0.o(i._snputc) for _snputc
    printf0.o(i.__0sprintf$0) refers to printf0.o(i._printf_core) for _printf_core
    printf0.o(i.__0sprintf$0) refers to printf0.o(i._sputc) for _sputc
    printf0.o(i.__0vfprintf$0) refers to printf0.o(i._printf_core) for _printf_core
    printf0.o(i.__0vfprintf$0) refers to retarget.o(i.fputc) for fputc
    printf0.o(i.__0vprintf$0) refers to printf0.o(i._printf_core) for _printf_core
    printf0.o(i.__0vprintf$0) refers to retarget.o(i.fputc) for fputc
    printf0.o(i.__0vprintf$0) refers to retarget.o(.data) for __stdout
    printf0.o(i.__0vsnprintf$0) refers to printf0.o(i._printf_core) for _printf_core
    printf0.o(i.__0vsnprintf$0) refers to printf0.o(i._snputc) for _snputc
    printf0.o(i.__0vsprintf$0) refers to printf0.o(i._printf_core) for _printf_core
    printf0.o(i.__0vsprintf$0) refers to printf0.o(i._sputc) for _sputc
    printf1.o(i.__0fprintf$1) refers to printf1.o(i._printf_core) for _printf_core
    printf1.o(i.__0fprintf$1) refers to retarget.o(i.fputc) for fputc
    printf1.o(i.__0printf$1) refers to printf1.o(i._printf_core) for _printf_core
    printf1.o(i.__0printf$1) refers to retarget.o(i.fputc) for fputc
    printf1.o(i.__0printf$1) refers to retarget.o(.data) for __stdout
    printf1.o(i.__0snprintf$1) refers to printf1.o(i._printf_core) for _printf_core
    printf1.o(i.__0snprintf$1) refers to printf1.o(i._snputc) for _snputc
    printf1.o(i.__0sprintf$1) refers to printf1.o(i._printf_core) for _printf_core
    printf1.o(i.__0sprintf$1) refers to printf1.o(i._sputc) for _sputc
    printf1.o(i.__0vfprintf$1) refers to printf1.o(i._printf_core) for _printf_core
    printf1.o(i.__0vfprintf$1) refers to retarget.o(i.fputc) for fputc
    printf1.o(i.__0vprintf$1) refers to printf1.o(i._printf_core) for _printf_core
    printf1.o(i.__0vprintf$1) refers to retarget.o(i.fputc) for fputc
    printf1.o(i.__0vprintf$1) refers to retarget.o(.data) for __stdout
    printf1.o(i.__0vsnprintf$1) refers to printf1.o(i._printf_core) for _printf_core
    printf1.o(i.__0vsnprintf$1) refers to printf1.o(i._snputc) for _snputc
    printf1.o(i.__0vsprintf$1) refers to printf1.o(i._printf_core) for _printf_core
    printf1.o(i.__0vsprintf$1) refers to printf1.o(i._sputc) for _sputc
    printf1.o(i._printf_core) refers to uidiv.o(.text) for __aeabi_uidivmod
    printf2.o(i.__0fprintf$2) refers to printf2.o(i._printf_core) for _printf_core
    printf2.o(i.__0fprintf$2) refers to retarget.o(i.fputc) for fputc
    printf2.o(i.__0printf$2) refers to printf2.o(i._printf_core) for _printf_core
    printf2.o(i.__0printf$2) refers to retarget.o(i.fputc) for fputc
    printf2.o(i.__0printf$2) refers to retarget.o(.data) for __stdout
    printf2.o(i.__0snprintf$2) refers to printf2.o(i._printf_core) for _printf_core
    printf2.o(i.__0snprintf$2) refers to printf2.o(i._snputc) for _snputc
    printf2.o(i.__0sprintf$2) refers to printf2.o(i._printf_core) for _printf_core
    printf2.o(i.__0sprintf$2) refers to printf2.o(i._sputc) for _sputc
    printf2.o(i.__0vfprintf$2) refers to printf2.o(i._printf_core) for _printf_core
    printf2.o(i.__0vfprintf$2) refers to retarget.o(i.fputc) for fputc
    printf2.o(i.__0vprintf$2) refers to printf2.o(i._printf_core) for _printf_core
    printf2.o(i.__0vprintf$2) refers to retarget.o(i.fputc) for fputc
    printf2.o(i.__0vprintf$2) refers to retarget.o(.data) for __stdout
    printf2.o(i.__0vsnprintf$2) refers to printf2.o(i._printf_core) for _printf_core
    printf2.o(i.__0vsnprintf$2) refers to printf2.o(i._snputc) for _snputc
    printf2.o(i.__0vsprintf$2) refers to printf2.o(i._printf_core) for _printf_core
    printf2.o(i.__0vsprintf$2) refers to printf2.o(i._sputc) for _sputc
    printf3.o(i.__0fprintf$3) refers to printf3.o(i._printf_core) for _printf_core
    printf3.o(i.__0fprintf$3) refers to retarget.o(i.fputc) for fputc
    printf3.o(i.__0printf$3) refers to printf3.o(i._printf_core) for _printf_core
    printf3.o(i.__0printf$3) refers to retarget.o(i.fputc) for fputc
    printf3.o(i.__0printf$3) refers to retarget.o(.data) for __stdout
    printf3.o(i.__0snprintf$3) refers to printf3.o(i._printf_core) for _printf_core
    printf3.o(i.__0snprintf$3) refers to printf3.o(i._snputc) for _snputc
    printf3.o(i.__0sprintf$3) refers to printf3.o(i._printf_core) for _printf_core
    printf3.o(i.__0sprintf$3) refers to printf3.o(i._sputc) for _sputc
    printf3.o(i.__0vfprintf$3) refers to printf3.o(i._printf_core) for _printf_core
    printf3.o(i.__0vfprintf$3) refers to retarget.o(i.fputc) for fputc
    printf3.o(i.__0vprintf$3) refers to printf3.o(i._printf_core) for _printf_core
    printf3.o(i.__0vprintf$3) refers to retarget.o(i.fputc) for fputc
    printf3.o(i.__0vprintf$3) refers to retarget.o(.data) for __stdout
    printf3.o(i.__0vsnprintf$3) refers to printf3.o(i._printf_core) for _printf_core
    printf3.o(i.__0vsnprintf$3) refers to printf3.o(i._snputc) for _snputc
    printf3.o(i.__0vsprintf$3) refers to printf3.o(i._printf_core) for _printf_core
    printf3.o(i.__0vsprintf$3) refers to printf3.o(i._sputc) for _sputc
    printf3.o(i._printf_core) refers to uidiv.o(.text) for __aeabi_uidivmod
    printf4.o(i.__0fprintf$4) refers to printf4.o(i._printf_core) for _printf_core
    printf4.o(i.__0fprintf$4) refers to retarget.o(i.fputc) for fputc
    printf4.o(i.__0printf$4) refers to printf4.o(i._printf_core) for _printf_core
    printf4.o(i.__0printf$4) refers to retarget.o(i.fputc) for fputc
    printf4.o(i.__0printf$4) refers to retarget.o(.data) for __stdout
    printf4.o(i.__0snprintf$4) refers to printf4.o(i._printf_core) for _printf_core
    printf4.o(i.__0snprintf$4) refers to printf4.o(i._snputc) for _snputc
    printf4.o(i.__0sprintf$4) refers to printf4.o(i._printf_core) for _printf_core
    printf4.o(i.__0sprintf$4) refers to printf4.o(i._sputc) for _sputc
    printf4.o(i.__0vfprintf$4) refers to printf4.o(i._printf_core) for _printf_core
    printf4.o(i.__0vfprintf$4) refers to retarget.o(i.fputc) for fputc
    printf4.o(i.__0vprintf$4) refers to printf4.o(i._printf_core) for _printf_core
    printf4.o(i.__0vprintf$4) refers to retarget.o(i.fputc) for fputc
    printf4.o(i.__0vprintf$4) refers to retarget.o(.data) for __stdout
    printf4.o(i.__0vsnprintf$4) refers to printf4.o(i._printf_core) for _printf_core
    printf4.o(i.__0vsnprintf$4) refers to printf4.o(i._snputc) for _snputc
    printf4.o(i.__0vsprintf$4) refers to printf4.o(i._printf_core) for _printf_core
    printf4.o(i.__0vsprintf$4) refers to printf4.o(i._sputc) for _sputc
    printf4.o(i._printf_core) refers to uldiv.o(.text) for __aeabi_uldivmod
    printf5.o(i.__0fprintf$5) refers to printf5.o(i._printf_core) for _printf_core
    printf5.o(i.__0fprintf$5) refers to retarget.o(i.fputc) for fputc
    printf5.o(i.__0printf$5) refers to printf5.o(i._printf_core) for _printf_core
    printf5.o(i.__0printf$5) refers to retarget.o(i.fputc) for fputc
    printf5.o(i.__0printf$5) refers to retarget.o(.data) for __stdout
    printf5.o(i.__0snprintf$5) refers to printf5.o(i._printf_core) for _printf_core
    printf5.o(i.__0snprintf$5) refers to printf5.o(i._snputc) for _snputc
    printf5.o(i.__0sprintf$5) refers to printf5.o(i._printf_core) for _printf_core
    printf5.o(i.__0sprintf$5) refers to printf5.o(i._sputc) for _sputc
    printf5.o(i.__0vfprintf$5) refers to printf5.o(i._printf_core) for _printf_core
    printf5.o(i.__0vfprintf$5) refers to retarget.o(i.fputc) for fputc
    printf5.o(i.__0vprintf$5) refers to printf5.o(i._printf_core) for _printf_core
    printf5.o(i.__0vprintf$5) refers to retarget.o(i.fputc) for fputc
    printf5.o(i.__0vprintf$5) refers to retarget.o(.data) for __stdout
    printf5.o(i.__0vsnprintf$5) refers to printf5.o(i._printf_core) for _printf_core
    printf5.o(i.__0vsnprintf$5) refers to printf5.o(i._snputc) for _snputc
    printf5.o(i.__0vsprintf$5) refers to printf5.o(i._printf_core) for _printf_core
    printf5.o(i.__0vsprintf$5) refers to printf5.o(i._sputc) for _sputc
    printf5.o(i._printf_core) refers to uldiv.o(.text) for __aeabi_uldivmod
    printf6.o(i.__0fprintf$6) refers to printf6.o(i._printf_core) for _printf_core
    printf6.o(i.__0fprintf$6) refers to retarget.o(i.fputc) for fputc
    printf6.o(i.__0printf$6) refers to printf6.o(i._printf_core) for _printf_core
    printf6.o(i.__0printf$6) refers to retarget.o(i.fputc) for fputc
    printf6.o(i.__0printf$6) refers to retarget.o(.data) for __stdout
    printf6.o(i.__0snprintf$6) refers to printf6.o(i._printf_core) for _printf_core
    printf6.o(i.__0snprintf$6) refers to printf6.o(i._snputc) for _snputc
    printf6.o(i.__0sprintf$6) refers to printf6.o(i._printf_core) for _printf_core
    printf6.o(i.__0sprintf$6) refers to printf6.o(i._sputc) for _sputc
    printf6.o(i.__0vfprintf$6) refers to printf6.o(i._printf_core) for _printf_core
    printf6.o(i.__0vfprintf$6) refers to retarget.o(i.fputc) for fputc
    printf6.o(i.__0vprintf$6) refers to printf6.o(i._printf_core) for _printf_core
    printf6.o(i.__0vprintf$6) refers to retarget.o(i.fputc) for fputc
    printf6.o(i.__0vprintf$6) refers to retarget.o(.data) for __stdout
    printf6.o(i.__0vsnprintf$6) refers to printf6.o(i._printf_core) for _printf_core
    printf6.o(i.__0vsnprintf$6) refers to printf6.o(i._snputc) for _snputc
    printf6.o(i.__0vsprintf$6) refers to printf6.o(i._printf_core) for _printf_core
    printf6.o(i.__0vsprintf$6) refers to printf6.o(i._sputc) for _sputc
    printf6.o(i._printf_core) refers to printf6.o(i._printf_pre_padding) for _printf_pre_padding
    printf6.o(i._printf_core) refers to uidiv.o(.text) for __aeabi_uidivmod
    printf6.o(i._printf_core) refers to printf6.o(i._printf_post_padding) for _printf_post_padding
    printf7.o(i.__0fprintf$7) refers to printf7.o(i._printf_core) for _printf_core
    printf7.o(i.__0fprintf$7) refers to retarget.o(i.fputc) for fputc
    printf7.o(i.__0printf$7) refers to printf7.o(i._printf_core) for _printf_core
    printf7.o(i.__0printf$7) refers to retarget.o(i.fputc) for fputc
    printf7.o(i.__0printf$7) refers to retarget.o(.data) for __stdout
    printf7.o(i.__0snprintf$7) refers to printf7.o(i._printf_core) for _printf_core
    printf7.o(i.__0snprintf$7) refers to printf7.o(i._snputc) for _snputc
    printf7.o(i.__0sprintf$7) refers to printf7.o(i._printf_core) for _printf_core
    printf7.o(i.__0sprintf$7) refers to printf7.o(i._sputc) for _sputc
    printf7.o(i.__0vfprintf$7) refers to printf7.o(i._printf_core) for _printf_core
    printf7.o(i.__0vfprintf$7) refers to retarget.o(i.fputc) for fputc
    printf7.o(i.__0vprintf$7) refers to printf7.o(i._printf_core) for _printf_core
    printf7.o(i.__0vprintf$7) refers to retarget.o(i.fputc) for fputc
    printf7.o(i.__0vprintf$7) refers to retarget.o(.data) for __stdout
    printf7.o(i.__0vsnprintf$7) refers to printf7.o(i._printf_core) for _printf_core
    printf7.o(i.__0vsnprintf$7) refers to printf7.o(i._snputc) for _snputc
    printf7.o(i.__0vsprintf$7) refers to printf7.o(i._printf_core) for _printf_core
    printf7.o(i.__0vsprintf$7) refers to printf7.o(i._sputc) for _sputc
    printf7.o(i._printf_core) refers to printf7.o(i._printf_pre_padding) for _printf_pre_padding
    printf7.o(i._printf_core) refers to uldiv.o(.text) for __aeabi_uldivmod
    printf7.o(i._printf_core) refers to printf7.o(i._printf_post_padding) for _printf_post_padding
    printf8.o(i.__0fprintf$8) refers to printf8.o(i._printf_core) for _printf_core
    printf8.o(i.__0fprintf$8) refers to retarget.o(i.fputc) for fputc
    printf8.o(i.__0printf$8) refers to printf8.o(i._printf_core) for _printf_core
    printf8.o(i.__0printf$8) refers to retarget.o(i.fputc) for fputc
    printf8.o(i.__0printf$8) refers to retarget.o(.data) for __stdout
    printf8.o(i.__0snprintf$8) refers to printf8.o(i._printf_core) for _printf_core
    printf8.o(i.__0snprintf$8) refers to printf8.o(i._snputc) for _snputc
    printf8.o(i.__0sprintf$8) refers to printf8.o(i._printf_core) for _printf_core
    printf8.o(i.__0sprintf$8) refers to printf8.o(i._sputc) for _sputc
    printf8.o(i.__0vfprintf$8) refers to printf8.o(i._printf_core) for _printf_core
    printf8.o(i.__0vfprintf$8) refers to retarget.o(i.fputc) for fputc
    printf8.o(i.__0vprintf$8) refers to printf8.o(i._printf_core) for _printf_core
    printf8.o(i.__0vprintf$8) refers to retarget.o(i.fputc) for fputc
    printf8.o(i.__0vprintf$8) refers to retarget.o(.data) for __stdout
    printf8.o(i.__0vsnprintf$8) refers to printf8.o(i._printf_core) for _printf_core
    printf8.o(i.__0vsnprintf$8) refers to printf8.o(i._snputc) for _snputc
    printf8.o(i.__0vsprintf$8) refers to printf8.o(i._printf_core) for _printf_core
    printf8.o(i.__0vsprintf$8) refers to printf8.o(i._sputc) for _sputc
    printf8.o(i._printf_core) refers to printf8.o(i._printf_pre_padding) for _printf_pre_padding
    printf8.o(i._printf_core) refers to uldiv.o(.text) for __aeabi_uldivmod
    printf8.o(i._printf_core) refers to printf8.o(i._printf_post_padding) for _printf_post_padding
    printfa.o(i.__0fprintf) refers (Special) to iusefp.o(.text) for __I$use$fp
    printfa.o(i.__0fprintf) refers to printfa.o(i._printf_core) for _printf_core
    printfa.o(i.__0fprintf) refers to retarget.o(i.fputc) for fputc
    printfa.o(i.__0printf) refers (Special) to iusefp.o(.text) for __I$use$fp
    printfa.o(i.__0printf) refers to printfa.o(i._printf_core) for _printf_core
    printfa.o(i.__0printf) refers to retarget.o(i.fputc) for fputc
    printfa.o(i.__0printf) refers to retarget.o(.data) for __stdout
    printfa.o(i.__0snprintf) refers (Special) to iusefp.o(.text) for __I$use$fp
    printfa.o(i.__0snprintf) refers to printfa.o(i._printf_core) for _printf_core
    printfa.o(i.__0snprintf) refers to printfa.o(i._snputc) for _snputc
    printfa.o(i.__0sprintf) refers (Special) to iusefp.o(.text) for __I$use$fp
    printfa.o(i.__0sprintf) refers to printfa.o(i._printf_core) for _printf_core
    printfa.o(i.__0sprintf) refers to printfa.o(i._sputc) for _sputc
    printfa.o(i.__0vfprintf) refers (Special) to iusefp.o(.text) for __I$use$fp
    printfa.o(i.__0vfprintf) refers to printfa.o(i._printf_core) for _printf_core
    printfa.o(i.__0vfprintf) refers to retarget.o(i.fputc) for fputc
    printfa.o(i.__0vprintf) refers (Special) to iusefp.o(.text) for __I$use$fp
    printfa.o(i.__0vprintf) refers to printfa.o(i._printf_core) for _printf_core
    printfa.o(i.__0vprintf) refers to retarget.o(i.fputc) for fputc
    printfa.o(i.__0vprintf) refers to retarget.o(.data) for __stdout
    printfa.o(i.__0vsnprintf) refers (Special) to iusefp.o(.text) for __I$use$fp
    printfa.o(i.__0vsnprintf) refers to printfa.o(i._printf_core) for _printf_core
    printfa.o(i.__0vsnprintf) refers to printfa.o(i._snputc) for _snputc
    printfa.o(i.__0vsprintf) refers (Special) to iusefp.o(.text) for __I$use$fp
    printfa.o(i.__0vsprintf) refers to printfa.o(i._printf_core) for _printf_core
    printfa.o(i.__0vsprintf) refers to printfa.o(i._sputc) for _sputc
    printfa.o(i._fp_digits) refers (Special) to iusefp.o(.text) for __I$use$fp
    printfa.o(i._fp_digits) refers to dmul.o(.text) for __aeabi_dmul
    printfa.o(i._fp_digits) refers to ddiv.o(.text) for __aeabi_ddiv
    printfa.o(i._fp_digits) refers to cdrcmple.o(.text) for __aeabi_cdrcmple
    printfa.o(i._fp_digits) refers to dadd.o(.text) for __aeabi_dadd
    printfa.o(i._fp_digits) refers to dfixul.o(.text) for __aeabi_d2ulz
    printfa.o(i._fp_digits) refers to uldiv.o(.text) for __aeabi_uldivmod
    printfa.o(i._printf_core) refers (Special) to iusefp.o(.text) for __I$use$fp
    printfa.o(i._printf_core) refers to printfa.o(i._printf_pre_padding) for _printf_pre_padding
    printfa.o(i._printf_core) refers to uldiv.o(.text) for __aeabi_uldivmod
    printfa.o(i._printf_core) refers to printfa.o(i._printf_post_padding) for _printf_post_padding
    printfa.o(i._printf_core) refers to printfa.o(i._fp_digits) for _fp_digits
    printfa.o(i._printf_core) refers to uidiv.o(.text) for __aeabi_uidivmod
    printfa.o(i._printf_post_padding) refers (Special) to iusefp.o(.text) for __I$use$fp
    printfa.o(i._printf_pre_padding) refers (Special) to iusefp.o(.text) for __I$use$fp
    printfa.o(i._snputc) refers (Special) to iusefp.o(.text) for __I$use$fp
    printfa.o(i._sputc) refers (Special) to iusefp.o(.text) for __I$use$fp
    malloc.o(i.free) refers to mvars.o(.data) for __microlib_freelist
    malloc.o(i.malloc) refers to mvars.o(.data) for __microlib_freelist_initialised
    malloc.o(i.malloc) refers to mvars.o(.data) for __microlib_freelist
    malloc.o(i.malloc) refers to startup_lpc17xx.o(HEAP) for __heap_base
    mallocr.o(i.__free$realloc) refers to mvars.o(.data) for __microlib_freelist
    mallocr.o(i.__malloc$realloc) refers to mallocr.o(i.internal_alloc) for internal_alloc
    mallocr.o(i.__malloc$realloc) refers to mvars.o(.data) for __microlib_freelist_initialised
    mallocr.o(i.__malloc$realloc) refers to startup_lpc17xx.o(HEAP) for __heap_base
    mallocr.o(i.__malloc$realloc) refers to mvars.o(.data) for __microlib_freelist
    mallocr.o(i.internal_alloc) refers to memcpya.o(.text) for __aeabi_memcpy
    mallocr.o(i.internal_alloc) refers to mvars.o(.data) for __microlib_freelist
    mallocr.o(i.realloc) refers to mallocr.o(i.__free$realloc) for __free$realloc
    mallocr.o(i.realloc) refers to mallocr.o(i.internal_alloc) for internal_alloc
    mallocr.o(i.realloc) refers to mallocr.o(i.__malloc$realloc) for __malloc$realloc
    mallocr.o(i.realloc) refers to mvars.o(.data) for __microlib_freelist
    malloca.o(i.__aligned_malloc) refers to mvars.o(.data) for __microlib_freelist_initialised
    malloca.o(i.__aligned_malloc) refers to mvars.o(.data) for __microlib_freelist
    malloca.o(i.__aligned_malloc) refers to startup_lpc17xx.o(HEAP) for __heap_base
    malloca.o(i.__free$memalign) refers to mvars.o(.data) for __microlib_freelist
    malloca.o(i.__malloc$memalign) refers to malloca.o(i.__aligned_malloc) for __aligned_malloc
    mallocra.o(i.__aligned_malloc$realloc) refers to mallocra.o(i.internal_alloc) for internal_alloc
    mallocra.o(i.__aligned_malloc$realloc) refers to mvars.o(.data) for __microlib_freelist_initialised
    mallocra.o(i.__aligned_malloc$realloc) refers to startup_lpc17xx.o(HEAP) for __heap_base
    mallocra.o(i.__aligned_malloc$realloc) refers to mvars.o(.data) for __microlib_freelist
    mallocra.o(i.__free$realloc$memalign) refers to mvars.o(.data) for __microlib_freelist
    mallocra.o(i.__malloc$realloc$memalign) refers to mallocra.o(i.__aligned_malloc$realloc) for __aligned_malloc$realloc
    mallocra.o(i.__realloc$memalign) refers to mallocra.o(i.__free$realloc$memalign) for __free$realloc$memalign
    mallocra.o(i.__realloc$memalign) refers to mallocra.o(i.internal_alloc) for internal_alloc
    mallocra.o(i.__realloc$memalign) refers to mallocra.o(i.__malloc$realloc$memalign) for __malloc$realloc$memalign
    mallocra.o(i.__realloc$memalign) refers to mvars.o(.data) for __microlib_freelist
    mallocra.o(i.internal_alloc) refers to memcpya.o(.text) for __aeabi_memcpy
    mallocra.o(i.internal_alloc) refers to mvars.o(.data) for __microlib_freelist
    calloc.o(.text) refers to malloc.o(i.malloc) for malloc
    entry2.o(.ARM.Collect$$$$00000001) refers to entry2.o(.ARM.Collect$$$$00002712) for __lit__00000000
    entry2.o(.ARM.Collect$$$$00002712) refers to startup_lpc17xx.o(STACK) for __initial_sp
    entry2.o(__vectab_stack_and_reset_area) refers to startup_lpc17xx.o(STACK) for __initial_sp
    entry2.o(__vectab_stack_and_reset_area) refers to entry.o(.ARM.Collect$$$$00000000) for __main
    entry5.o(.ARM.Collect$$$$00000004) refers to init.o(.text) for __scatterload
    entry9a.o(.ARM.Collect$$$$0000000B) refers to p1_main.o(i.main) for main
    entry9b.o(.ARM.Collect$$$$0000000C) refers to p1_main.o(i.main) for main
    dadd.o(.text) refers to llshl.o(.text) for __aeabi_llsl
    dadd.o(.text) refers to llsshr.o(.text) for __aeabi_lasr
    dadd.o(.text) refers to depilogue.o(.text) for _double_epilogue
    dmul.o(.text) refers to depilogue.o(.text) for _double_epilogue
    ddiv.o(.text) refers to depilogue.o(.text) for _double_round
    dfixul.o(.text) refers to llushr.o(.text) for __aeabi_llsr
    dfixul.o(.text) refers to llshl.o(.text) for __aeabi_llsl
    init.o(.text) refers to entry5.o(.ARM.Collect$$$$00000004) for __main_after_scatterload
    depilogue.o(.text) refers to llshl.o(.text) for __aeabi_llsl
    depilogue.o(.text) refers to llushr.o(.text) for __aeabi_llsr


==============================================================================

Removing Unused input sections from the image.

    Removing p1_main.o(.rev16_text), (4 bytes).
    Removing p1_main.o(.revsh_text), (4 bytes).
    Removing p1_main.o(.rrx_text), (6 bytes).
    Removing retarget.o(i._sys_exit), (4 bytes).
    Removing retarget.o(i._ttywrch), (12 bytes).
    Removing retarget.o(i.ferror), (8 bytes).
    Removing retarget.o(i.fgetc), (20 bytes).
    Removing retarget.o(i.getkey), (36 bytes).
    Removing uart.o(.rev16_text), (4 bytes).
    Removing uart.o(.revsh_text), (4 bytes).
    Removing uart.o(.rrx_text), (6 bytes).
    Removing uart.o(i.Lock), (28 bytes).
    Removing uart.o(i.LockRcv), (36 bytes).
    Removing uart.o(i.LockSnd), (36 bytes).
    Removing uart.o(i.UARTReceiveChar), (36 bytes).
    Removing uart.o(i.UARTRecieve), (160 bytes).
    Removing uart.o(i.UARTSend), (132 bytes).
    Removing startercode.o(.rev16_text), (4 bytes).
    Removing startercode.o(.revsh_text), (4 bytes).
    Removing startercode.o(.rrx_text), (6 bytes).
    Removing startercode.o(i.ClearLED), (36 bytes).
    Removing startercode.o(i.Initialize), (88 bytes).
    Removing startercode.o(i.ReadJoystick), (16 bytes).
    Removing startercode.o(i.ReadPotentiometer), (40 bytes).
    Removing startercode.o(i.ReadPushbutton), (16 bytes).
    Removing startercode.o(i.SetLED), (36 bytes).
    Removing startercode.o(.constdata), (8 bytes).
    Removing engine_controller.o(.rev16_text), (4 bytes).
    Removing engine_controller.o(.revsh_text), (4 bytes).
    Removing engine_controller.o(.rrx_text), (6 bytes).
    Removing utility.o(.rev16_text), (4 bytes).
    Removing utility.o(.revsh_text), (4 bytes).
    Removing utility.o(.rrx_text), (6 bytes).
    Removing system_lpc17xx.o(.rev16_text), (4 bytes).
    Removing system_lpc17xx.o(.revsh_text), (4 bytes).
    Removing system_lpc17xx.o(.rrx_text), (6 bytes).
    Removing dadd.o(.text), (334 bytes).
    Removing dmul.o(.text), (228 bytes).
    Removing ddiv.o(.text), (222 bytes).
    Removing dfixul.o(.text), (48 bytes).
    Removing cdrcmple.o(.text), (48 bytes).
    Removing depilogue.o(.text), (186 bytes).

42 unused section(s) (total 1898 bytes) removed from the image.

==============================================================================

Image Symbol Table

    Local Symbols

    Symbol Name                              Value     Ov Type        Size  Object(Section)

    RESET                                    0x00000000   Section      204  startup_lpc17xx.o(RESET)
    ../clib/microlib/division.c              0x00000000   Number         0  uldiv.o ABSOLUTE
    ../clib/microlib/division.c              0x00000000   Number         0  uidiv.o ABSOLUTE
    ../clib/microlib/init/entry.s            0x00000000   Number         0  entry7a.o ABSOLUTE
    ../clib/microlib/init/entry.s            0x00000000   Number         0  entry8a.o ABSOLUTE
    ../clib/microlib/init/entry.s            0x00000000   Number         0  entry8b.o ABSOLUTE
    ../clib/microlib/init/entry.s            0x00000000   Number         0  entry11b.o ABSOLUTE
    ../clib/microlib/init/entry.s            0x00000000   Number         0  entry7b.o ABSOLUTE
    ../clib/microlib/init/entry.s            0x00000000   Number         0  entry5.o ABSOLUTE
    ../clib/microlib/init/entry.s            0x00000000   Number         0  entry2.o ABSOLUTE
    ../clib/microlib/init/entry.s            0x00000000   Number         0  entry9b.o ABSOLUTE
    ../clib/microlib/init/entry.s            0x00000000   Number         0  entry9a.o ABSOLUTE
    ../clib/microlib/init/entry.s            0x00000000   Number         0  entry10a.o ABSOLUTE
    ../clib/microlib/init/entry.s            0x00000000   Number         0  entry10b.o ABSOLUTE
    ../clib/microlib/init/entry.s            0x00000000   Number         0  entry11a.o ABSOLUTE
    ../clib/microlib/init/entry.s            0x00000000   Number         0  entry.o ABSOLUTE
    ../clib/microlib/longlong.c              0x00000000   Number         0  llsshr.o ABSOLUTE
    ../clib/microlib/longlong.c              0x00000000   Number         0  llshl.o ABSOLUTE
    ../clib/microlib/longlong.c              0x00000000   Number         0  llushr.o ABSOLUTE
    ../clib/microlib/malloc/calloc.c         0x00000000   Number         0  calloc.o ABSOLUTE
    ../clib/microlib/malloc/malloc.c         0x00000000   Number         0  malloc.o ABSOLUTE
    ../clib/microlib/malloc/malloc.c         0x00000000   Number         0  mallocr.o ABSOLUTE
    ../clib/microlib/malloc/malloc.c         0x00000000   Number         0  malloca.o ABSOLUTE
    ../clib/microlib/malloc/malloc.c         0x00000000   Number         0  mallocra.o ABSOLUTE
    ../clib/microlib/malloc/mvars.c          0x00000000   Number         0  mvars.o ABSOLUTE
    ../clib/microlib/printf/printf.c         0x00000000   Number         0  printf8.o ABSOLUTE
    ../clib/microlib/printf/printf.c         0x00000000   Number         0  printf7.o ABSOLUTE
    ../clib/microlib/printf/printf.c         0x00000000   Number         0  printf6.o ABSOLUTE
    ../clib/microlib/printf/printf.c         0x00000000   Number         0  printf5.o ABSOLUTE
    ../clib/microlib/printf/printf.c         0x00000000   Number         0  printf4.o ABSOLUTE
    ../clib/microlib/printf/printf.c         0x00000000   Number         0  printf2.o ABSOLUTE
    ../clib/microlib/printf/printf.c         0x00000000   Number         0  printf1.o ABSOLUTE
    ../clib/microlib/printf/printf.c         0x00000000   Number         0  printf0.o ABSOLUTE
    ../clib/microlib/printf/printf.c         0x00000000   Number         0  printfb.o ABSOLUTE
    ../clib/microlib/printf/printf.c         0x00000000   Number         0  printf3.o ABSOLUTE
    ../clib/microlib/printf/printf.c         0x00000000   Number         0  printfa.o ABSOLUTE
    ../clib/microlib/printf/stubs.s          0x00000000   Number         0  stubs.o ABSOLUTE
    ../clib/microlib/string/memcpy.c         0x00000000   Number         0  memcpyb.o ABSOLUTE
    ../clib/microlib/string/memcpy.c         0x00000000   Number         0  memcpya.o ABSOLUTE
    ../clib/microlib/stubs.s                 0x00000000   Number         0  iusefp.o ABSOLUTE
    ../fplib/microlib/fpadd.c                0x00000000   Number         0  dadd.o ABSOLUTE
    ../fplib/microlib/fpdiv.c                0x00000000   Number         0  ddiv.o ABSOLUTE
    ../fplib/microlib/fpepilogue.c           0x00000000   Number         0  depilogue.o ABSOLUTE
    ../fplib/microlib/fpfix.c                0x00000000   Number         0  dfixul.o ABSOLUTE
    ../fplib/microlib/fpmul.c                0x00000000   Number         0  dmul.o ABSOLUTE
    RTE\Device\LPC1768\startup_LPC17xx.s     0x00000000   Number         0  startup_lpc17xx.o ABSOLUTE
    RTE\Device\LPC1768\system_LPC17xx.c      0x00000000   Number         0  system_lpc17xx.o ABSOLUTE
    RTE\\Device\\LPC1768\\system_LPC17xx.c   0x00000000   Number         0  system_lpc17xx.o ABSOLUTE
    Retarget.c                               0x00000000   Number         0  retarget.o ABSOLUTE
    StarterCode.c                            0x00000000   Number         0  startercode.o ABSOLUTE
    StarterCode.c                            0x00000000   Number         0  startercode.o ABSOLUTE
    cdrcmple.s                               0x00000000   Number         0  cdrcmple.o ABSOLUTE
    context.s                                0x00000000   Number         0  context.o ABSOLUTE
    dc.s                                     0x00000000   Number         0  dc.o ABSOLUTE
    engine_controller.c                      0x00000000   Number         0  engine_controller.o ABSOLUTE
    engine_controller.c                      0x00000000   Number         0  engine_controller.o ABSOLUTE
    handlers.s                               0x00000000   Number         0  handlers.o ABSOLUTE
    init.s                                   0x00000000   Number         0  init.o ABSOLUTE
    p1_main.c                                0x00000000   Number         0  p1_main.o ABSOLUTE
    p1_main.c                                0x00000000   Number         0  p1_main.o ABSOLUTE
    uart.c                                   0x00000000   Number         0  uart.o ABSOLUTE
    uart.c                                   0x00000000   Number         0  uart.o ABSOLUTE
    utility.c                                0x00000000   Number         0  utility.o ABSOLUTE
    utility.c                                0x00000000   Number         0  utility.o ABSOLUTE
    .ARM.Collect$$$$00000000                 0x000000cc   Section        0  entry.o(.ARM.Collect$$$$00000000)
    .ARM.Collect$$$$00000001                 0x000000cc   Section        4  entry2.o(.ARM.Collect$$$$00000001)
    .ARM.Collect$$$$00000004                 0x000000d0   Section        4  entry5.o(.ARM.Collect$$$$00000004)
    .ARM.Collect$$$$00000008                 0x000000d4   Section        0  entry7b.o(.ARM.Collect$$$$00000008)
    .ARM.Collect$$$$0000000A                 0x000000d4   Section        0  entry8b.o(.ARM.Collect$$$$0000000A)
    .ARM.Collect$$$$0000000B                 0x000000d4   Section        8  entry9a.o(.ARM.Collect$$$$0000000B)
    .ARM.Collect$$$$0000000D                 0x000000dc   Section        0  entry10a.o(.ARM.Collect$$$$0000000D)
    .ARM.Collect$$$$0000000F                 0x000000dc   Section        0  entry11a.o(.ARM.Collect$$$$0000000F)
    .ARM.Collect$$$$00002712                 0x000000dc   Section        4  entry2.o(.ARM.Collect$$$$00002712)
    __lit__00000000                          0x000000dc   Data           4  entry2.o(.ARM.Collect$$$$00002712)
    .text                                    0x000000e0   Section       36  startup_lpc17xx.o(.text)
    .text                                    0x00000104   Section        0  uldiv.o(.text)
    .text                                    0x00000166   Section        0  memcpya.o(.text)
    .text                                    0x0000018a   Section        0  calloc.o(.text)
    .text                                    0x000001a6   Section        0  uidiv.o(.text)
    .text                                    0x000001d2   Section        0  llshl.o(.text)
    .text                                    0x000001f0   Section        0  llushr.o(.text)
    .text                                    0x00000210   Section       36  init.o(.text)
    handle_pend                              0x00000234   Section       40  context.o(handle_pend)
    i.Free                                   0x0000025c   Section        0  uart.o(i.Free)
    i.FreeRcv                                0x00000264   Section        0  uart.o(i.FreeRcv)
    i.FreeSnd                                0x00000288   Section        0  uart.o(i.FreeSnd)
    i.TIMER0_IRQHandler                      0x000002ac   Section        0  utility.o(i.TIMER0_IRQHandler)
    i.UARTSendChar                           0x000002cc   Section        0  uart.o(i.UARTSendChar)
    i.__scatterload_null                     0x000002f0   Section        2  handlers.o(i.__scatterload_null)
    .constdata                               0x000002f2   Section        8  utility.o(.constdata)
    led_pos                                  0x000002f2   Data           8  utility.o(.constdata)
    .ARM.__at_0x02FC                         0x000002fc   Section        4  startup_lpc17xx.o(.ARM.__at_0x02FC)
    i.CyclicExecutionFramework               0x00000300   Section        0  p1_main.o(i.CyclicExecutionFramework)
    i.MyInterruptHandler                     0x000004e0   Section        0  p1_main.o(i.MyInterruptHandler)
    i.SystemCoreClockUpdate                  0x00000600   Section        0  system_lpc17xx.o(i.SystemCoreClockUpdate)
    i.SystemInit                             0x000007a8   Section        0  system_lpc17xx.o(i.SystemInit)
    i.UART0_IRQHandler                       0x000008e8   Section        0  uart.o(i.UART0_IRQHandler)
    i.UART1_IRQHandler                       0x00000950   Section        0  uart.o(i.UART1_IRQHandler)
    i.UARTInit                               0x000009c0   Section        0  uart.o(i.UARTInit)
    i.__0printf$1                            0x00000a7c   Section        0  printf1.o(i.__0printf$1)
    i.__NVIC_EnableIRQ                       0x00000a9c   Section        0  uart.o(i.__NVIC_EnableIRQ)
    __NVIC_EnableIRQ                         0x00000a9d   Thumb Code    34  uart.o(i.__NVIC_EnableIRQ)
    i.__scatterload_copy                     0x00000abe   Section       14  handlers.o(i.__scatterload_copy)
    i.__scatterload_zeroinit                 0x00000acc   Section       14  handlers.o(i.__scatterload_zeroinit)
    i._printf_core                           0x00000adc   Section        0  printf1.o(i._printf_core)
    _printf_core                             0x00000add   Thumb Code   336  printf1.o(i._printf_core)
    i.add_item_to_waiting_queue              0x00000c30   Section        0  p1_main.o(i.add_item_to_waiting_queue)
    i.airflow_callback                       0x00000dfc   Section        0  p1_main.o(i.airflow_callback)
    i.clear_led                              0x00000e3c   Section        0  utility.o(i.clear_led)
    i.context_switch_to                      0x00000e60   Section        0  utility.o(i.context_switch_to)
    i.create_new_context                     0x00000ea4   Section        0  utility.o(i.create_new_context)
    i.engine_airflow_monitoring_task         0x00000ec8   Section        0  engine_controller.o(i.engine_airflow_monitoring_task)
    i.engine_busy_wait                       0x00000ede   Section        0  engine_controller.o(i.engine_busy_wait)
    engine_busy_wait                         0x00000edf   Thumb Code    34  engine_controller.o(i.engine_busy_wait)
    i.engine_define_task_release_callbacks   0x00000f00   Section        0  engine_controller.o(i.engine_define_task_release_callbacks)
    i.engine_fuel_injection_task             0x00000f14   Section        0  engine_controller.o(i.engine_fuel_injection_task)
    i.engine_high_pressure_compression_shaft_task 0x00000f5c   Section        0  engine_controller.o(i.engine_high_pressure_compression_shaft_task)
    i.engine_low_pressure_compression_shaft_task 0x00000fa8   Section        0  engine_controller.o(i.engine_low_pressure_compression_shaft_task)
    i.engine_vibration_analysis_task         0x00000fec   Section        0  engine_controller.o(i.engine_vibration_analysis_task)
    i.find_free_context                      0x00001004   Section        0  p1_main.o(i.find_free_context)
    i.fputc                                  0x00001024   Section        0  retarget.o(i.fputc)
    i.free                                   0x00001034   Section        0  malloc.o(i.free)
    i.getFrequency                           0x00001084   Section        0  uart.o(i.getFrequency)
    i.get_currently_active_context           0x000010cc   Section        0  utility.o(i.get_currently_active_context)
    i.initialize_context_switching_utility   0x000010d8   Section        0  utility.o(i.initialize_context_switching_utility)
    i.initialize_current_seq                 0x000010ec   Section        0  p1_main.o(i.initialize_current_seq)
    i.initialize_leds                        0x00001128   Section        0  utility.o(i.initialize_leds)
    i.initialize_timer                       0x00001144   Section        0  utility.o(i.initialize_timer)
    i.main                                   0x000011dc   Section        0  p1_main.o(i.main)
    i.malloc                                 0x000012d8   Section        0  malloc.o(i.malloc)
    i.return_from_context_run                0x00001344   Section        0  utility.o(i.return_from_context_run)
    return_from_context_run                  0x00001345   Thumb Code    30  utility.o(i.return_from_context_run)
    i.run_in_context                         0x00001370   Section        0  utility.o(i.run_in_context)
    i.schedule_the_upcoming_frame            0x000013c8   Section        0  p1_main.o(i.schedule_the_upcoming_frame)
    i.sendchar                               0x00001664   Section        0  retarget.o(i.sendchar)
    i.set_led                                0x000016a8   Section        0  utility.o(i.set_led)
    i.timer_read                             0x000016cc   Section        0  utility.o(i.timer_read)
    i.vibration_callback                     0x000016d8   Section        0  p1_main.o(i.vibration_callback)
    .constdata                               0x00001718   Section      184  p1_main.o(.constdata)
    .data                                    0x10000000   Section       72  p1_main.o(.data)
    .data                                    0x10000048   Section       12  retarget.o(.data)
    .data                                    0x10000054   Section       32  uart.o(.data)
    .data                                    0x10000074   Section       20  engine_controller.o(.data)
    release_airflow_callback                 0x10000074   Data           4  engine_controller.o(.data)
    release_vibration_callback               0x10000078   Data           4  engine_controller.o(.data)
    counter                                  0x1000007c   Data           4  engine_controller.o(.data)
    counter                                  0x10000080   Data           4  engine_controller.o(.data)
    counter                                  0x10000084   Data           4  engine_controller.o(.data)
    .data                                    0x10000088   Section       20  utility.o(.data)
    _global_timer_callback                   0x10000088   Data           4  utility.o(.data)
    _global_next_available_context           0x10000094   Data           4  utility.o(.data)
    _global_currently_active_context         0x10000098   Data           4  utility.o(.data)
    .data                                    0x1000009c   Section        4  system_lpc17xx.o(.data)
    .data                                    0x100000a0   Section        4  mvars.o(.data)
    .data                                    0x100000a4   Section        4  mvars.o(.data)
    .bss                                     0x100000a8   Section     1632  p1_main.o(.bss)
    .bss                                     0x10000708   Section      128  uart.o(.bss)
    .bss                                     0x10000788   Section       96  utility.o(.bss)
    _global_stack_pointers                   0x10000788   Data          32  utility.o(.bss)
    _global_run_in_context_origins           0x100007a8   Data          32  utility.o(.bss)
    _global_context_ran_to_completion        0x100007c8   Data          32  utility.o(.bss)
    HEAP                                     0x100007e8   Section     8192  startup_lpc17xx.o(HEAP)
    STACK                                    0x100027e8   Section     8192  startup_lpc17xx.o(STACK)

    Global Symbols

    Symbol Name                              Value     Ov Type        Size  Object(Section)

    BuildAttributes$$THM_ISAv4$P$D$K$B$S$PE$A:L22UL41UL21$X:L11$S22US41US21$IEEE1$IW$USESV6$~STKCKD$USESV7$~SHL$OSPACE$ROPI$EBA8$MICROLIB$REQ8$PRES8$EABIv2 0x00000000   Number         0  anon$$obj.o ABSOLUTE
    __ARM_use_no_argv                        0x00000000   Number         0  p1_main.o ABSOLUTE
    __Vectors                                0x00000000   Data           4  startup_lpc17xx.o(RESET)
    _printf_a                                0x00000000   Number         0  stubs.o ABSOLUTE
    _printf_c                                0x00000000   Number         0  stubs.o ABSOLUTE
    _printf_charcount                        0x00000000   Number         0  stubs.o ABSOLUTE
    _printf_d                                0x00000000   Number         0  stubs.o ABSOLUTE
    _printf_e                                0x00000000   Number         0  stubs.o ABSOLUTE
    _printf_f                                0x00000000   Number         0  stubs.o ABSOLUTE
    _printf_flags                            0x00000000   Number         0  stubs.o ABSOLUTE
    _printf_fp_dec                           0x00000000   Number         0  stubs.o ABSOLUTE
    _printf_fp_hex                           0x00000000   Number         0  stubs.o ABSOLUTE
    _printf_g                                0x00000000   Number         0  stubs.o ABSOLUTE
    _printf_i                                0x00000000   Number         0  stubs.o ABSOLUTE
    _printf_int_dec                          0x00000000   Number         0  stubs.o ABSOLUTE
    _printf_l                                0x00000000   Number         0  stubs.o ABSOLUTE
    _printf_lc                               0x00000000   Number         0  stubs.o ABSOLUTE
    _printf_ll                               0x00000000   Number         0  stubs.o ABSOLUTE
    _printf_lld                              0x00000000   Number         0  stubs.o ABSOLUTE
    _printf_lli                              0x00000000   Number         0  stubs.o ABSOLUTE
    _printf_llo                              0x00000000   Number         0  stubs.o ABSOLUTE
    _printf_llu                              0x00000000   Number         0  stubs.o ABSOLUTE
    _printf_llx                              0x00000000   Number         0  stubs.o ABSOLUTE
    _printf_longlong_dec                     0x00000000   Number         0  stubs.o ABSOLUTE
    _printf_longlong_hex                     0x00000000   Number         0  stubs.o ABSOLUTE
    _printf_longlong_oct                     0x00000000   Number         0  stubs.o ABSOLUTE
    _printf_ls                               0x00000000   Number         0  stubs.o ABSOLUTE
    _printf_mbtowc                           0x00000000   Number         0  stubs.o ABSOLUTE
    _printf_n                                0x00000000   Number         0  stubs.o ABSOLUTE
    _printf_o                                0x00000000   Number         0  stubs.o ABSOLUTE
    _printf_p                                0x00000000   Number         0  stubs.o ABSOLUTE
    _printf_percent                          0x00000000   Number         0  stubs.o ABSOLUTE
    _printf_pre_padding                      0x00000000   Number         0  stubs.o ABSOLUTE
    _printf_return_value                     0x00000000   Number         0  stubs.o ABSOLUTE
    _printf_s                                0x00000000   Number         0  stubs.o ABSOLUTE
    _printf_sizespec                         0x00000000   Number         0  stubs.o ABSOLUTE
    _printf_str                              0x00000000   Number         0  stubs.o ABSOLUTE
    _printf_truncate_signed                  0x00000000   Number         0  stubs.o ABSOLUTE
    _printf_truncate_unsigned                0x00000000   Number         0  stubs.o ABSOLUTE
    _printf_u                                0x00000000   Number         0  stubs.o ABSOLUTE
    _printf_wc                               0x00000000   Number         0  stubs.o ABSOLUTE
    _printf_wctomb                           0x00000000   Number         0  stubs.o ABSOLUTE
    _printf_widthprec                        0x00000000   Number         0  stubs.o ABSOLUTE
    _printf_x                                0x00000000   Number         0  stubs.o ABSOLUTE
    __cpp_initialize__aeabi_                  - Undefined Weak Reference
    __cxa_finalize                            - Undefined Weak Reference
    __decompress                              - Undefined Weak Reference
    _clock_init                               - Undefined Weak Reference
    _microlib_exit                            - Undefined Weak Reference
    __main                                   0x000000cd   Thumb Code     0  entry.o(.ARM.Collect$$$$00000000)
    _main_stk                                0x000000cd   Thumb Code     0  entry2.o(.ARM.Collect$$$$00000001)
    _main_scatterload                        0x000000d1   Thumb Code     0  entry5.o(.ARM.Collect$$$$00000004)
    __main_after_scatterload                 0x000000d5   Thumb Code     0  entry5.o(.ARM.Collect$$$$00000004)
    _main_clock                              0x000000d5   Thumb Code     0  entry7b.o(.ARM.Collect$$$$00000008)
    _main_cpp_init                           0x000000d5   Thumb Code     0  entry8b.o(.ARM.Collect$$$$0000000A)
    _main_init                               0x000000d5   Thumb Code     0  entry9a.o(.ARM.Collect$$$$0000000B)
    __rt_final_cpp                           0x000000dd   Thumb Code     0  entry10a.o(.ARM.Collect$$$$0000000D)
    __rt_final_exit                          0x000000dd   Thumb Code     0  entry11a.o(.ARM.Collect$$$$0000000F)
    Reset_Handler                            0x000000e1   Thumb Code     8  startup_lpc17xx.o(.text)
    NMI_Handler                              0x000000e9   Thumb Code     2  startup_lpc17xx.o(.text)
    HardFault_Handler                        0x000000eb   Thumb Code     2  startup_lpc17xx.o(.text)
    MemManage_Handler                        0x000000ed   Thumb Code     2  startup_lpc17xx.o(.text)
    BusFault_Handler                         0x000000ef   Thumb Code     2  startup_lpc17xx.o(.text)
    UsageFault_Handler                       0x000000f1   Thumb Code     2  startup_lpc17xx.o(.text)
    SVC_Handler                              0x000000f3   Thumb Code     2  startup_lpc17xx.o(.text)
    DebugMon_Handler                         0x000000f5   Thumb Code     2  startup_lpc17xx.o(.text)
    SysTick_Handler                          0x000000f9   Thumb Code     2  startup_lpc17xx.o(.text)
    ADC_IRQHandler                           0x000000fb   Thumb Code     0  startup_lpc17xx.o(.text)
    BOD_IRQHandler                           0x000000fb   Thumb Code     0  startup_lpc17xx.o(.text)
    CANActivity_IRQHandler                   0x000000fb   Thumb Code     0  startup_lpc17xx.o(.text)
    CAN_IRQHandler                           0x000000fb   Thumb Code     0  startup_lpc17xx.o(.text)
    DMA_IRQHandler                           0x000000fb   Thumb Code     0  startup_lpc17xx.o(.text)
    EINT0_IRQHandler                         0x000000fb   Thumb Code     0  startup_lpc17xx.o(.text)
    EINT1_IRQHandler                         0x000000fb   Thumb Code     0  startup_lpc17xx.o(.text)
    EINT2_IRQHandler                         0x000000fb   Thumb Code     0  startup_lpc17xx.o(.text)
    EINT3_IRQHandler                         0x000000fb   Thumb Code     0  startup_lpc17xx.o(.text)
    ENET_IRQHandler                          0x000000fb   Thumb Code     0  startup_lpc17xx.o(.text)
    I2C0_IRQHandler                          0x000000fb   Thumb Code     0  startup_lpc17xx.o(.text)
    I2C1_IRQHandler                          0x000000fb   Thumb Code     0  startup_lpc17xx.o(.text)
    I2C2_IRQHandler                          0x000000fb   Thumb Code     0  startup_lpc17xx.o(.text)
    I2S_IRQHandler                           0x000000fb   Thumb Code     0  startup_lpc17xx.o(.text)
    MCPWM_IRQHandler                         0x000000fb   Thumb Code     0  startup_lpc17xx.o(.text)
    PLL0_IRQHandler                          0x000000fb   Thumb Code     0  startup_lpc17xx.o(.text)
    PLL1_IRQHandler                          0x000000fb   Thumb Code     0  startup_lpc17xx.o(.text)
    PWM1_IRQHandler                          0x000000fb   Thumb Code     0  startup_lpc17xx.o(.text)
    QEI_IRQHandler                           0x000000fb   Thumb Code     0  startup_lpc17xx.o(.text)
    RIT_IRQHandler                           0x000000fb   Thumb Code     0  startup_lpc17xx.o(.text)
    RTC_IRQHandler                           0x000000fb   Thumb Code     0  startup_lpc17xx.o(.text)
    SPI_IRQHandler                           0x000000fb   Thumb Code     0  startup_lpc17xx.o(.text)
    SSP0_IRQHandler                          0x000000fb   Thumb Code     0  startup_lpc17xx.o(.text)
    SSP1_IRQHandler                          0x000000fb   Thumb Code     0  startup_lpc17xx.o(.text)
    TIMER1_IRQHandler                        0x000000fb   Thumb Code     0  startup_lpc17xx.o(.text)
    TIMER2_IRQHandler                        0x000000fb   Thumb Code     0  startup_lpc17xx.o(.text)
    TIMER3_IRQHandler                        0x000000fb   Thumb Code     0  startup_lpc17xx.o(.text)
    UART2_IRQHandler                         0x000000fb   Thumb Code     0  startup_lpc17xx.o(.text)
    UART3_IRQHandler                         0x000000fb   Thumb Code     0  startup_lpc17xx.o(.text)
    USBActivity_IRQHandler                   0x000000fb   Thumb Code     0  startup_lpc17xx.o(.text)
    USB_IRQHandler                           0x000000fb   Thumb Code     0  startup_lpc17xx.o(.text)
    WDT_IRQHandler                           0x000000fb   Thumb Code     0  startup_lpc17xx.o(.text)
    __aeabi_uldivmod                         0x00000105   Thumb Code    98  uldiv.o(.text)
    __aeabi_memcpy                           0x00000167   Thumb Code    36  memcpya.o(.text)
    __aeabi_memcpy4                          0x00000167   Thumb Code     0  memcpya.o(.text)
    __aeabi_memcpy8                          0x00000167   Thumb Code     0  memcpya.o(.text)
    calloc                                   0x0000018b   Thumb Code    28  calloc.o(.text)
    __aeabi_uidiv                            0x000001a7   Thumb Code     0  uidiv.o(.text)
    __aeabi_uidivmod                         0x000001a7   Thumb Code    44  uidiv.o(.text)
    __aeabi_llsl                             0x000001d3   Thumb Code    30  llshl.o(.text)
    _ll_shift_l                              0x000001d3   Thumb Code     0  llshl.o(.text)
    __aeabi_llsr                             0x000001f1   Thumb Code    32  llushr.o(.text)
    _ll_ushift_r                             0x000001f1   Thumb Code     0  llushr.o(.text)
    __scatterload                            0x00000211   Thumb Code    28  init.o(.text)
    __scatterload_rt2                        0x00000211   Thumb Code     0  init.o(.text)
    PendSV_Handler                           0x00000235   Thumb Code     0  context.o(handle_pend)
    Free                                     0x0000025d   Thumb Code     6  uart.o(i.Free)
    FreeRcv                                  0x00000265   Thumb Code    28  uart.o(i.FreeRcv)
    FreeSnd                                  0x00000289   Thumb Code    28  uart.o(i.FreeSnd)
    TIMER0_IRQHandler                        0x000002ad   Thumb Code    26  utility.o(i.TIMER0_IRQHandler)
    UARTSendChar                             0x000002cd   Thumb Code    26  uart.o(i.UARTSendChar)
    __scatterload_null                       0x000002f1   Thumb Code     2  handlers.o(i.__scatterload_null)
    CyclicExecutionFramework                 0x00000301   Thumb Code   372  p1_main.o(i.CyclicExecutionFramework)
    MyInterruptHandler                       0x000004e1   Thumb Code   264  p1_main.o(i.MyInterruptHandler)
    SystemCoreClockUpdate                    0x00000601   Thumb Code   408  system_lpc17xx.o(i.SystemCoreClockUpdate)
    SystemInit                               0x000007a9   Thumb Code   302  system_lpc17xx.o(i.SystemInit)
    UART0_IRQHandler                         0x000008e9   Thumb Code    88  uart.o(i.UART0_IRQHandler)
    UART1_IRQHandler                         0x00000951   Thumb Code    90  uart.o(i.UART1_IRQHandler)
    UARTInit                                 0x000009c1   Thumb Code   176  uart.o(i.UARTInit)
    __0printf$1                              0x00000a7d   Thumb Code    22  printf1.o(i.__0printf$1)
    __1printf$1                              0x00000a7d   Thumb Code     0  printf1.o(i.__0printf$1)
    __2printf                                0x00000a7d   Thumb Code     0  printf1.o(i.__0printf$1)
    __scatterload_copy                       0x00000abf   Thumb Code    14  handlers.o(i.__scatterload_copy)
    __scatterload_zeroinit                   0x00000acd   Thumb Code    14  handlers.o(i.__scatterload_zeroinit)
    add_item_to_waiting_queue                0x00000c31   Thumb Code   300  p1_main.o(i.add_item_to_waiting_queue)
    airflow_callback                         0x00000dfd   Thumb Code    60  p1_main.o(i.airflow_callback)
    clear_led                                0x00000e3d   Thumb Code    26  utility.o(i.clear_led)
    context_switch_to                        0x00000e61   Thumb Code    46  utility.o(i.context_switch_to)
    create_new_context                       0x00000ea5   Thumb Code    32  utility.o(i.create_new_context)
    engine_airflow_monitoring_task           0x00000ec9   Thumb Code    22  engine_controller.o(i.engine_airflow_monitoring_task)
    engine_define_task_release_callbacks     0x00000f01   Thumb Code    10  engine_controller.o(i.engine_define_task_release_callbacks)
    engine_fuel_injection_task               0x00000f15   Thumb Code    62  engine_controller.o(i.engine_fuel_injection_task)
    engine_high_pressure_compression_shaft_task 0x00000f5d   Thumb Code    70  engine_controller.o(i.engine_high_pressure_compression_shaft_task)
    engine_low_pressure_compression_shaft_task 0x00000fa9   Thumb Code    60  engine_controller.o(i.engine_low_pressure_compression_shaft_task)
    engine_vibration_analysis_task           0x00000fed   Thumb Code    22  engine_controller.o(i.engine_vibration_analysis_task)
    find_free_context                        0x00001005   Thumb Code    28  p1_main.o(i.find_free_context)
    fputc                                    0x00001025   Thumb Code    14  retarget.o(i.fputc)
    free                                     0x00001035   Thumb Code    76  malloc.o(i.free)
    getFrequency                             0x00001085   Thumb Code    62  uart.o(i.getFrequency)
    get_currently_active_context             0x000010cd   Thumb Code     6  utility.o(i.get_currently_active_context)
    initialize_context_switching_utility     0x000010d9   Thumb Code    14  utility.o(i.initialize_context_switching_utility)
    initialize_current_seq                   0x000010ed   Thumb Code    52  p1_main.o(i.initialize_current_seq)
    initialize_leds                          0x00001129   Thumb Code    24  utility.o(i.initialize_leds)
    initialize_timer                         0x00001145   Thumb Code   130  utility.o(i.initialize_timer)
    main                                     0x000011dd   Thumb Code   246  p1_main.o(i.main)
    malloc                                   0x000012d9   Thumb Code    92  malloc.o(i.malloc)
    run_in_context                           0x00001371   Thumb Code    66  utility.o(i.run_in_context)
    schedule_the_upcoming_frame              0x000013c9   Thumb Code   634  p1_main.o(i.schedule_the_upcoming_frame)
    sendchar                                 0x00001665   Thumb Code    64  retarget.o(i.sendchar)
    set_led                                  0x000016a9   Thumb Code    26  utility.o(i.set_led)
    timer_read                               0x000016cd   Thumb Code     6  utility.o(i.timer_read)
    vibration_callback                       0x000016d9   Thumb Code    60  p1_main.o(i.vibration_callback)
    Region$$Table$$Base                      0x000017d0   Number         0  anon$$obj.o(Region$$Table)
    Region$$Table$$Limit                     0x000017f0   Number         0  anon$$obj.o(Region$$Table)
    current_frame_index                      0x10000000   Data           4  p1_main.o(.data)
    current_item_index                       0x10000004   Data           4  p1_main.o(.data)
    current_item_running                     0x10000008   Data           4  p1_main.o(.data)
    item_number_in_current_sequence          0x1000000c   Data           4  p1_main.o(.data)
    context_temp                             0x10000010   Data           4  p1_main.o(.data)
    global_frame_count                       0x10000014   Data           4  p1_main.o(.data)
    i_run_success                            0x10000018   Data           4  p1_main.o(.data)
    p_test_function                          0x1000001c   Data           4  p1_main.o(.data)
    first_time                               0x10000020   Data           4  p1_main.o(.data)
    g_numt                                   0x10000024   Data           4  p1_main.o(.data)
    g_all_tasks                              0x10000028   Data           4  p1_main.o(.data)
    g_nums                                   0x1000002c   Data           4  p1_main.o(.data)
    g_sporadic_tasks                         0x10000030   Data           4  p1_main.o(.data)
    g_numa                                   0x10000034   Data           4  p1_main.o(.data)
    g_aperiodic_tasks                        0x10000038   Data           4  p1_main.o(.data)
    g_num_of_frames                          0x1000003c   Data           4  p1_main.o(.data)
    g_frame_sequence                         0x10000040   Data           4  p1_main.o(.data)
    g_item_count_in_each_frame               0x10000044   Data           4  p1_main.o(.data)
    uart_init_called                         0x10000048   Data           1  retarget.o(.data)
    __stdout                                 0x1000004c   Data           4  retarget.o(.data)
    __stdin                                  0x10000050   Data           4  retarget.o(.data)
    ITM_RxBuffer                             0x10000054   Data           4  uart.o(.data)
    UART0Status                              0x10000058   Data           4  uart.o(.data)
    UART1Status                              0x1000005c   Data           4  uart.o(.data)
    UART0TxEmpty                             0x10000060   Data           1  uart.o(.data)
    UART1TxEmpty                             0x10000061   Data           1  uart.o(.data)
    UART0Count                               0x10000064   Data           4  uart.o(.data)
    UART1Count                               0x10000068   Data           4  uart.o(.data)
    RcvLock0                                 0x1000006c   Data           1  uart.o(.data)
    SndLock0                                 0x1000006d   Data           1  uart.o(.data)
    RcvLock1                                 0x1000006e   Data           1  uart.o(.data)
    SndLock1                                 0x1000006f   Data           1  uart.o(.data)
    i                                        0x10000070   Data           4  uart.o(.data)
    _global_resume_stack_pointer             0x1000008c   Data           4  utility.o(.data)
    _global_save_stack_pointer               0x10000090   Data           4  utility.o(.data)
    SystemCoreClock                          0x1000009c   Data           4  system_lpc17xx.o(.data)
    __microlib_freelist                      0x100000a0   Data           4  mvars.o(.data)
    __microlib_freelist_initialised          0x100000a4   Data           4  mvars.o(.data)
    current_frame_sequence                   0x100000a8   Data         400  p1_main.o(.bss)
    periodic_queue                           0x10000238   Data         400  p1_main.o(.bss)
    sporadic_queue                           0x100003c8   Data         400  p1_main.o(.bss)
    aperiodic_queue                          0x10000558   Data         400  p1_main.o(.bss)
    context_in_use                           0x100006e8   Data          32  p1_main.o(.bss)
    UART0Buffer                              0x10000708   Data          64  uart.o(.bss)
    UART1Buffer                              0x10000748   Data          64  uart.o(.bss)
    __heap_base                              0x100007e8   Data           0  startup_lpc17xx.o(HEAP)
    __heap_limit                             0x100027e8   Data           0  startup_lpc17xx.o(HEAP)
    __initial_sp                             0x100047e8   Data           0  startup_lpc17xx.o(STACK)



==============================================================================

Memory Map of the image

  Image Entry point : 0x000000e1

  Load Region LR_1 (Base: 0x00000000, Size: 0x00001898, Max: 0xffffffff, ABSOLUTE)

    Execution Region ER_RO (Exec base: 0x00000000, Load base: 0x00000000, Size: 0x000017f0, Max: 0xffffffff, ABSOLUTE)

    Exec Addr    Load Addr    Size         Type   Attr      Idx    E Section Name        Object

    0x00000000   0x00000000   0x000000cc   Data   RO          540    RESET               startup_lpc17xx.o
    0x000000cc   0x000000cc   0x00000000   Code   RO          584  * .ARM.Collect$$$$00000000  mc_w.l(entry.o)
    0x000000cc   0x000000cc   0x00000004   Code   RO          884    .ARM.Collect$$$$00000001  mc_w.l(entry2.o)
    0x000000d0   0x000000d0   0x00000004   Code   RO          887    .ARM.Collect$$$$00000004  mc_w.l(entry5.o)
    0x000000d4   0x000000d4   0x00000000   Code   RO          889    .ARM.Collect$$$$00000008  mc_w.l(entry7b.o)
    0x000000d4   0x000000d4   0x00000000   Code   RO          891    .ARM.Collect$$$$0000000A  mc_w.l(entry8b.o)
    0x000000d4   0x000000d4   0x00000008   Code   RO          892    .ARM.Collect$$$$0000000B  mc_w.l(entry9a.o)
    0x000000dc   0x000000dc   0x00000000   Code   RO          894    .ARM.Collect$$$$0000000D  mc_w.l(entry10a.o)
    0x000000dc   0x000000dc   0x00000000   Code   RO          896    .ARM.Collect$$$$0000000F  mc_w.l(entry11a.o)
    0x000000dc   0x000000dc   0x00000004   Code   RO          885    .ARM.Collect$$$$00002712  mc_w.l(entry2.o)
    0x000000e0   0x000000e0   0x00000024   Code   RO          542  * .text               startup_lpc17xx.o
    0x00000104   0x00000104   0x00000062   Code   RO          587    .text               mc_w.l(uldiv.o)
    0x00000166   0x00000166   0x00000024   Code   RO          589    .text               mc_w.l(memcpya.o)
    0x0000018a   0x0000018a   0x0000001c   Code   RO          882    .text               mc_w.l(calloc.o)
    0x000001a6   0x000001a6   0x0000002c   Code   RO          898    .text               mc_w.l(uidiv.o)
    0x000001d2   0x000001d2   0x0000001e   Code   RO          900    .text               mc_w.l(llshl.o)
    0x000001f0   0x000001f0   0x00000020   Code   RO          902    .text               mc_w.l(llushr.o)
    0x00000210   0x00000210   0x00000024   Code   RO          917    .text               mc_w.l(init.o)
    0x00000234   0x00000234   0x00000028   Code   RO          535    handle_pend         context.o
    0x0000025c   0x0000025c   0x00000006   Code   RO          184    i.Free              uart.o
    0x00000262   0x00000262   0x00000002   PAD
    0x00000264   0x00000264   0x00000024   Code   RO          185    i.FreeRcv           uart.o
    0x00000288   0x00000288   0x00000024   Code   RO          186    i.FreeSnd           uart.o
    0x000002ac   0x000002ac   0x00000020   Code   RO          437    i.TIMER0_IRQHandler  utility.o
    0x000002cc   0x000002cc   0x00000024   Code   RO          196    i.UARTSendChar      uart.o
    0x000002f0   0x000002f0   0x00000002   Code   RO          926    i.__scatterload_null  mc_w.l(handlers.o)
    0x000002f2   0x000002f2   0x00000008   Data   RO          450    .constdata          utility.o
    0x000002fa   0x000002fa   0x00000002   PAD
    0x000002fc   0x000002fc   0x00000004   Code   RO          541    .ARM.__at_0x02FC    startup_lpc17xx.o
    0x00000300   0x00000300   0x000001e0   Code   RO            4    i.CyclicExecutionFramework  p1_main.o
    0x000004e0   0x000004e0   0x00000120   Code   RO            5    i.MyInterruptHandler  p1_main.o
    0x00000600   0x00000600   0x000001a8   Code   RO          551    i.SystemCoreClockUpdate  system_lpc17xx.o
    0x000007a8   0x000007a8   0x00000140   Code   RO          552    i.SystemInit        system_lpc17xx.o
    0x000008e8   0x000008e8   0x00000068   Code   RO          190    i.UART0_IRQHandler  uart.o
    0x00000950   0x00000950   0x00000070   Code   RO          191    i.UART1_IRQHandler  uart.o
    0x000009c0   0x000009c0   0x000000bc   Code   RO          192    i.UARTInit          uart.o
    0x00000a7c   0x00000a7c   0x00000020   Code   RO          638    i.__0printf$1       mc_w.l(printf1.o)
    0x00000a9c   0x00000a9c   0x00000022   Code   RO          197    i.__NVIC_EnableIRQ  uart.o
    0x00000abe   0x00000abe   0x0000000e   Code   RO          925    i.__scatterload_copy  mc_w.l(handlers.o)
    0x00000acc   0x00000acc   0x0000000e   Code   RO          927    i.__scatterload_zeroinit  mc_w.l(handlers.o)
    0x00000ada   0x00000ada   0x00000002   PAD
    0x00000adc   0x00000adc   0x00000154   Code   RO          645    i._printf_core      mc_w.l(printf1.o)
    0x00000c30   0x00000c30   0x000001cc   Code   RO            6    i.add_item_to_waiting_queue  p1_main.o
    0x00000dfc   0x00000dfc   0x00000040   Code   RO            7    i.airflow_callback  p1_main.o
    0x00000e3c   0x00000e3c   0x00000024   Code   RO          438    i.clear_led         utility.o
    0x00000e60   0x00000e60   0x00000044   Code   RO          439    i.context_switch_to  utility.o
    0x00000ea4   0x00000ea4   0x00000024   Code   RO          440    i.create_new_context  utility.o
    0x00000ec8   0x00000ec8   0x00000016   Code   RO          366    i.engine_airflow_monitoring_task  engine_controller.o
    0x00000ede   0x00000ede   0x00000022   Code   RO          367    i.engine_busy_wait  engine_controller.o
    0x00000f00   0x00000f00   0x00000014   Code   RO          368    i.engine_define_task_release_callbacks  engine_controller.o
    0x00000f14   0x00000f14   0x00000048   Code   RO          369    i.engine_fuel_injection_task  engine_controller.o
    0x00000f5c   0x00000f5c   0x0000004c   Code   RO          370    i.engine_high_pressure_compression_shaft_task  engine_controller.o
    0x00000fa8   0x00000fa8   0x00000044   Code   RO          371    i.engine_low_pressure_compression_shaft_task  engine_controller.o
    0x00000fec   0x00000fec   0x00000016   Code   RO          372    i.engine_vibration_analysis_task  engine_controller.o
    0x00001002   0x00001002   0x00000002   PAD
    0x00001004   0x00001004   0x00000020   Code   RO            8    i.find_free_context  p1_main.o
    0x00001024   0x00001024   0x0000000e   Code   RO          124    i.fputc             retarget.o
    0x00001032   0x00001032   0x00000002   PAD
    0x00001034   0x00001034   0x00000050   Code   RO          854    i.free              mc_w.l(malloc.o)
    0x00001084   0x00001084   0x00000048   Code   RO          198    i.getFrequency      uart.o
    0x000010cc   0x000010cc   0x0000000c   Code   RO          441    i.get_currently_active_context  utility.o
    0x000010d8   0x000010d8   0x00000014   Code   RO          442    i.initialize_context_switching_utility  utility.o
    0x000010ec   0x000010ec   0x0000003c   Code   RO            9    i.initialize_current_seq  p1_main.o
    0x00001128   0x00001128   0x0000001c   Code   RO          443    i.initialize_leds   utility.o
    0x00001144   0x00001144   0x00000098   Code   RO          444    i.initialize_timer  utility.o
    0x000011dc   0x000011dc   0x000000fc   Code   RO           10    i.main              p1_main.o
    0x000012d8   0x000012d8   0x0000006c   Code   RO          855    i.malloc            mc_w.l(malloc.o)
    0x00001344   0x00001344   0x0000002c   Code   RO          445    i.return_from_context_run  utility.o
    0x00001370   0x00001370   0x00000058   Code   RO          446    i.run_in_context    utility.o
    0x000013c8   0x000013c8   0x0000029c   Code   RO           11    i.schedule_the_upcoming_frame  p1_main.o
    0x00001664   0x00001664   0x00000044   Code   RO          126    i.sendchar          retarget.o
    0x000016a8   0x000016a8   0x00000024   Code   RO          447    i.set_led           utility.o
    0x000016cc   0x000016cc   0x0000000c   Code   RO          448    i.timer_read        utility.o
    0x000016d8   0x000016d8   0x00000040   Code   RO           12    i.vibration_callback  p1_main.o
    0x00001718   0x00001718   0x000000b8   Data   RO           14    .constdata          p1_main.o
    0x000017d0   0x000017d0   0x00000020   Data   RO          923    Region$$Table       anon$$obj.o


    Execution Region ER_RW (Exec base: 0x10000000, Load base: 0x000017f0, Size: 0x000000a8, Max: 0xffffffff, ABSOLUTE)

    Exec Addr    Load Addr    Size         Type   Attr      Idx    E Section Name        Object

    0x10000000   0x000017f0   0x00000048   Data   RW           15    .data               p1_main.o
    0x10000048   0x00001838   0x0000000c   Data   RW          127    .data               retarget.o
    0x10000054   0x00001844   0x00000020   Data   RW          200    .data               uart.o
    0x10000074   0x00001864   0x00000014   Data   RW          373    .data               engine_controller.o
    0x10000088   0x00001878   0x00000014   Data   RW          451    .data               utility.o
    0x1000009c   0x0000188c   0x00000004   Data   RW          553    .data               system_lpc17xx.o
    0x100000a0   0x00001890   0x00000004   Data   RW          904    .data               mc_w.l(mvars.o)
    0x100000a4   0x00001894   0x00000004   Data   RW          905    .data               mc_w.l(mvars.o)


    Execution Region ER_ZI (Exec base: 0x100000a8, Load base: 0x00001898, Size: 0x00004740, Max: 0xffffffff, ABSOLUTE)

    Exec Addr    Load Addr    Size         Type   Attr      Idx    E Section Name        Object

    0x100000a8        -       0x00000660   Zero   RW           13    .bss                p1_main.o
    0x10000708        -       0x00000080   Zero   RW          199    .bss                uart.o
    0x10000788        -       0x00000060   Zero   RW          449    .bss                utility.o
    0x100007e8        -       0x00002000   Zero   RW          539    HEAP                startup_lpc17xx.o
    0x100027e8        -       0x00002000   Zero   RW          538    STACK               startup_lpc17xx.o


==============================================================================

Image component sizes


      Code (inc. data)   RO Data    RW Data    ZI Data      Debug   Object Name

        40          8          0          0          0        208   context.o
       314         34          0         20          0       3897   engine_controller.o
      2368        352        184         72       1632      57428   p1_main.o
        82          4          0         12          0       2890   retarget.o
        40         12        204          0      16384        972   startup_lpc17xx.o
       744         34          0          4          0       1323   system_lpc17xx.o
       624         86          0         32        128      22611   uart.o
       564        132          8         20         96      33153   utility.o

    ----------------------------------------------------------------------
      4782        662        430        160      18240     122482   Object Totals
         0          0         32          0          0          0   (incl. Generated)
         6          0          2          0          0          0   (incl. Padding)

    ----------------------------------------------------------------------

      Code (inc. data)   RO Data    RW Data    ZI Data      Debug   Library Member Name

        28          0          0          0          0         76   calloc.o
         0          0          0          0          0          0   entry.o
         0          0          0          0          0          0   entry10a.o
         0          0          0          0          0          0   entry11a.o
         8          4          0          0          0          0   entry2.o
         4          0          0          0          0          0   entry5.o
         0          0          0          0          0          0   entry7b.o
         0          0          0          0          0          0   entry8b.o
         8          4          0          0          0          0   entry9a.o
        30          0          0          0          0          0   handlers.o
        36          8          0          0          0         68   init.o
        30          0          0          0          0         68   llshl.o
        32          0          0          0          0         68   llushr.o
       188         20          0          0          0        160   malloc.o
        36          0          0          0          0         68   memcpya.o
         0          0          0          8          0          0   mvars.o
       372         14          0          0          0        184   printf1.o
        44          0          0          0          0         80   uidiv.o
        98          0          0          0          0         92   uldiv.o

    ----------------------------------------------------------------------
       916         50          0          8          0        864   Library Totals
         2          0          0          0          0          0   (incl. Padding)

    ----------------------------------------------------------------------

      Code (inc. data)   RO Data    RW Data    ZI Data      Debug   Library Name

       914         50          0          8          0        864   mc_w.l

    ----------------------------------------------------------------------
       916         50          0          8          0        864   Library Totals

    ----------------------------------------------------------------------

==============================================================================


      Code (inc. data)   RO Data    RW Data    ZI Data      Debug   

      5698        712        430        168      18240     121106   Grand Totals
      5698        712        430        168      18240     121106   ELF Image Totals
      5698        712        430        168          0          0   ROM Totals

==============================================================================

    Total RO  Size (Code + RO Data)                 6128 (   5.98kB)
    Total RW  Size (RW Data + ZI Data)             18408 (  17.98kB)
    Total ROM Size (Code + RO Data + RW Data)       6296 (   6.15kB)

==============================================================================

