Component: ARM Compiler 5.06 update 6 (build 750) Tool: armlink [4d35ed]

==============================================================================

Section Cross References

    p1_main.o(i.InitSysTick) refers to system_lpc17xx.o(.data) for SystemCoreClock
    p1_main.o(i.LogUpdate) refers to calloc.o(.text) for calloc
    p1_main.o(i.LogUpdate) refers to malloc.o(i.free) for free
    p1_main.o(i.LogUpdate) refers to p1_main.o(.data) for item_count
    p1_main.o(i.PrintLog) refers to printf1.o(i.__0printf$1) for __2printf
    p1_main.o(i.PrintLog) refers to p1_main.o(.data) for OldestItemTimer
    p1_main.o(i.ReadAndUpdate) refers to startercode.o(i.ReadJoystick) for ReadJoystick
    p1_main.o(i.ReadAndUpdate) refers to p1_main.o(i.LogUpdate) for LogUpdate
    p1_main.o(i.ReadAndUpdate) refers to startercode.o(i.ReadPushbutton) for ReadPushbutton
    p1_main.o(i.ReadAndUpdate) refers to p1_main.o(.data) for joy
    p1_main.o(i.SysTick_Handler) refers to p1_main.o(.data) for JoyFreezeTimer
    p1_main.o(i.main) refers to system_lpc17xx.o(i.SystemInit) for SystemInit
    p1_main.o(i.main) refers to startercode.o(i.Initialize) for Initialize
    p1_main.o(i.main) refers to p1_main.o(i.InitSysTick) for InitSysTick
    p1_main.o(i.main) refers to printf1.o(i.__0printf$1) for __2printf
    p1_main.o(i.main) refers to p1_main.o(i.FSMFramework) for FSMFramework
    p1_main.o(i.main) refers to p1_main.o(i.state0) for state0
    p1_main.o(i.main) refers to p1_main.o(i.state1) for state1
    p1_main.o(i.main) refers to p1_main.o(i.state2) for state2
    p1_main.o(i.main) refers to p1_main.o(i.state3) for state3
    p1_main.o(i.main) refers to system_lpc17xx.o(.data) for SystemCoreClock
    p1_main.o(i.state0) refers to p1_main.o(i.ReadAndUpdate) for ReadAndUpdate
    p1_main.o(i.state0) refers to startercode.o(i.ReadPotentiometer) for ReadPotentiometer
    p1_main.o(i.state0) refers to dfltui.o(.text) for __aeabi_ui2d
    p1_main.o(i.state0) refers to dmul.o(.text) for __aeabi_dmul
    p1_main.o(i.state0) refers to ddiv.o(.text) for __aeabi_ddiv
    p1_main.o(i.state0) refers to d2f.o(.text) for __aeabi_d2f
    p1_main.o(i.state0) refers to f2d.o(.text) for __aeabi_f2d
    p1_main.o(i.state0) refers to cdrcmple.o(.text) for __aeabi_cdrcmple
    p1_main.o(i.state0) refers to p1_main.o(.data) for voltage
    p1_main.o(i.state1) refers to p1_main.o(i.ReadAndUpdate) for ReadAndUpdate
    p1_main.o(i.state1) refers to startercode.o(i.ReadPotentiometer) for ReadPotentiometer
    p1_main.o(i.state1) refers to dfltui.o(.text) for __aeabi_ui2d
    p1_main.o(i.state1) refers to dmul.o(.text) for __aeabi_dmul
    p1_main.o(i.state1) refers to ddiv.o(.text) for __aeabi_ddiv
    p1_main.o(i.state1) refers to d2f.o(.text) for __aeabi_d2f
    p1_main.o(i.state1) refers to f2d.o(.text) for __aeabi_f2d
    p1_main.o(i.state1) refers to cdrcmple.o(.text) for __aeabi_cdrcmple
    p1_main.o(i.state1) refers to cdcmple.o(.text) for __aeabi_cdcmple
    p1_main.o(i.state1) refers to startercode.o(i.SetLED) for SetLED
    p1_main.o(i.state1) refers to p1_main.o(.data) for AccTimer
    p1_main.o(i.state2) refers to p1_main.o(i.ReadAndUpdate) for ReadAndUpdate
    p1_main.o(i.state2) refers to startercode.o(i.ReadPotentiometer) for ReadPotentiometer
    p1_main.o(i.state2) refers to dfltui.o(.text) for __aeabi_ui2d
    p1_main.o(i.state2) refers to dmul.o(.text) for __aeabi_dmul
    p1_main.o(i.state2) refers to ddiv.o(.text) for __aeabi_ddiv
    p1_main.o(i.state2) refers to d2f.o(.text) for __aeabi_d2f
    p1_main.o(i.state2) refers to f2d.o(.text) for __aeabi_f2d
    p1_main.o(i.state2) refers to cdrcmple.o(.text) for __aeabi_cdrcmple
    p1_main.o(i.state2) refers to cdcmple.o(.text) for __aeabi_cdcmple
    p1_main.o(i.state2) refers to p1_main.o(.data) for AccTimer
    p1_main.o(i.state3) refers to startercode.o(i.SetLED) for SetLED
    p1_main.o(i.state3) refers to p1_main.o(i.PrintLog) for PrintLog
    retarget.o(i._ttywrch) refers to retarget.o(i.sendchar) for sendchar
    retarget.o(i.fgetc) refers to retarget.o(i.getkey) for getkey
    retarget.o(i.fgetc) refers to retarget.o(i.sendchar) for sendchar
    retarget.o(i.fputc) refers to retarget.o(i.sendchar) for sendchar
    retarget.o(i.getkey) refers to uart.o(i.UARTInit) for UARTInit
    retarget.o(i.getkey) refers to uart.o(i.UARTReceiveChar) for UARTReceiveChar
    retarget.o(i.getkey) refers to retarget.o(.data) for uart_init_called
    retarget.o(i.sendchar) refers to uart.o(i.UARTInit) for UARTInit
    retarget.o(i.sendchar) refers to uart.o(i.UARTSendChar) for UARTSendChar
    retarget.o(i.sendchar) refers to retarget.o(.data) for uart_init_called
    uart.o(i.FreeRcv) refers to uart.o(i.Free) for Free
    uart.o(i.FreeRcv) refers to uart.o(.data) for RcvLock0
    uart.o(i.FreeSnd) refers to uart.o(i.Free) for Free
    uart.o(i.FreeSnd) refers to uart.o(.data) for SndLock0
    uart.o(i.LockRcv) refers to uart.o(i.Lock) for Lock
    uart.o(i.LockRcv) refers to uart.o(.data) for RcvLock0
    uart.o(i.LockSnd) refers to uart.o(i.Lock) for Lock
    uart.o(i.LockSnd) refers to uart.o(.data) for SndLock0
    uart.o(i.UART0_IRQHandler) refers to uart.o(.bss) for UART0Buffer
    uart.o(i.UART0_IRQHandler) refers to uart.o(.data) for UART0Count
    uart.o(i.UART1_IRQHandler) refers to uart.o(.bss) for UART1Buffer
    uart.o(i.UART1_IRQHandler) refers to uart.o(.data) for UART1Count
    uart.o(i.UARTInit) refers to uart.o(i.getFrequency) for getFrequency
    uart.o(i.UARTInit) refers to uart.o(i.__NVIC_EnableIRQ) for __NVIC_EnableIRQ
    uart.o(i.UARTInit) refers to uart.o(i.FreeRcv) for FreeRcv
    uart.o(i.UARTInit) refers to uart.o(i.FreeSnd) for FreeSnd
    uart.o(i.UARTRecieve) refers to uart.o(i.LockRcv) for LockRcv
    uart.o(i.UARTRecieve) refers to uart.o(i.FreeRcv) for FreeRcv
    uart.o(i.UARTRecieve) refers to uart.o(.data) for UART0Count
    uart.o(i.UARTRecieve) refers to uart.o(.bss) for UART0Buffer
    uart.o(i.UARTSend) refers to uart.o(i.LockSnd) for LockSnd
    uart.o(i.UARTSend) refers to uart.o(i.FreeSnd) for FreeSnd
    uart.o(i.UARTSend) refers to uart.o(.data) for UART0TxEmpty
    uart.o(i.getFrequency) refers to system_lpc17xx.o(.data) for SystemCoreClock
    startercode.o(i.ClearLED) refers to startercode.o(.constdata) for led_pos
    startercode.o(i.SetLED) refers to startercode.o(.constdata) for led_pos
    startup_lpc17xx.o(RESET) refers to startup_lpc17xx.o(STACK) for __initial_sp
    startup_lpc17xx.o(RESET) refers to startup_lpc17xx.o(.text) for Reset_Handler
    startup_lpc17xx.o(RESET) refers to p1_main.o(i.SysTick_Handler) for SysTick_Handler
    startup_lpc17xx.o(RESET) refers to uart.o(i.UART0_IRQHandler) for UART0_IRQHandler
    startup_lpc17xx.o(RESET) refers to uart.o(i.UART1_IRQHandler) for UART1_IRQHandler
    startup_lpc17xx.o(.text) refers to system_lpc17xx.o(i.SystemInit) for SystemInit
    startup_lpc17xx.o(.text) refers to entry.o(.ARM.Collect$$$$00000000) for __main
    system_lpc17xx.o(i.SystemCoreClockUpdate) refers to uldiv.o(.text) for __aeabi_uldivmod
    system_lpc17xx.o(i.SystemCoreClockUpdate) refers to system_lpc17xx.o(.data) for SystemCoreClock
    entry.o(.ARM.Collect$$$$00000000) refers (Special) to entry10a.o(.ARM.Collect$$$$0000000D) for __rt_final_cpp
    entry.o(.ARM.Collect$$$$00000000) refers (Special) to entry11a.o(.ARM.Collect$$$$0000000F) for __rt_final_exit
    entry.o(.ARM.Collect$$$$00000000) refers (Special) to entry7b.o(.ARM.Collect$$$$00000008) for _main_clock
    entry.o(.ARM.Collect$$$$00000000) refers (Special) to entry8b.o(.ARM.Collect$$$$0000000A) for _main_cpp_init
    entry.o(.ARM.Collect$$$$00000000) refers (Special) to entry9a.o(.ARM.Collect$$$$0000000B) for _main_init
    entry.o(.ARM.Collect$$$$00000000) refers (Special) to entry5.o(.ARM.Collect$$$$00000004) for _main_scatterload
    entry.o(.ARM.Collect$$$$00000000) refers (Special) to entry2.o(.ARM.Collect$$$$00000001) for _main_stk
    uldiv.o(.text) refers to llushr.o(.text) for __aeabi_llsr
    uldiv.o(.text) refers to llshl.o(.text) for __aeabi_llsl
    printfb.o(i.__0fprintf$bare) refers to printfb.o(i._printf_core) for _printf_core
    printfb.o(i.__0fprintf$bare) refers to retarget.o(i.fputc) for fputc
    printfb.o(i.__0printf$bare) refers to printfb.o(i._printf_core) for _printf_core
    printfb.o(i.__0printf$bare) refers to retarget.o(i.fputc) for fputc
    printfb.o(i.__0printf$bare) refers to retarget.o(.data) for __stdout
    printfb.o(i.__0snprintf$bare) refers to printfb.o(i._printf_core) for _printf_core
    printfb.o(i.__0snprintf$bare) refers to printfb.o(i._snputc) for _snputc
    printfb.o(i.__0sprintf$bare) refers to printfb.o(i._printf_core) for _printf_core
    printfb.o(i.__0sprintf$bare) refers to printfb.o(i._sputc) for _sputc
    printfb.o(i.__0vfprintf$bare) refers to printfb.o(i._printf_core) for _printf_core
    printfb.o(i.__0vfprintf$bare) refers to retarget.o(i.fputc) for fputc
    printfb.o(i.__0vprintf$bare) refers to printfb.o(i._printf_core) for _printf_core
    printfb.o(i.__0vprintf$bare) refers to retarget.o(i.fputc) for fputc
    printfb.o(i.__0vprintf$bare) refers to retarget.o(.data) for __stdout
    printfb.o(i.__0vsnprintf$bare) refers to printfb.o(i._printf_core) for _printf_core
    printfb.o(i.__0vsnprintf$bare) refers to printfb.o(i._snputc) for _snputc
    printfb.o(i.__0vsprintf$bare) refers to printfb.o(i._printf_core) for _printf_core
    printfb.o(i.__0vsprintf$bare) refers to printfb.o(i._sputc) for _sputc
    printf0.o(i.__0fprintf$0) refers to printf0.o(i._printf_core) for _printf_core
    printf0.o(i.__0fprintf$0) refers to retarget.o(i.fputc) for fputc
    printf0.o(i.__0printf$0) refers to printf0.o(i._printf_core) for _printf_core
    printf0.o(i.__0printf$0) refers to retarget.o(i.fputc) for fputc
    printf0.o(i.__0printf$0) refers to retarget.o(.data) for __stdout
    printf0.o(i.__0snprintf$0) refers to printf0.o(i._printf_core) for _printf_core
    printf0.o(i.__0snprintf$0) refers to printf0.o(i._snputc) for _snputc
    printf0.o(i.__0sprintf$0) refers to printf0.o(i._printf_core) for _printf_core
    printf0.o(i.__0sprintf$0) refers to printf0.o(i._sputc) for _sputc
    printf0.o(i.__0vfprintf$0) refers to printf0.o(i._printf_core) for _printf_core
    printf0.o(i.__0vfprintf$0) refers to retarget.o(i.fputc) for fputc
    printf0.o(i.__0vprintf$0) refers to printf0.o(i._printf_core) for _printf_core
    printf0.o(i.__0vprintf$0) refers to retarget.o(i.fputc) for fputc
    printf0.o(i.__0vprintf$0) refers to retarget.o(.data) for __stdout
    printf0.o(i.__0vsnprintf$0) refers to printf0.o(i._printf_core) for _printf_core
    printf0.o(i.__0vsnprintf$0) refers to printf0.o(i._snputc) for _snputc
    printf0.o(i.__0vsprintf$0) refers to printf0.o(i._printf_core) for _printf_core
    printf0.o(i.__0vsprintf$0) refers to printf0.o(i._sputc) for _sputc
    printf1.o(i.__0fprintf$1) refers to printf1.o(i._printf_core) for _printf_core
    printf1.o(i.__0fprintf$1) refers to retarget.o(i.fputc) for fputc
    printf1.o(i.__0printf$1) refers to printf1.o(i._printf_core) for _printf_core
    printf1.o(i.__0printf$1) refers to retarget.o(i.fputc) for fputc
    printf1.o(i.__0printf$1) refers to retarget.o(.data) for __stdout
    printf1.o(i.__0snprintf$1) refers to printf1.o(i._printf_core) for _printf_core
    printf1.o(i.__0snprintf$1) refers to printf1.o(i._snputc) for _snputc
    printf1.o(i.__0sprintf$1) refers to printf1.o(i._printf_core) for _printf_core
    printf1.o(i.__0sprintf$1) refers to printf1.o(i._sputc) for _sputc
    printf1.o(i.__0vfprintf$1) refers to printf1.o(i._printf_core) for _printf_core
    printf1.o(i.__0vfprintf$1) refers to retarget.o(i.fputc) for fputc
    printf1.o(i.__0vprintf$1) refers to printf1.o(i._printf_core) for _printf_core
    printf1.o(i.__0vprintf$1) refers to retarget.o(i.fputc) for fputc
    printf1.o(i.__0vprintf$1) refers to retarget.o(.data) for __stdout
    printf1.o(i.__0vsnprintf$1) refers to printf1.o(i._printf_core) for _printf_core
    printf1.o(i.__0vsnprintf$1) refers to printf1.o(i._snputc) for _snputc
    printf1.o(i.__0vsprintf$1) refers to printf1.o(i._printf_core) for _printf_core
    printf1.o(i.__0vsprintf$1) refers to printf1.o(i._sputc) for _sputc
    printf1.o(i._printf_core) refers to uidiv.o(.text) for __aeabi_uidivmod
    printf2.o(i.__0fprintf$2) refers to printf2.o(i._printf_core) for _printf_core
    printf2.o(i.__0fprintf$2) refers to retarget.o(i.fputc) for fputc
    printf2.o(i.__0printf$2) refers to printf2.o(i._printf_core) for _printf_core
    printf2.o(i.__0printf$2) refers to retarget.o(i.fputc) for fputc
    printf2.o(i.__0printf$2) refers to retarget.o(.data) for __stdout
    printf2.o(i.__0snprintf$2) refers to printf2.o(i._printf_core) for _printf_core
    printf2.o(i.__0snprintf$2) refers to printf2.o(i._snputc) for _snputc
    printf2.o(i.__0sprintf$2) refers to printf2.o(i._printf_core) for _printf_core
    printf2.o(i.__0sprintf$2) refers to printf2.o(i._sputc) for _sputc
    printf2.o(i.__0vfprintf$2) refers to printf2.o(i._printf_core) for _printf_core
    printf2.o(i.__0vfprintf$2) refers to retarget.o(i.fputc) for fputc
    printf2.o(i.__0vprintf$2) refers to printf2.o(i._printf_core) for _printf_core
    printf2.o(i.__0vprintf$2) refers to retarget.o(i.fputc) for fputc
    printf2.o(i.__0vprintf$2) refers to retarget.o(.data) for __stdout
    printf2.o(i.__0vsnprintf$2) refers to printf2.o(i._printf_core) for _printf_core
    printf2.o(i.__0vsnprintf$2) refers to printf2.o(i._snputc) for _snputc
    printf2.o(i.__0vsprintf$2) refers to printf2.o(i._printf_core) for _printf_core
    printf2.o(i.__0vsprintf$2) refers to printf2.o(i._sputc) for _sputc
    printf3.o(i.__0fprintf$3) refers to printf3.o(i._printf_core) for _printf_core
    printf3.o(i.__0fprintf$3) refers to retarget.o(i.fputc) for fputc
    printf3.o(i.__0printf$3) refers to printf3.o(i._printf_core) for _printf_core
    printf3.o(i.__0printf$3) refers to retarget.o(i.fputc) for fputc
    printf3.o(i.__0printf$3) refers to retarget.o(.data) for __stdout
    printf3.o(i.__0snprintf$3) refers to printf3.o(i._printf_core) for _printf_core
    printf3.o(i.__0snprintf$3) refers to printf3.o(i._snputc) for _snputc
    printf3.o(i.__0sprintf$3) refers to printf3.o(i._printf_core) for _printf_core
    printf3.o(i.__0sprintf$3) refers to printf3.o(i._sputc) for _sputc
    printf3.o(i.__0vfprintf$3) refers to printf3.o(i._printf_core) for _printf_core
    printf3.o(i.__0vfprintf$3) refers to retarget.o(i.fputc) for fputc
    printf3.o(i.__0vprintf$3) refers to printf3.o(i._printf_core) for _printf_core
    printf3.o(i.__0vprintf$3) refers to retarget.o(i.fputc) for fputc
    printf3.o(i.__0vprintf$3) refers to retarget.o(.data) for __stdout
    printf3.o(i.__0vsnprintf$3) refers to printf3.o(i._printf_core) for _printf_core
    printf3.o(i.__0vsnprintf$3) refers to printf3.o(i._snputc) for _snputc
    printf3.o(i.__0vsprintf$3) refers to printf3.o(i._printf_core) for _printf_core
    printf3.o(i.__0vsprintf$3) refers to printf3.o(i._sputc) for _sputc
    printf3.o(i._printf_core) refers to uidiv.o(.text) for __aeabi_uidivmod
    printf4.o(i.__0fprintf$4) refers to printf4.o(i._printf_core) for _printf_core
    printf4.o(i.__0fprintf$4) refers to retarget.o(i.fputc) for fputc
    printf4.o(i.__0printf$4) refers to printf4.o(i._printf_core) for _printf_core
    printf4.o(i.__0printf$4) refers to retarget.o(i.fputc) for fputc
    printf4.o(i.__0printf$4) refers to retarget.o(.data) for __stdout
    printf4.o(i.__0snprintf$4) refers to printf4.o(i._printf_core) for _printf_core
    printf4.o(i.__0snprintf$4) refers to printf4.o(i._snputc) for _snputc
    printf4.o(i.__0sprintf$4) refers to printf4.o(i._printf_core) for _printf_core
    printf4.o(i.__0sprintf$4) refers to printf4.o(i._sputc) for _sputc
    printf4.o(i.__0vfprintf$4) refers to printf4.o(i._printf_core) for _printf_core
    printf4.o(i.__0vfprintf$4) refers to retarget.o(i.fputc) for fputc
    printf4.o(i.__0vprintf$4) refers to printf4.o(i._printf_core) for _printf_core
    printf4.o(i.__0vprintf$4) refers to retarget.o(i.fputc) for fputc
    printf4.o(i.__0vprintf$4) refers to retarget.o(.data) for __stdout
    printf4.o(i.__0vsnprintf$4) refers to printf4.o(i._printf_core) for _printf_core
    printf4.o(i.__0vsnprintf$4) refers to printf4.o(i._snputc) for _snputc
    printf4.o(i.__0vsprintf$4) refers to printf4.o(i._printf_core) for _printf_core
    printf4.o(i.__0vsprintf$4) refers to printf4.o(i._sputc) for _sputc
    printf4.o(i._printf_core) refers to uldiv.o(.text) for __aeabi_uldivmod
    printf5.o(i.__0fprintf$5) refers to printf5.o(i._printf_core) for _printf_core
    printf5.o(i.__0fprintf$5) refers to retarget.o(i.fputc) for fputc
    printf5.o(i.__0printf$5) refers to printf5.o(i._printf_core) for _printf_core
    printf5.o(i.__0printf$5) refers to retarget.o(i.fputc) for fputc
    printf5.o(i.__0printf$5) refers to retarget.o(.data) for __stdout
    printf5.o(i.__0snprintf$5) refers to printf5.o(i._printf_core) for _printf_core
    printf5.o(i.__0snprintf$5) refers to printf5.o(i._snputc) for _snputc
    printf5.o(i.__0sprintf$5) refers to printf5.o(i._printf_core) for _printf_core
    printf5.o(i.__0sprintf$5) refers to printf5.o(i._sputc) for _sputc
    printf5.o(i.__0vfprintf$5) refers to printf5.o(i._printf_core) for _printf_core
    printf5.o(i.__0vfprintf$5) refers to retarget.o(i.fputc) for fputc
    printf5.o(i.__0vprintf$5) refers to printf5.o(i._printf_core) for _printf_core
    printf5.o(i.__0vprintf$5) refers to retarget.o(i.fputc) for fputc
    printf5.o(i.__0vprintf$5) refers to retarget.o(.data) for __stdout
    printf5.o(i.__0vsnprintf$5) refers to printf5.o(i._printf_core) for _printf_core
    printf5.o(i.__0vsnprintf$5) refers to printf5.o(i._snputc) for _snputc
    printf5.o(i.__0vsprintf$5) refers to printf5.o(i._printf_core) for _printf_core
    printf5.o(i.__0vsprintf$5) refers to printf5.o(i._sputc) for _sputc
    printf5.o(i._printf_core) refers to uldiv.o(.text) for __aeabi_uldivmod
    printf6.o(i.__0fprintf$6) refers to printf6.o(i._printf_core) for _printf_core
    printf6.o(i.__0fprintf$6) refers to retarget.o(i.fputc) for fputc
    printf6.o(i.__0printf$6) refers to printf6.o(i._printf_core) for _printf_core
    printf6.o(i.__0printf$6) refers to retarget.o(i.fputc) for fputc
    printf6.o(i.__0printf$6) refers to retarget.o(.data) for __stdout
    printf6.o(i.__0snprintf$6) refers to printf6.o(i._printf_core) for _printf_core
    printf6.o(i.__0snprintf$6) refers to printf6.o(i._snputc) for _snputc
    printf6.o(i.__0sprintf$6) refers to printf6.o(i._printf_core) for _printf_core
    printf6.o(i.__0sprintf$6) refers to printf6.o(i._sputc) for _sputc
    printf6.o(i.__0vfprintf$6) refers to printf6.o(i._printf_core) for _printf_core
    printf6.o(i.__0vfprintf$6) refers to retarget.o(i.fputc) for fputc
    printf6.o(i.__0vprintf$6) refers to printf6.o(i._printf_core) for _printf_core
    printf6.o(i.__0vprintf$6) refers to retarget.o(i.fputc) for fputc
    printf6.o(i.__0vprintf$6) refers to retarget.o(.data) for __stdout
    printf6.o(i.__0vsnprintf$6) refers to printf6.o(i._printf_core) for _printf_core
    printf6.o(i.__0vsnprintf$6) refers to printf6.o(i._snputc) for _snputc
    printf6.o(i.__0vsprintf$6) refers to printf6.o(i._printf_core) for _printf_core
    printf6.o(i.__0vsprintf$6) refers to printf6.o(i._sputc) for _sputc
    printf6.o(i._printf_core) refers to printf6.o(i._printf_pre_padding) for _printf_pre_padding
    printf6.o(i._printf_core) refers to uidiv.o(.text) for __aeabi_uidivmod
    printf6.o(i._printf_core) refers to printf6.o(i._printf_post_padding) for _printf_post_padding
    printf7.o(i.__0fprintf$7) refers to printf7.o(i._printf_core) for _printf_core
    printf7.o(i.__0fprintf$7) refers to retarget.o(i.fputc) for fputc
    printf7.o(i.__0printf$7) refers to printf7.o(i._printf_core) for _printf_core
    printf7.o(i.__0printf$7) refers to retarget.o(i.fputc) for fputc
    printf7.o(i.__0printf$7) refers to retarget.o(.data) for __stdout
    printf7.o(i.__0snprintf$7) refers to printf7.o(i._printf_core) for _printf_core
    printf7.o(i.__0snprintf$7) refers to printf7.o(i._snputc) for _snputc
    printf7.o(i.__0sprintf$7) refers to printf7.o(i._printf_core) for _printf_core
    printf7.o(i.__0sprintf$7) refers to printf7.o(i._sputc) for _sputc
    printf7.o(i.__0vfprintf$7) refers to printf7.o(i._printf_core) for _printf_core
    printf7.o(i.__0vfprintf$7) refers to retarget.o(i.fputc) for fputc
    printf7.o(i.__0vprintf$7) refers to printf7.o(i._printf_core) for _printf_core
    printf7.o(i.__0vprintf$7) refers to retarget.o(i.fputc) for fputc
    printf7.o(i.__0vprintf$7) refers to retarget.o(.data) for __stdout
    printf7.o(i.__0vsnprintf$7) refers to printf7.o(i._printf_core) for _printf_core
    printf7.o(i.__0vsnprintf$7) refers to printf7.o(i._snputc) for _snputc
    printf7.o(i.__0vsprintf$7) refers to printf7.o(i._printf_core) for _printf_core
    printf7.o(i.__0vsprintf$7) refers to printf7.o(i._sputc) for _sputc
    printf7.o(i._printf_core) refers to printf7.o(i._printf_pre_padding) for _printf_pre_padding
    printf7.o(i._printf_core) refers to uldiv.o(.text) for __aeabi_uldivmod
    printf7.o(i._printf_core) refers to printf7.o(i._printf_post_padding) for _printf_post_padding
    printf8.o(i.__0fprintf$8) refers to printf8.o(i._printf_core) for _printf_core
    printf8.o(i.__0fprintf$8) refers to retarget.o(i.fputc) for fputc
    printf8.o(i.__0printf$8) refers to printf8.o(i._printf_core) for _printf_core
    printf8.o(i.__0printf$8) refers to retarget.o(i.fputc) for fputc
    printf8.o(i.__0printf$8) refers to retarget.o(.data) for __stdout
    printf8.o(i.__0snprintf$8) refers to printf8.o(i._printf_core) for _printf_core
    printf8.o(i.__0snprintf$8) refers to printf8.o(i._snputc) for _snputc
    printf8.o(i.__0sprintf$8) refers to printf8.o(i._printf_core) for _printf_core
    printf8.o(i.__0sprintf$8) refers to printf8.o(i._sputc) for _sputc
    printf8.o(i.__0vfprintf$8) refers to printf8.o(i._printf_core) for _printf_core
    printf8.o(i.__0vfprintf$8) refers to retarget.o(i.fputc) for fputc
    printf8.o(i.__0vprintf$8) refers to printf8.o(i._printf_core) for _printf_core
    printf8.o(i.__0vprintf$8) refers to retarget.o(i.fputc) for fputc
    printf8.o(i.__0vprintf$8) refers to retarget.o(.data) for __stdout
    printf8.o(i.__0vsnprintf$8) refers to printf8.o(i._printf_core) for _printf_core
    printf8.o(i.__0vsnprintf$8) refers to printf8.o(i._snputc) for _snputc
    printf8.o(i.__0vsprintf$8) refers to printf8.o(i._printf_core) for _printf_core
    printf8.o(i.__0vsprintf$8) refers to printf8.o(i._sputc) for _sputc
    printf8.o(i._printf_core) refers to printf8.o(i._printf_pre_padding) for _printf_pre_padding
    printf8.o(i._printf_core) refers to uldiv.o(.text) for __aeabi_uldivmod
    printf8.o(i._printf_core) refers to printf8.o(i._printf_post_padding) for _printf_post_padding
    printfa.o(i.__0fprintf) refers (Special) to iusefp.o(.text) for __I$use$fp
    printfa.o(i.__0fprintf) refers to printfa.o(i._printf_core) for _printf_core
    printfa.o(i.__0fprintf) refers to retarget.o(i.fputc) for fputc
    printfa.o(i.__0printf) refers (Special) to iusefp.o(.text) for __I$use$fp
    printfa.o(i.__0printf) refers to printfa.o(i._printf_core) for _printf_core
    printfa.o(i.__0printf) refers to retarget.o(i.fputc) for fputc
    printfa.o(i.__0printf) refers to retarget.o(.data) for __stdout
    printfa.o(i.__0snprintf) refers (Special) to iusefp.o(.text) for __I$use$fp
    printfa.o(i.__0snprintf) refers to printfa.o(i._printf_core) for _printf_core
    printfa.o(i.__0snprintf) refers to printfa.o(i._snputc) for _snputc
    printfa.o(i.__0sprintf) refers (Special) to iusefp.o(.text) for __I$use$fp
    printfa.o(i.__0sprintf) refers to printfa.o(i._printf_core) for _printf_core
    printfa.o(i.__0sprintf) refers to printfa.o(i._sputc) for _sputc
    printfa.o(i.__0vfprintf) refers (Special) to iusefp.o(.text) for __I$use$fp
    printfa.o(i.__0vfprintf) refers to printfa.o(i._printf_core) for _printf_core
    printfa.o(i.__0vfprintf) refers to retarget.o(i.fputc) for fputc
    printfa.o(i.__0vprintf) refers (Special) to iusefp.o(.text) for __I$use$fp
    printfa.o(i.__0vprintf) refers to printfa.o(i._printf_core) for _printf_core
    printfa.o(i.__0vprintf) refers to retarget.o(i.fputc) for fputc
    printfa.o(i.__0vprintf) refers to retarget.o(.data) for __stdout
    printfa.o(i.__0vsnprintf) refers (Special) to iusefp.o(.text) for __I$use$fp
    printfa.o(i.__0vsnprintf) refers to printfa.o(i._printf_core) for _printf_core
    printfa.o(i.__0vsnprintf) refers to printfa.o(i._snputc) for _snputc
    printfa.o(i.__0vsprintf) refers (Special) to iusefp.o(.text) for __I$use$fp
    printfa.o(i.__0vsprintf) refers to printfa.o(i._printf_core) for _printf_core
    printfa.o(i.__0vsprintf) refers to printfa.o(i._sputc) for _sputc
    printfa.o(i._fp_digits) refers (Special) to iusefp.o(.text) for __I$use$fp
    printfa.o(i._fp_digits) refers to dmul.o(.text) for __aeabi_dmul
    printfa.o(i._fp_digits) refers to ddiv.o(.text) for __aeabi_ddiv
    printfa.o(i._fp_digits) refers to cdrcmple.o(.text) for __aeabi_cdrcmple
    printfa.o(i._fp_digits) refers to dadd.o(.text) for __aeabi_dadd
    printfa.o(i._fp_digits) refers to dfixul.o(.text) for __aeabi_d2ulz
    printfa.o(i._fp_digits) refers to uldiv.o(.text) for __aeabi_uldivmod
    printfa.o(i._printf_core) refers (Special) to iusefp.o(.text) for __I$use$fp
    printfa.o(i._printf_core) refers to printfa.o(i._printf_pre_padding) for _printf_pre_padding
    printfa.o(i._printf_core) refers to uldiv.o(.text) for __aeabi_uldivmod
    printfa.o(i._printf_core) refers to printfa.o(i._printf_post_padding) for _printf_post_padding
    printfa.o(i._printf_core) refers to printfa.o(i._fp_digits) for _fp_digits
    printfa.o(i._printf_core) refers to uidiv.o(.text) for __aeabi_uidivmod
    printfa.o(i._printf_post_padding) refers (Special) to iusefp.o(.text) for __I$use$fp
    printfa.o(i._printf_pre_padding) refers (Special) to iusefp.o(.text) for __I$use$fp
    printfa.o(i._snputc) refers (Special) to iusefp.o(.text) for __I$use$fp
    printfa.o(i._sputc) refers (Special) to iusefp.o(.text) for __I$use$fp
    malloc.o(i.free) refers to mvars.o(.data) for __microlib_freelist
    malloc.o(i.malloc) refers to mvars.o(.data) for __microlib_freelist_initialised
    malloc.o(i.malloc) refers to mvars.o(.data) for __microlib_freelist
    malloc.o(i.malloc) refers to startup_lpc17xx.o(HEAP) for __heap_base
    mallocr.o(i.__free$realloc) refers to mvars.o(.data) for __microlib_freelist
    mallocr.o(i.__malloc$realloc) refers to mallocr.o(i.internal_alloc) for internal_alloc
    mallocr.o(i.__malloc$realloc) refers to mvars.o(.data) for __microlib_freelist_initialised
    mallocr.o(i.__malloc$realloc) refers to startup_lpc17xx.o(HEAP) for __heap_base
    mallocr.o(i.__malloc$realloc) refers to mvars.o(.data) for __microlib_freelist
    mallocr.o(i.internal_alloc) refers to memcpya.o(.text) for __aeabi_memcpy
    mallocr.o(i.internal_alloc) refers to mvars.o(.data) for __microlib_freelist
    mallocr.o(i.realloc) refers to mallocr.o(i.__free$realloc) for __free$realloc
    mallocr.o(i.realloc) refers to mallocr.o(i.internal_alloc) for internal_alloc
    mallocr.o(i.realloc) refers to mallocr.o(i.__malloc$realloc) for __malloc$realloc
    mallocr.o(i.realloc) refers to mvars.o(.data) for __microlib_freelist
    malloca.o(i.__aligned_malloc) refers to mvars.o(.data) for __microlib_freelist_initialised
    malloca.o(i.__aligned_malloc) refers to mvars.o(.data) for __microlib_freelist
    malloca.o(i.__aligned_malloc) refers to startup_lpc17xx.o(HEAP) for __heap_base
    malloca.o(i.__free$memalign) refers to mvars.o(.data) for __microlib_freelist
    malloca.o(i.__malloc$memalign) refers to malloca.o(i.__aligned_malloc) for __aligned_malloc
    mallocra.o(i.__aligned_malloc$realloc) refers to mallocra.o(i.internal_alloc) for internal_alloc
    mallocra.o(i.__aligned_malloc$realloc) refers to mvars.o(.data) for __microlib_freelist_initialised
    mallocra.o(i.__aligned_malloc$realloc) refers to startup_lpc17xx.o(HEAP) for __heap_base
    mallocra.o(i.__aligned_malloc$realloc) refers to mvars.o(.data) for __microlib_freelist
    mallocra.o(i.__free$realloc$memalign) refers to mvars.o(.data) for __microlib_freelist
    mallocra.o(i.__malloc$realloc$memalign) refers to mallocra.o(i.__aligned_malloc$realloc) for __aligned_malloc$realloc
    mallocra.o(i.__realloc$memalign) refers to mallocra.o(i.__free$realloc$memalign) for __free$realloc$memalign
    mallocra.o(i.__realloc$memalign) refers to mallocra.o(i.internal_alloc) for internal_alloc
    mallocra.o(i.__realloc$memalign) refers to mallocra.o(i.__malloc$realloc$memalign) for __malloc$realloc$memalign
    mallocra.o(i.__realloc$memalign) refers to mvars.o(.data) for __microlib_freelist
    mallocra.o(i.internal_alloc) refers to memcpya.o(.text) for __aeabi_memcpy
    mallocra.o(i.internal_alloc) refers to mvars.o(.data) for __microlib_freelist
    calloc.o(.text) refers to malloc.o(i.malloc) for malloc
    dmul.o(.text) refers (Special) to iusefp.o(.text) for __I$use$fp
    dmul.o(.text) refers to depilogue.o(.text) for _double_epilogue
    ddiv.o(.text) refers (Special) to iusefp.o(.text) for __I$use$fp
    ddiv.o(.text) refers to depilogue.o(.text) for _double_round
    dfltui.o(.text) refers (Special) to iusefp.o(.text) for __I$use$fp
    dfltui.o(.text) refers to depilogue.o(.text) for _double_epilogue
    f2d.o(.text) refers (Special) to iusefp.o(.text) for __I$use$fp
    cdcmple.o(.text) refers (Special) to iusefp.o(.text) for __I$use$fp
    cdrcmple.o(.text) refers (Special) to iusefp.o(.text) for __I$use$fp
    d2f.o(.text) refers (Special) to iusefp.o(.text) for __I$use$fp
    d2f.o(.text) refers to fepilogue.o(.text) for _float_round
    entry2.o(.ARM.Collect$$$$00000001) refers to entry2.o(.ARM.Collect$$$$00002712) for __lit__00000000
    entry2.o(.ARM.Collect$$$$00002712) refers to startup_lpc17xx.o(STACK) for __initial_sp
    entry2.o(__vectab_stack_and_reset_area) refers to startup_lpc17xx.o(STACK) for __initial_sp
    entry2.o(__vectab_stack_and_reset_area) refers to entry.o(.ARM.Collect$$$$00000000) for __main
    entry5.o(.ARM.Collect$$$$00000004) refers to init.o(.text) for __scatterload
    entry9a.o(.ARM.Collect$$$$0000000B) refers to p1_main.o(i.main) for main
    entry9b.o(.ARM.Collect$$$$0000000C) refers to p1_main.o(i.main) for main
    depilogue.o(.text) refers to llshl.o(.text) for __aeabi_llsl
    depilogue.o(.text) refers to llushr.o(.text) for __aeabi_llsr
    dadd.o(.text) refers to llshl.o(.text) for __aeabi_llsl
    dadd.o(.text) refers to llsshr.o(.text) for __aeabi_lasr
    dadd.o(.text) refers to depilogue.o(.text) for _double_epilogue
    dfixul.o(.text) refers to llushr.o(.text) for __aeabi_llsr
    dfixul.o(.text) refers to llshl.o(.text) for __aeabi_llsl
    init.o(.text) refers to entry5.o(.ARM.Collect$$$$00000004) for __main_after_scatterload


==============================================================================

Removing Unused input sections from the image.

    Removing p1_main.o(.rev16_text), (4 bytes).
    Removing p1_main.o(.revsh_text), (4 bytes).
    Removing p1_main.o(.rrx_text), (6 bytes).
    Removing retarget.o(i._sys_exit), (4 bytes).
    Removing retarget.o(i._ttywrch), (12 bytes).
    Removing retarget.o(i.ferror), (8 bytes).
    Removing retarget.o(i.fgetc), (20 bytes).
    Removing retarget.o(i.getkey), (36 bytes).
    Removing uart.o(.rev16_text), (4 bytes).
    Removing uart.o(.revsh_text), (4 bytes).
    Removing uart.o(.rrx_text), (6 bytes).
    Removing uart.o(i.Lock), (28 bytes).
    Removing uart.o(i.LockRcv), (36 bytes).
    Removing uart.o(i.LockSnd), (36 bytes).
    Removing uart.o(i.UARTReceiveChar), (36 bytes).
    Removing uart.o(i.UARTRecieve), (160 bytes).
    Removing uart.o(i.UARTSend), (132 bytes).
    Removing startercode.o(.rev16_text), (4 bytes).
    Removing startercode.o(.revsh_text), (4 bytes).
    Removing startercode.o(.rrx_text), (6 bytes).
    Removing startercode.o(i.ClearLED), (36 bytes).
    Removing system_lpc17xx.o(.rev16_text), (4 bytes).
    Removing system_lpc17xx.o(.revsh_text), (4 bytes).
    Removing system_lpc17xx.o(.rrx_text), (6 bytes).
    Removing system_lpc17xx.o(i.SystemCoreClockUpdate), (424 bytes).
    Removing dadd.o(.text), (334 bytes).
    Removing dfixul.o(.text), (48 bytes).

27 unused section(s) (total 1406 bytes) removed from the image.

==============================================================================

Image Symbol Table

    Local Symbols

    Symbol Name                              Value     Ov Type        Size  Object(Section)

    RESET                                    0x00000000   Section      204  startup_lpc17xx.o(RESET)
    ../clib/microlib/division.c              0x00000000   Number         0  uidiv.o ABSOLUTE
    ../clib/microlib/division.c              0x00000000   Number         0  uldiv.o ABSOLUTE
    ../clib/microlib/init/entry.s            0x00000000   Number         0  entry10a.o ABSOLUTE
    ../clib/microlib/init/entry.s            0x00000000   Number         0  entry9b.o ABSOLUTE
    ../clib/microlib/init/entry.s            0x00000000   Number         0  entry9a.o ABSOLUTE
    ../clib/microlib/init/entry.s            0x00000000   Number         0  entry8b.o ABSOLUTE
    ../clib/microlib/init/entry.s            0x00000000   Number         0  entry8a.o ABSOLUTE
    ../clib/microlib/init/entry.s            0x00000000   Number         0  entry7b.o ABSOLUTE
    ../clib/microlib/init/entry.s            0x00000000   Number         0  entry7a.o ABSOLUTE
    ../clib/microlib/init/entry.s            0x00000000   Number         0  entry5.o ABSOLUTE
    ../clib/microlib/init/entry.s            0x00000000   Number         0  entry2.o ABSOLUTE
    ../clib/microlib/init/entry.s            0x00000000   Number         0  entry.o ABSOLUTE
    ../clib/microlib/init/entry.s            0x00000000   Number         0  entry10b.o ABSOLUTE
    ../clib/microlib/init/entry.s            0x00000000   Number         0  entry11b.o ABSOLUTE
    ../clib/microlib/init/entry.s            0x00000000   Number         0  entry11a.o ABSOLUTE
    ../clib/microlib/longlong.c              0x00000000   Number         0  llsshr.o ABSOLUTE
    ../clib/microlib/longlong.c              0x00000000   Number         0  llushr.o ABSOLUTE
    ../clib/microlib/longlong.c              0x00000000   Number         0  llshl.o ABSOLUTE
    ../clib/microlib/malloc/calloc.c         0x00000000   Number         0  calloc.o ABSOLUTE
    ../clib/microlib/malloc/malloc.c         0x00000000   Number         0  mallocra.o ABSOLUTE
    ../clib/microlib/malloc/malloc.c         0x00000000   Number         0  malloca.o ABSOLUTE
    ../clib/microlib/malloc/malloc.c         0x00000000   Number         0  mallocr.o ABSOLUTE
    ../clib/microlib/malloc/malloc.c         0x00000000   Number         0  malloc.o ABSOLUTE
    ../clib/microlib/malloc/mvars.c          0x00000000   Number         0  mvars.o ABSOLUTE
    ../clib/microlib/printf/printf.c         0x00000000   Number         0  printf8.o ABSOLUTE
    ../clib/microlib/printf/printf.c         0x00000000   Number         0  printfa.o ABSOLUTE
    ../clib/microlib/printf/printf.c         0x00000000   Number         0  printf2.o ABSOLUTE
    ../clib/microlib/printf/printf.c         0x00000000   Number         0  printf3.o ABSOLUTE
    ../clib/microlib/printf/printf.c         0x00000000   Number         0  printf4.o ABSOLUTE
    ../clib/microlib/printf/printf.c         0x00000000   Number         0  printf5.o ABSOLUTE
    ../clib/microlib/printf/printf.c         0x00000000   Number         0  printf6.o ABSOLUTE
    ../clib/microlib/printf/printf.c         0x00000000   Number         0  printf7.o ABSOLUTE
    ../clib/microlib/printf/printf.c         0x00000000   Number         0  printfb.o ABSOLUTE
    ../clib/microlib/printf/printf.c         0x00000000   Number         0  printf1.o ABSOLUTE
    ../clib/microlib/printf/printf.c         0x00000000   Number         0  printf0.o ABSOLUTE
    ../clib/microlib/printf/stubs.s          0x00000000   Number         0  stubs.o ABSOLUTE
    ../clib/microlib/string/memcpy.c         0x00000000   Number         0  memcpyb.o ABSOLUTE
    ../clib/microlib/string/memcpy.c         0x00000000   Number         0  memcpya.o ABSOLUTE
    ../clib/microlib/stubs.s                 0x00000000   Number         0  iusefp.o ABSOLUTE
    ../fplib/microlib/d2f.c                  0x00000000   Number         0  d2f.o ABSOLUTE
    ../fplib/microlib/f2d.c                  0x00000000   Number         0  f2d.o ABSOLUTE
    ../fplib/microlib/fpadd.c                0x00000000   Number         0  dadd.o ABSOLUTE
    ../fplib/microlib/fpdiv.c                0x00000000   Number         0  ddiv.o ABSOLUTE
    ../fplib/microlib/fpepilogue.c           0x00000000   Number         0  depilogue.o ABSOLUTE
    ../fplib/microlib/fpepilogue.c           0x00000000   Number         0  fepilogue.o ABSOLUTE
    ../fplib/microlib/fpfix.c                0x00000000   Number         0  dfixul.o ABSOLUTE
    ../fplib/microlib/fpflt.c                0x00000000   Number         0  dfltui.o ABSOLUTE
    ../fplib/microlib/fpmul.c                0x00000000   Number         0  dmul.o ABSOLUTE
    RTE\Device\LPC1768\startup_LPC17xx.s     0x00000000   Number         0  startup_lpc17xx.o ABSOLUTE
    RTE\Device\LPC1768\system_LPC17xx.c      0x00000000   Number         0  system_lpc17xx.o ABSOLUTE
    RTE\\Device\\LPC1768\\system_LPC17xx.c   0x00000000   Number         0  system_lpc17xx.o ABSOLUTE
    Retarget.c                               0x00000000   Number         0  retarget.o ABSOLUTE
    StarterCode.c                            0x00000000   Number         0  startercode.o ABSOLUTE
    StarterCode.c                            0x00000000   Number         0  startercode.o ABSOLUTE
    cdcmple.s                                0x00000000   Number         0  cdcmple.o ABSOLUTE
    cdrcmple.s                               0x00000000   Number         0  cdrcmple.o ABSOLUTE
    dc.s                                     0x00000000   Number         0  dc.o ABSOLUTE
    handlers.s                               0x00000000   Number         0  handlers.o ABSOLUTE
    init.s                                   0x00000000   Number         0  init.o ABSOLUTE
    p1_main.c                                0x00000000   Number         0  p1_main.o ABSOLUTE
    p1_main.c                                0x00000000   Number         0  p1_main.o ABSOLUTE
    uart.c                                   0x00000000   Number         0  uart.o ABSOLUTE
    uart.c                                   0x00000000   Number         0  uart.o ABSOLUTE
    .ARM.Collect$$$$00000000                 0x000000cc   Section        0  entry.o(.ARM.Collect$$$$00000000)
    .ARM.Collect$$$$00000001                 0x000000cc   Section        4  entry2.o(.ARM.Collect$$$$00000001)
    .ARM.Collect$$$$00000004                 0x000000d0   Section        4  entry5.o(.ARM.Collect$$$$00000004)
    .ARM.Collect$$$$00000008                 0x000000d4   Section        0  entry7b.o(.ARM.Collect$$$$00000008)
    .ARM.Collect$$$$0000000A                 0x000000d4   Section        0  entry8b.o(.ARM.Collect$$$$0000000A)
    .ARM.Collect$$$$0000000B                 0x000000d4   Section        8  entry9a.o(.ARM.Collect$$$$0000000B)
    .ARM.Collect$$$$0000000D                 0x000000dc   Section        0  entry10a.o(.ARM.Collect$$$$0000000D)
    .ARM.Collect$$$$0000000F                 0x000000dc   Section        0  entry11a.o(.ARM.Collect$$$$0000000F)
    .ARM.Collect$$$$00002712                 0x000000dc   Section        4  entry2.o(.ARM.Collect$$$$00002712)
    __lit__00000000                          0x000000dc   Data           4  entry2.o(.ARM.Collect$$$$00002712)
    .text                                    0x000000e0   Section       36  startup_lpc17xx.o(.text)
    .text                                    0x00000104   Section        0  calloc.o(.text)
    .text                                    0x00000120   Section        0  dmul.o(.text)
    .text                                    0x00000204   Section        0  ddiv.o(.text)
    .text                                    0x000002e2   Section        0  dfltui.o(.text)
    .ARM.__at_0x02FC                         0x000002fc   Section        4  startup_lpc17xx.o(.ARM.__at_0x02FC)
    .text                                    0x00000300   Section        0  f2d.o(.text)
    .text                                    0x00000328   Section       48  cdcmple.o(.text)
    .text                                    0x00000358   Section       48  cdrcmple.o(.text)
    .text                                    0x00000388   Section        0  d2f.o(.text)
    .text                                    0x000003c0   Section        0  uidiv.o(.text)
    .text                                    0x000003ec   Section        0  llshl.o(.text)
    .text                                    0x0000040a   Section        0  llushr.o(.text)
    .text                                    0x0000042a   Section        0  fepilogue.o(.text)
    .text                                    0x0000042a   Section        0  iusefp.o(.text)
    .text                                    0x00000498   Section        0  depilogue.o(.text)
    .text                                    0x00000554   Section       36  init.o(.text)
    i.FSMFramework                           0x00000578   Section        0  p1_main.o(i.FSMFramework)
    i.Free                                   0x0000058c   Section        0  uart.o(i.Free)
    i.FreeRcv                                0x00000594   Section        0  uart.o(i.FreeRcv)
    i.FreeSnd                                0x000005b8   Section        0  uart.o(i.FreeSnd)
    i.InitSysTick                            0x000005dc   Section        0  p1_main.o(i.InitSysTick)
    InitSysTick                              0x000005dd   Thumb Code    82  p1_main.o(i.InitSysTick)
    i.Initialize                             0x0000063c   Section        0  startercode.o(i.Initialize)
    i.LogUpdate                              0x00000694   Section        0  p1_main.o(i.LogUpdate)
    i.PrintLog                               0x00000848   Section        0  p1_main.o(i.PrintLog)
    i.ReadAndUpdate                          0x00000898   Section        0  p1_main.o(i.ReadAndUpdate)
    i.ReadJoystick                           0x000009a8   Section        0  startercode.o(i.ReadJoystick)
    i.ReadPotentiometer                      0x000009b8   Section        0  startercode.o(i.ReadPotentiometer)
    i.ReadPushbutton                         0x000009e0   Section        0  startercode.o(i.ReadPushbutton)
    i.SetLED                                 0x000009f0   Section        0  startercode.o(i.SetLED)
    i.SysTick_Handler                        0x00000a14   Section        0  p1_main.o(i.SysTick_Handler)
    i.SystemInit                             0x00000a70   Section        0  system_lpc17xx.o(i.SystemInit)
    i.UART0_IRQHandler                       0x00000bb0   Section        0  uart.o(i.UART0_IRQHandler)
    i.UART1_IRQHandler                       0x00000c18   Section        0  uart.o(i.UART1_IRQHandler)
    i.UARTInit                               0x00000c88   Section        0  uart.o(i.UARTInit)
    i.UARTSendChar                           0x00000d44   Section        0  uart.o(i.UARTSendChar)
    i.__0printf$1                            0x00000d68   Section        0  printf1.o(i.__0printf$1)
    i.__NVIC_EnableIRQ                       0x00000d88   Section        0  uart.o(i.__NVIC_EnableIRQ)
    __NVIC_EnableIRQ                         0x00000d89   Thumb Code    34  uart.o(i.__NVIC_EnableIRQ)
    i.__scatterload_copy                     0x00000daa   Section       14  handlers.o(i.__scatterload_copy)
    i.__scatterload_null                     0x00000db8   Section        2  handlers.o(i.__scatterload_null)
    i.__scatterload_zeroinit                 0x00000dba   Section       14  handlers.o(i.__scatterload_zeroinit)
    i._printf_core                           0x00000dc8   Section        0  printf1.o(i._printf_core)
    _printf_core                             0x00000dc9   Thumb Code   336  printf1.o(i._printf_core)
    i.fputc                                  0x00000f1c   Section        0  retarget.o(i.fputc)
    i.free                                   0x00000f2c   Section        0  malloc.o(i.free)
    i.getFrequency                           0x00000f7c   Section        0  uart.o(i.getFrequency)
    i.main                                   0x00000fc4   Section        0  p1_main.o(i.main)
    i.malloc                                 0x00001030   Section        0  malloc.o(i.malloc)
    i.sendchar                               0x0000109c   Section        0  retarget.o(i.sendchar)
    i.state0                                 0x000010e0   Section        0  p1_main.o(i.state0)
    i.state1                                 0x0000117c   Section        0  p1_main.o(i.state1)
    i.state2                                 0x00001248   Section        0  p1_main.o(i.state2)
    i.state3                                 0x000012f8   Section        0  p1_main.o(i.state3)
    .constdata                               0x00001330   Section        8  startercode.o(.constdata)
    .data                                    0x10000000   Section       64  p1_main.o(.data)
    JoyFreezeTimer                           0x10000000   Data           4  p1_main.o(.data)
    BtnFreezeTimer                           0x10000004   Data           4  p1_main.o(.data)
    OldestItemTimer                          0x10000008   Data           4  p1_main.o(.data)
    AccTimer                                 0x1000000c   Data           4  p1_main.o(.data)
    .data                                    0x10000040   Section       12  retarget.o(.data)
    .data                                    0x1000004c   Section       32  uart.o(.data)
    .data                                    0x1000006c   Section        4  system_lpc17xx.o(.data)
    .data                                    0x10000070   Section        4  mvars.o(.data)
    .data                                    0x10000074   Section        4  mvars.o(.data)
    .bss                                     0x10000078   Section      128  uart.o(.bss)
    HEAP                                     0x100000f8   Section     8192  startup_lpc17xx.o(HEAP)
    STACK                                    0x100020f8   Section     8192  startup_lpc17xx.o(STACK)

    Global Symbols

    Symbol Name                              Value     Ov Type        Size  Object(Section)

    BuildAttributes$$THM_ISAv4$P$D$K$B$S$PE$A:L22UL41UL21$X:L11$S22US41US21$IEEE1$IW$USESV6$~STKCKD$USESV7$~SHL$OTIME$ROPI$EBA8$MICROLIB$REQ8$PRES8$EABIv2 0x00000000   Number         0  anon$$obj.o ABSOLUTE
    __ARM_use_no_argv                        0x00000000   Number         0  p1_main.o ABSOLUTE
    __Vectors                                0x00000000   Data           4  startup_lpc17xx.o(RESET)
    _printf_a                                0x00000000   Number         0  stubs.o ABSOLUTE
    _printf_c                                0x00000000   Number         0  stubs.o ABSOLUTE
    _printf_charcount                        0x00000000   Number         0  stubs.o ABSOLUTE
    _printf_d                                0x00000000   Number         0  stubs.o ABSOLUTE
    _printf_e                                0x00000000   Number         0  stubs.o ABSOLUTE
    _printf_f                                0x00000000   Number         0  stubs.o ABSOLUTE
    _printf_flags                            0x00000000   Number         0  stubs.o ABSOLUTE
    _printf_fp_dec                           0x00000000   Number         0  stubs.o ABSOLUTE
    _printf_fp_hex                           0x00000000   Number         0  stubs.o ABSOLUTE
    _printf_g                                0x00000000   Number         0  stubs.o ABSOLUTE
    _printf_i                                0x00000000   Number         0  stubs.o ABSOLUTE
    _printf_int_dec                          0x00000000   Number         0  stubs.o ABSOLUTE
    _printf_l                                0x00000000   Number         0  stubs.o ABSOLUTE
    _printf_lc                               0x00000000   Number         0  stubs.o ABSOLUTE
    _printf_ll                               0x00000000   Number         0  stubs.o ABSOLUTE
    _printf_lld                              0x00000000   Number         0  stubs.o ABSOLUTE
    _printf_lli                              0x00000000   Number         0  stubs.o ABSOLUTE
    _printf_llo                              0x00000000   Number         0  stubs.o ABSOLUTE
    _printf_llu                              0x00000000   Number         0  stubs.o ABSOLUTE
    _printf_llx                              0x00000000   Number         0  stubs.o ABSOLUTE
    _printf_longlong_dec                     0x00000000   Number         0  stubs.o ABSOLUTE
    _printf_longlong_hex                     0x00000000   Number         0  stubs.o ABSOLUTE
    _printf_longlong_oct                     0x00000000   Number         0  stubs.o ABSOLUTE
    _printf_ls                               0x00000000   Number         0  stubs.o ABSOLUTE
    _printf_mbtowc                           0x00000000   Number         0  stubs.o ABSOLUTE
    _printf_n                                0x00000000   Number         0  stubs.o ABSOLUTE
    _printf_o                                0x00000000   Number         0  stubs.o ABSOLUTE
    _printf_p                                0x00000000   Number         0  stubs.o ABSOLUTE
    _printf_percent                          0x00000000   Number         0  stubs.o ABSOLUTE
    _printf_pre_padding                      0x00000000   Number         0  stubs.o ABSOLUTE
    _printf_return_value                     0x00000000   Number         0  stubs.o ABSOLUTE
    _printf_s                                0x00000000   Number         0  stubs.o ABSOLUTE
    _printf_sizespec                         0x00000000   Number         0  stubs.o ABSOLUTE
    _printf_str                              0x00000000   Number         0  stubs.o ABSOLUTE
    _printf_truncate_signed                  0x00000000   Number         0  stubs.o ABSOLUTE
    _printf_truncate_unsigned                0x00000000   Number         0  stubs.o ABSOLUTE
    _printf_u                                0x00000000   Number         0  stubs.o ABSOLUTE
    _printf_wc                               0x00000000   Number         0  stubs.o ABSOLUTE
    _printf_wctomb                           0x00000000   Number         0  stubs.o ABSOLUTE
    _printf_widthprec                        0x00000000   Number         0  stubs.o ABSOLUTE
    _printf_x                                0x00000000   Number         0  stubs.o ABSOLUTE
    __cpp_initialize__aeabi_                  - Undefined Weak Reference
    __cxa_finalize                            - Undefined Weak Reference
    __decompress                              - Undefined Weak Reference
    _clock_init                               - Undefined Weak Reference
    _microlib_exit                            - Undefined Weak Reference
    __main                                   0x000000cd   Thumb Code     0  entry.o(.ARM.Collect$$$$00000000)
    _main_stk                                0x000000cd   Thumb Code     0  entry2.o(.ARM.Collect$$$$00000001)
    _main_scatterload                        0x000000d1   Thumb Code     0  entry5.o(.ARM.Collect$$$$00000004)
    __main_after_scatterload                 0x000000d5   Thumb Code     0  entry5.o(.ARM.Collect$$$$00000004)
    _main_clock                              0x000000d5   Thumb Code     0  entry7b.o(.ARM.Collect$$$$00000008)
    _main_cpp_init                           0x000000d5   Thumb Code     0  entry8b.o(.ARM.Collect$$$$0000000A)
    _main_init                               0x000000d5   Thumb Code     0  entry9a.o(.ARM.Collect$$$$0000000B)
    __rt_final_cpp                           0x000000dd   Thumb Code     0  entry10a.o(.ARM.Collect$$$$0000000D)
    __rt_final_exit                          0x000000dd   Thumb Code     0  entry11a.o(.ARM.Collect$$$$0000000F)
    Reset_Handler                            0x000000e1   Thumb Code     8  startup_lpc17xx.o(.text)
    NMI_Handler                              0x000000e9   Thumb Code     2  startup_lpc17xx.o(.text)
    HardFault_Handler                        0x000000eb   Thumb Code     2  startup_lpc17xx.o(.text)
    MemManage_Handler                        0x000000ed   Thumb Code     2  startup_lpc17xx.o(.text)
    BusFault_Handler                         0x000000ef   Thumb Code     2  startup_lpc17xx.o(.text)
    UsageFault_Handler                       0x000000f1   Thumb Code     2  startup_lpc17xx.o(.text)
    SVC_Handler                              0x000000f3   Thumb Code     2  startup_lpc17xx.o(.text)
    DebugMon_Handler                         0x000000f5   Thumb Code     2  startup_lpc17xx.o(.text)
    PendSV_Handler                           0x000000f7   Thumb Code     2  startup_lpc17xx.o(.text)
    ADC_IRQHandler                           0x000000fb   Thumb Code     0  startup_lpc17xx.o(.text)
    BOD_IRQHandler                           0x000000fb   Thumb Code     0  startup_lpc17xx.o(.text)
    CANActivity_IRQHandler                   0x000000fb   Thumb Code     0  startup_lpc17xx.o(.text)
    CAN_IRQHandler                           0x000000fb   Thumb Code     0  startup_lpc17xx.o(.text)
    DMA_IRQHandler                           0x000000fb   Thumb Code     0  startup_lpc17xx.o(.text)
    EINT0_IRQHandler                         0x000000fb   Thumb Code     0  startup_lpc17xx.o(.text)
    EINT1_IRQHandler                         0x000000fb   Thumb Code     0  startup_lpc17xx.o(.text)
    EINT2_IRQHandler                         0x000000fb   Thumb Code     0  startup_lpc17xx.o(.text)
    EINT3_IRQHandler                         0x000000fb   Thumb Code     0  startup_lpc17xx.o(.text)
    ENET_IRQHandler                          0x000000fb   Thumb Code     0  startup_lpc17xx.o(.text)
    I2C0_IRQHandler                          0x000000fb   Thumb Code     0  startup_lpc17xx.o(.text)
    I2C1_IRQHandler                          0x000000fb   Thumb Code     0  startup_lpc17xx.o(.text)
    I2C2_IRQHandler                          0x000000fb   Thumb Code     0  startup_lpc17xx.o(.text)
    I2S_IRQHandler                           0x000000fb   Thumb Code     0  startup_lpc17xx.o(.text)
    MCPWM_IRQHandler                         0x000000fb   Thumb Code     0  startup_lpc17xx.o(.text)
    PLL0_IRQHandler                          0x000000fb   Thumb Code     0  startup_lpc17xx.o(.text)
    PLL1_IRQHandler                          0x000000fb   Thumb Code     0  startup_lpc17xx.o(.text)
    PWM1_IRQHandler                          0x000000fb   Thumb Code     0  startup_lpc17xx.o(.text)
    QEI_IRQHandler                           0x000000fb   Thumb Code     0  startup_lpc17xx.o(.text)
    RIT_IRQHandler                           0x000000fb   Thumb Code     0  startup_lpc17xx.o(.text)
    RTC_IRQHandler                           0x000000fb   Thumb Code     0  startup_lpc17xx.o(.text)
    SPI_IRQHandler                           0x000000fb   Thumb Code     0  startup_lpc17xx.o(.text)
    SSP0_IRQHandler                          0x000000fb   Thumb Code     0  startup_lpc17xx.o(.text)
    SSP1_IRQHandler                          0x000000fb   Thumb Code     0  startup_lpc17xx.o(.text)
    TIMER0_IRQHandler                        0x000000fb   Thumb Code     0  startup_lpc17xx.o(.text)
    TIMER1_IRQHandler                        0x000000fb   Thumb Code     0  startup_lpc17xx.o(.text)
    TIMER2_IRQHandler                        0x000000fb   Thumb Code     0  startup_lpc17xx.o(.text)
    TIMER3_IRQHandler                        0x000000fb   Thumb Code     0  startup_lpc17xx.o(.text)
    UART2_IRQHandler                         0x000000fb   Thumb Code     0  startup_lpc17xx.o(.text)
    UART3_IRQHandler                         0x000000fb   Thumb Code     0  startup_lpc17xx.o(.text)
    USBActivity_IRQHandler                   0x000000fb   Thumb Code     0  startup_lpc17xx.o(.text)
    USB_IRQHandler                           0x000000fb   Thumb Code     0  startup_lpc17xx.o(.text)
    WDT_IRQHandler                           0x000000fb   Thumb Code     0  startup_lpc17xx.o(.text)
    calloc                                   0x00000105   Thumb Code    28  calloc.o(.text)
    __aeabi_dmul                             0x00000121   Thumb Code   228  dmul.o(.text)
    __aeabi_ddiv                             0x00000205   Thumb Code   222  ddiv.o(.text)
    __aeabi_ui2d                             0x000002e3   Thumb Code    26  dfltui.o(.text)
    __aeabi_f2d                              0x00000301   Thumb Code    38  f2d.o(.text)
    __aeabi_cdcmpeq                          0x00000329   Thumb Code     0  cdcmple.o(.text)
    __aeabi_cdcmple                          0x00000329   Thumb Code    48  cdcmple.o(.text)
    __aeabi_cdrcmple                         0x00000359   Thumb Code    48  cdrcmple.o(.text)
    __aeabi_d2f                              0x00000389   Thumb Code    56  d2f.o(.text)
    __aeabi_uidiv                            0x000003c1   Thumb Code     0  uidiv.o(.text)
    __aeabi_uidivmod                         0x000003c1   Thumb Code    44  uidiv.o(.text)
    __aeabi_llsl                             0x000003ed   Thumb Code    30  llshl.o(.text)
    _ll_shift_l                              0x000003ed   Thumb Code     0  llshl.o(.text)
    __aeabi_llsr                             0x0000040b   Thumb Code    32  llushr.o(.text)
    _ll_ushift_r                             0x0000040b   Thumb Code     0  llushr.o(.text)
    __I$use$fp                               0x0000042b   Thumb Code     0  iusefp.o(.text)
    _float_round                             0x0000042b   Thumb Code    18  fepilogue.o(.text)
    _float_epilogue                          0x0000043d   Thumb Code    92  fepilogue.o(.text)
    _double_round                            0x00000499   Thumb Code    30  depilogue.o(.text)
    _double_epilogue                         0x000004b7   Thumb Code   156  depilogue.o(.text)
    __scatterload                            0x00000555   Thumb Code    28  init.o(.text)
    __scatterload_rt2                        0x00000555   Thumb Code     0  init.o(.text)
    FSMFramework                             0x00000579   Thumb Code    20  p1_main.o(i.FSMFramework)
    Free                                     0x0000058d   Thumb Code     6  uart.o(i.Free)
    FreeRcv                                  0x00000595   Thumb Code    28  uart.o(i.FreeRcv)
    FreeSnd                                  0x000005b9   Thumb Code    28  uart.o(i.FreeSnd)
    Initialize                               0x0000063d   Thumb Code    68  startercode.o(i.Initialize)
    LogUpdate                                0x00000695   Thumb Code   406  p1_main.o(i.LogUpdate)
    PrintLog                                 0x00000849   Thumb Code    54  p1_main.o(i.PrintLog)
    ReadAndUpdate                            0x00000899   Thumb Code   244  p1_main.o(i.ReadAndUpdate)
    ReadJoystick                             0x000009a9   Thumb Code    12  startercode.o(i.ReadJoystick)
    ReadPotentiometer                        0x000009b9   Thumb Code    36  startercode.o(i.ReadPotentiometer)
    ReadPushbutton                           0x000009e1   Thumb Code    12  startercode.o(i.ReadPushbutton)
    SetLED                                   0x000009f1   Thumb Code    26  startercode.o(i.SetLED)
    SysTick_Handler                          0x00000a15   Thumb Code    74  p1_main.o(i.SysTick_Handler)
    SystemInit                               0x00000a71   Thumb Code   302  system_lpc17xx.o(i.SystemInit)
    UART0_IRQHandler                         0x00000bb1   Thumb Code    88  uart.o(i.UART0_IRQHandler)
    UART1_IRQHandler                         0x00000c19   Thumb Code    90  uart.o(i.UART1_IRQHandler)
    UARTInit                                 0x00000c89   Thumb Code   176  uart.o(i.UARTInit)
    UARTSendChar                             0x00000d45   Thumb Code    26  uart.o(i.UARTSendChar)
    __0printf$1                              0x00000d69   Thumb Code    22  printf1.o(i.__0printf$1)
    __1printf$1                              0x00000d69   Thumb Code     0  printf1.o(i.__0printf$1)
    __2printf                                0x00000d69   Thumb Code     0  printf1.o(i.__0printf$1)
    __scatterload_copy                       0x00000dab   Thumb Code    14  handlers.o(i.__scatterload_copy)
    __scatterload_null                       0x00000db9   Thumb Code     2  handlers.o(i.__scatterload_null)
    __scatterload_zeroinit                   0x00000dbb   Thumb Code    14  handlers.o(i.__scatterload_zeroinit)
    fputc                                    0x00000f1d   Thumb Code    14  retarget.o(i.fputc)
    free                                     0x00000f2d   Thumb Code    76  malloc.o(i.free)
    getFrequency                             0x00000f7d   Thumb Code    62  uart.o(i.getFrequency)
    main                                     0x00000fc5   Thumb Code    60  p1_main.o(i.main)
    malloc                                   0x00001031   Thumb Code    92  malloc.o(i.malloc)
    sendchar                                 0x0000109d   Thumb Code    64  retarget.o(i.sendchar)
    state0                                   0x000010e1   Thumb Code   130  p1_main.o(i.state0)
    state1                                   0x0000117d   Thumb Code   176  p1_main.o(i.state1)
    state2                                   0x00001249   Thumb Code   148  p1_main.o(i.state2)
    state3                                   0x000012f9   Thumb Code    56  p1_main.o(i.state3)
    led_pos                                  0x00001330   Data           8  startercode.o(.constdata)
    Region$$Table$$Base                      0x00001338   Number         0  anon$$obj.o(Region$$Table)
    Region$$Table$$Limit                     0x00001358   Number         0  anon$$obj.o(Region$$Table)
    joy_flag                                 0x10000010   Data           4  p1_main.o(.data)
    joy                                      0x10000014   Data           4  p1_main.o(.data)
    btn_flag                                 0x10000018   Data           4  p1_main.o(.data)
    brake_flag                               0x1000001c   Data           4  p1_main.o(.data)
    btn                                      0x10000020   Data           4  p1_main.o(.data)
    voltage                                  0x10000024   Data           4  p1_main.o(.data)
    item_count                               0x10000028   Data           4  p1_main.o(.data)
    total_time_elapsed                       0x1000002c   Data           4  p1_main.o(.data)
    time_elapsed_temp                        0x10000030   Data           4  p1_main.o(.data)
    head                                     0x10000034   Data           4  p1_main.o(.data)
    tail                                     0x10000038   Data           4  p1_main.o(.data)
    temp                                     0x1000003c   Data           4  p1_main.o(.data)
    uart_init_called                         0x10000040   Data           1  retarget.o(.data)
    __stdout                                 0x10000044   Data           4  retarget.o(.data)
    __stdin                                  0x10000048   Data           4  retarget.o(.data)
    ITM_RxBuffer                             0x1000004c   Data           4  uart.o(.data)
    UART0Status                              0x10000050   Data           4  uart.o(.data)
    UART1Status                              0x10000054   Data           4  uart.o(.data)
    UART0TxEmpty                             0x10000058   Data           1  uart.o(.data)
    UART1TxEmpty                             0x10000059   Data           1  uart.o(.data)
    UART0Count                               0x1000005c   Data           4  uart.o(.data)
    UART1Count                               0x10000060   Data           4  uart.o(.data)
    RcvLock0                                 0x10000064   Data           1  uart.o(.data)
    SndLock0                                 0x10000065   Data           1  uart.o(.data)
    RcvLock1                                 0x10000066   Data           1  uart.o(.data)
    SndLock1                                 0x10000067   Data           1  uart.o(.data)
    i                                        0x10000068   Data           4  uart.o(.data)
    SystemCoreClock                          0x1000006c   Data           4  system_lpc17xx.o(.data)
    __microlib_freelist                      0x10000070   Data           4  mvars.o(.data)
    __microlib_freelist_initialised          0x10000074   Data           4  mvars.o(.data)
    UART0Buffer                              0x10000078   Data          64  uart.o(.bss)
    UART1Buffer                              0x100000b8   Data          64  uart.o(.bss)
    __heap_base                              0x100000f8   Data           0  startup_lpc17xx.o(HEAP)
    __heap_limit                             0x100020f8   Data           0  startup_lpc17xx.o(HEAP)
    __initial_sp                             0x100040f8   Data           0  startup_lpc17xx.o(STACK)



==============================================================================

Memory Map of the image

  Image Entry point : 0x000000e1

  Load Region LR_1 (Base: 0x00000000, Size: 0x000013d0, Max: 0xffffffff, ABSOLUTE)

    Execution Region ER_RO (Exec base: 0x00000000, Load base: 0x00000000, Size: 0x00001358, Max: 0xffffffff, ABSOLUTE)

    Exec Addr    Load Addr    Size         Type   Attr      Idx    E Section Name        Object

    0x00000000   0x00000000   0x000000cc   Data   RO          368    RESET               startup_lpc17xx.o
    0x000000cc   0x000000cc   0x00000000   Code   RO          416  * .ARM.Collect$$$$00000000  mc_w.l(entry.o)
    0x000000cc   0x000000cc   0x00000004   Code   RO          726    .ARM.Collect$$$$00000001  mc_w.l(entry2.o)
    0x000000d0   0x000000d0   0x00000004   Code   RO          729    .ARM.Collect$$$$00000004  mc_w.l(entry5.o)
    0x000000d4   0x000000d4   0x00000000   Code   RO          731    .ARM.Collect$$$$00000008  mc_w.l(entry7b.o)
    0x000000d4   0x000000d4   0x00000000   Code   RO          733    .ARM.Collect$$$$0000000A  mc_w.l(entry8b.o)
    0x000000d4   0x000000d4   0x00000008   Code   RO          734    .ARM.Collect$$$$0000000B  mc_w.l(entry9a.o)
    0x000000dc   0x000000dc   0x00000000   Code   RO          736    .ARM.Collect$$$$0000000D  mc_w.l(entry10a.o)
    0x000000dc   0x000000dc   0x00000000   Code   RO          738    .ARM.Collect$$$$0000000F  mc_w.l(entry11a.o)
    0x000000dc   0x000000dc   0x00000004   Code   RO          727    .ARM.Collect$$$$00002712  mc_w.l(entry2.o)
    0x000000e0   0x000000e0   0x00000024   Code   RO          370  * .text               startup_lpc17xx.o
    0x00000104   0x00000104   0x0000001c   Code   RO          710    .text               mc_w.l(calloc.o)
    0x00000120   0x00000120   0x000000e4   Code   RO          712    .text               mf_w.l(dmul.o)
    0x00000204   0x00000204   0x000000de   Code   RO          714    .text               mf_w.l(ddiv.o)
    0x000002e2   0x000002e2   0x0000001a   Code   RO          716    .text               mf_w.l(dfltui.o)
    0x000002fc   0x000002fc   0x00000004   Code   RO          369    .ARM.__at_0x02FC    startup_lpc17xx.o
    0x00000300   0x00000300   0x00000026   Code   RO          718    .text               mf_w.l(f2d.o)
    0x00000326   0x00000326   0x00000002   PAD
    0x00000328   0x00000328   0x00000030   Code   RO          720    .text               mf_w.l(cdcmple.o)
    0x00000358   0x00000358   0x00000030   Code   RO          722    .text               mf_w.l(cdrcmple.o)
    0x00000388   0x00000388   0x00000038   Code   RO          724    .text               mf_w.l(d2f.o)
    0x000003c0   0x000003c0   0x0000002c   Code   RO          740    .text               mc_w.l(uidiv.o)
    0x000003ec   0x000003ec   0x0000001e   Code   RO          742    .text               mc_w.l(llshl.o)
    0x0000040a   0x0000040a   0x00000020   Code   RO          744    .text               mc_w.l(llushr.o)
    0x0000042a   0x0000042a   0x00000000   Code   RO          752    .text               mc_w.l(iusefp.o)
    0x0000042a   0x0000042a   0x0000006e   Code   RO          753    .text               mf_w.l(fepilogue.o)
    0x00000498   0x00000498   0x000000ba   Code   RO          755    .text               mf_w.l(depilogue.o)
    0x00000552   0x00000552   0x00000002   PAD
    0x00000554   0x00000554   0x00000024   Code   RO          761    .text               mc_w.l(init.o)
    0x00000578   0x00000578   0x00000014   Code   RO            4    i.FSMFramework      p1_main.o
    0x0000058c   0x0000058c   0x00000006   Code   RO          187    i.Free              uart.o
    0x00000592   0x00000592   0x00000002   PAD
    0x00000594   0x00000594   0x00000024   Code   RO          188    i.FreeRcv           uart.o
    0x000005b8   0x000005b8   0x00000024   Code   RO          189    i.FreeSnd           uart.o
    0x000005dc   0x000005dc   0x00000060   Code   RO            5    i.InitSysTick       p1_main.o
    0x0000063c   0x0000063c   0x00000058   Code   RO          305    i.Initialize        startercode.o
    0x00000694   0x00000694   0x000001b4   Code   RO            6    i.LogUpdate         p1_main.o
    0x00000848   0x00000848   0x00000050   Code   RO            7    i.PrintLog          p1_main.o
    0x00000898   0x00000898   0x00000110   Code   RO            8    i.ReadAndUpdate     p1_main.o
    0x000009a8   0x000009a8   0x00000010   Code   RO          306    i.ReadJoystick      startercode.o
    0x000009b8   0x000009b8   0x00000028   Code   RO          307    i.ReadPotentiometer  startercode.o
    0x000009e0   0x000009e0   0x00000010   Code   RO          308    i.ReadPushbutton    startercode.o
    0x000009f0   0x000009f0   0x00000024   Code   RO          309    i.SetLED            startercode.o
    0x00000a14   0x00000a14   0x0000005c   Code   RO            9    i.SysTick_Handler   p1_main.o
    0x00000a70   0x00000a70   0x00000140   Code   RO          380    i.SystemInit        system_lpc17xx.o
    0x00000bb0   0x00000bb0   0x00000068   Code   RO          193    i.UART0_IRQHandler  uart.o
    0x00000c18   0x00000c18   0x00000070   Code   RO          194    i.UART1_IRQHandler  uart.o
    0x00000c88   0x00000c88   0x000000bc   Code   RO          195    i.UARTInit          uart.o
    0x00000d44   0x00000d44   0x00000024   Code   RO          199    i.UARTSendChar      uart.o
    0x00000d68   0x00000d68   0x00000020   Code   RO          466    i.__0printf$1       mc_w.l(printf1.o)
    0x00000d88   0x00000d88   0x00000022   Code   RO          200    i.__NVIC_EnableIRQ  uart.o
    0x00000daa   0x00000daa   0x0000000e   Code   RO          767    i.__scatterload_copy  mc_w.l(handlers.o)
    0x00000db8   0x00000db8   0x00000002   Code   RO          768    i.__scatterload_null  mc_w.l(handlers.o)
    0x00000dba   0x00000dba   0x0000000e   Code   RO          769    i.__scatterload_zeroinit  mc_w.l(handlers.o)
    0x00000dc8   0x00000dc8   0x00000154   Code   RO          473    i._printf_core      mc_w.l(printf1.o)
    0x00000f1c   0x00000f1c   0x0000000e   Code   RO          127    i.fputc             retarget.o
    0x00000f2a   0x00000f2a   0x00000002   PAD
    0x00000f2c   0x00000f2c   0x00000050   Code   RO          682    i.free              mc_w.l(malloc.o)
    0x00000f7c   0x00000f7c   0x00000048   Code   RO          201    i.getFrequency      uart.o
    0x00000fc4   0x00000fc4   0x0000006c   Code   RO           10    i.main              p1_main.o
    0x00001030   0x00001030   0x0000006c   Code   RO          683    i.malloc            mc_w.l(malloc.o)
    0x0000109c   0x0000109c   0x00000044   Code   RO          129    i.sendchar          retarget.o
    0x000010e0   0x000010e0   0x0000009c   Code   RO           11    i.state0            p1_main.o
    0x0000117c   0x0000117c   0x000000cc   Code   RO           12    i.state1            p1_main.o
    0x00001248   0x00001248   0x000000b0   Code   RO           13    i.state2            p1_main.o
    0x000012f8   0x000012f8   0x00000038   Code   RO           14    i.state3            p1_main.o
    0x00001330   0x00001330   0x00000008   Data   RO          310    .constdata          startercode.o
    0x00001338   0x00001338   0x00000020   Data   RO          765    Region$$Table       anon$$obj.o


    Execution Region ER_RW (Exec base: 0x10000000, Load base: 0x00001358, Size: 0x00000078, Max: 0xffffffff, ABSOLUTE)

    Exec Addr    Load Addr    Size         Type   Attr      Idx    E Section Name        Object

    0x10000000   0x00001358   0x00000040   Data   RW           15    .data               p1_main.o
    0x10000040   0x00001398   0x0000000c   Data   RW          130    .data               retarget.o
    0x1000004c   0x000013a4   0x00000020   Data   RW          203    .data               uart.o
    0x1000006c   0x000013c4   0x00000004   Data   RW          381    .data               system_lpc17xx.o
    0x10000070   0x000013c8   0x00000004   Data   RW          750    .data               mc_w.l(mvars.o)
    0x10000074   0x000013cc   0x00000004   Data   RW          751    .data               mc_w.l(mvars.o)


    Execution Region ER_ZI (Exec base: 0x10000078, Load base: 0x000013d0, Size: 0x00004080, Max: 0xffffffff, ABSOLUTE)

    Exec Addr    Load Addr    Size         Type   Attr      Idx    E Section Name        Object

    0x10000078        -       0x00000080   Zero   RW          202    .bss                uart.o
    0x100000f8        -       0x00002000   Zero   RW          367    HEAP                startup_lpc17xx.o
    0x100020f8        -       0x00002000   Zero   RW          366    STACK               startup_lpc17xx.o


==============================================================================

Image component sizes


      Code (inc. data)   RO Data    RW Data    ZI Data      Debug   Object Name

      1696        246          0         64          0      54624   p1_main.o
        82          4          0         12          0       2818   retarget.o
       196         42          8          0          0       2608   startercode.o
        40         12        204          0      16384        924   startup_lpc17xx.o
       320         18          0          4          0        739   system_lpc17xx.o
       624         86          0         32        128      22279   uart.o

    ----------------------------------------------------------------------
      2962        408        244        112      16512      83992   Object Totals
         0          0         32          0          0          0   (incl. Generated)
         4          0          0          0          0          0   (incl. Padding)

    ----------------------------------------------------------------------

      Code (inc. data)   RO Data    RW Data    ZI Data      Debug   Library Member Name

        28          0          0          0          0         76   calloc.o
         0          0          0          0          0          0   entry.o
         0          0          0          0          0          0   entry10a.o
         0          0          0          0          0          0   entry11a.o
         8          4          0          0          0          0   entry2.o
         4          0          0          0          0          0   entry5.o
         0          0          0          0          0          0   entry7b.o
         0          0          0          0          0          0   entry8b.o
         8          4          0          0          0          0   entry9a.o
        30          0          0          0          0          0   handlers.o
        36          8          0          0          0         68   init.o
         0          0          0          0          0          0   iusefp.o
        30          0          0          0          0         68   llshl.o
        32          0          0          0          0         68   llushr.o
       188         20          0          0          0        160   malloc.o
         0          0          0          8          0          0   mvars.o
       372         14          0          0          0        184   printf1.o
        44          0          0          0          0         80   uidiv.o
        48          0          0          0          0         68   cdcmple.o
        48          0          0          0          0         68   cdrcmple.o
        56          0          0          0          0         88   d2f.o
       222          0          0          0          0        100   ddiv.o
       186          0          0          0          0        176   depilogue.o
        26          0          0          0          0         76   dfltui.o
       228          0          0          0          0         96   dmul.o
        38          0          0          0          0         68   f2d.o
       110          0          0          0          0        168   fepilogue.o

    ----------------------------------------------------------------------
      1746         50          0          8          0       1612   Library Totals
         4          0          0          0          0          0   (incl. Padding)

    ----------------------------------------------------------------------

      Code (inc. data)   RO Data    RW Data    ZI Data      Debug   Library Name

       780         50          0          8          0        704   mc_w.l
       962          0          0          0          0        908   mf_w.l

    ----------------------------------------------------------------------
      1746         50          0          8          0       1612   Library Totals

    ----------------------------------------------------------------------

==============================================================================


      Code (inc. data)   RO Data    RW Data    ZI Data      Debug   

      4708        458        244        120      16512      83624   Grand Totals
      4708        458        244        120      16512      83624   ELF Image Totals
      4708        458        244        120          0          0   ROM Totals

==============================================================================

    Total RO  Size (Code + RO Data)                 4952 (   4.84kB)
    Total RW  Size (RW Data + ZI Data)             16632 (  16.24kB)
    Total ROM Size (Code + RO Data + RW Data)       5072 (   4.95kB)

==============================================================================

